Archive member included to satisfy reference by file (symbol)

c:/program files/stmicroelectronics/stm32cubeide_1.12.0/stm32cubeide/plugins/com.st.stm32cube.ide.mcu.externaltools.gnu-tools-for-stm32.10.3-2021.10.win32_1.0.200.202301161003/tools/bin/../lib/gcc/arm-none-eabi/10.3.1/../../../../arm-none-eabi/lib/thumb/v7e-m+fp/hard\libc_nano.a(lib_a-errno.o)
                              ./Core/Src/syscalls.o (__errno)
c:/program files/stmicroelectronics/stm32cubeide_1.12.0/stm32cubeide/plugins/com.st.stm32cube.ide.mcu.externaltools.gnu-tools-for-stm32.10.3-2021.10.win32_1.0.200.202301161003/tools/bin/../lib/gcc/arm-none-eabi/10.3.1/../../../../arm-none-eabi/lib/thumb/v7e-m+fp/hard\libc_nano.a(lib_a-exit.o)
                              c:/program files/stmicroelectronics/stm32cubeide_1.12.0/stm32cubeide/plugins/com.st.stm32cube.ide.mcu.externaltools.gnu-tools-for-stm32.10.3-2021.10.win32_1.0.200.202301161003/tools/bin/../lib/gcc/arm-none-eabi/10.3.1/../../../../arm-none-eabi/lib/thumb/v7e-m+fp/hard/crt0.o (exit)
c:/program files/stmicroelectronics/stm32cubeide_1.12.0/stm32cubeide/plugins/com.st.stm32cube.ide.mcu.externaltools.gnu-tools-for-stm32.10.3-2021.10.win32_1.0.200.202301161003/tools/bin/../lib/gcc/arm-none-eabi/10.3.1/../../../../arm-none-eabi/lib/thumb/v7e-m+fp/hard\libc_nano.a(lib_a-impure.o)
                              c:/program files/stmicroelectronics/stm32cubeide_1.12.0/stm32cubeide/plugins/com.st.stm32cube.ide.mcu.externaltools.gnu-tools-for-stm32.10.3-2021.10.win32_1.0.200.202301161003/tools/bin/../lib/gcc/arm-none-eabi/10.3.1/../../../../arm-none-eabi/lib/thumb/v7e-m+fp/hard\libc_nano.a(lib_a-exit.o) (_global_impure_ptr)
c:/program files/stmicroelectronics/stm32cubeide_1.12.0/stm32cubeide/plugins/com.st.stm32cube.ide.mcu.externaltools.gnu-tools-for-stm32.10.3-2021.10.win32_1.0.200.202301161003/tools/bin/../lib/gcc/arm-none-eabi/10.3.1/../../../../arm-none-eabi/lib/thumb/v7e-m+fp/hard\libc_nano.a(lib_a-init.o)
                              c:/program files/stmicroelectronics/stm32cubeide_1.12.0/stm32cubeide/plugins/com.st.stm32cube.ide.mcu.externaltools.gnu-tools-for-stm32.10.3-2021.10.win32_1.0.200.202301161003/tools/bin/../lib/gcc/arm-none-eabi/10.3.1/../../../../arm-none-eabi/lib/thumb/v7e-m+fp/hard/crt0.o (__libc_init_array)
c:/program files/stmicroelectronics/stm32cubeide_1.12.0/stm32cubeide/plugins/com.st.stm32cube.ide.mcu.externaltools.gnu-tools-for-stm32.10.3-2021.10.win32_1.0.200.202301161003/tools/bin/../lib/gcc/arm-none-eabi/10.3.1/../../../../arm-none-eabi/lib/thumb/v7e-m+fp/hard\libc_nano.a(lib_a-memset.o)
                              c:/program files/stmicroelectronics/stm32cubeide_1.12.0/stm32cubeide/plugins/com.st.stm32cube.ide.mcu.externaltools.gnu-tools-for-stm32.10.3-2021.10.win32_1.0.200.202301161003/tools/bin/../lib/gcc/arm-none-eabi/10.3.1/../../../../arm-none-eabi/lib/thumb/v7e-m+fp/hard/crt0.o (memset)
c:/program files/stmicroelectronics/stm32cubeide_1.12.0/stm32cubeide/plugins/com.st.stm32cube.ide.mcu.externaltools.gnu-tools-for-stm32.10.3-2021.10.win32_1.0.200.202301161003/tools/bin/../lib/gcc/arm-none-eabi/10.3.1/../../../../arm-none-eabi/lib/thumb/v7e-m+fp/hard\libc_nano.a(lib_a-puts.o)
                              ./Core/Src/main.o (puts)
c:/program files/stmicroelectronics/stm32cubeide_1.12.0/stm32cubeide/plugins/com.st.stm32cube.ide.mcu.externaltools.gnu-tools-for-stm32.10.3-2021.10.win32_1.0.200.202301161003/tools/bin/../lib/gcc/arm-none-eabi/10.3.1/../../../../arm-none-eabi/lib/thumb/v7e-m+fp/hard\libc_nano.a(lib_a-wbuf.o)
                              c:/program files/stmicroelectronics/stm32cubeide_1.12.0/stm32cubeide/plugins/com.st.stm32cube.ide.mcu.externaltools.gnu-tools-for-stm32.10.3-2021.10.win32_1.0.200.202301161003/tools/bin/../lib/gcc/arm-none-eabi/10.3.1/../../../../arm-none-eabi/lib/thumb/v7e-m+fp/hard\libc_nano.a(lib_a-puts.o) (__swbuf_r)
c:/program files/stmicroelectronics/stm32cubeide_1.12.0/stm32cubeide/plugins/com.st.stm32cube.ide.mcu.externaltools.gnu-tools-for-stm32.10.3-2021.10.win32_1.0.200.202301161003/tools/bin/../lib/gcc/arm-none-eabi/10.3.1/../../../../arm-none-eabi/lib/thumb/v7e-m+fp/hard\libc_nano.a(lib_a-wsetup.o)
                              c:/program files/stmicroelectronics/stm32cubeide_1.12.0/stm32cubeide/plugins/com.st.stm32cube.ide.mcu.externaltools.gnu-tools-for-stm32.10.3-2021.10.win32_1.0.200.202301161003/tools/bin/../lib/gcc/arm-none-eabi/10.3.1/../../../../arm-none-eabi/lib/thumb/v7e-m+fp/hard\libc_nano.a(lib_a-puts.o) (__swsetup_r)
c:/program files/stmicroelectronics/stm32cubeide_1.12.0/stm32cubeide/plugins/com.st.stm32cube.ide.mcu.externaltools.gnu-tools-for-stm32.10.3-2021.10.win32_1.0.200.202301161003/tools/bin/../lib/gcc/arm-none-eabi/10.3.1/../../../../arm-none-eabi/lib/thumb/v7e-m+fp/hard\libc_nano.a(lib_a-fflush.o)
[...]
Memory Configuration

Name             Origin             Length             Attributes
RAM              0x0000000020000000 0x0000000000040000 xrw
FLASH            0x0000000008000000 0x0000000000040000 xr
*default*        0x0000000000000000 0xffffffffffffffff

Linker script and memory map

LOAD c:/program files/stmicroelectronics/stm32cubeide_1.12.0/stm32cubeide/plugins/com.st.stm32cube.ide.mcu.externaltools.gnu-tools-for-stm32.10.3-2021.10.win32_1.0.200.202301161003/tools/bin/../lib/gcc/arm-none-eabi/10.3.1/thumb/v7e-m+fp/hard/crti.o
LOAD c:/program files/stmicroelectronics/stm32cubeide_1.12.0/stm32cubeide/plugins/com.st.stm32cube.ide.mcu.externaltools.gnu-tools-for-stm32.10.3-2021.10.win32_1.0.200.202301161003/tools/bin/../lib/gcc/arm-none-eabi/10.3.1/thumb/v7e-m+fp/hard/crtbegin.o
LOAD c:/program files/stmicroelectronics/stm32cubeide_1.12.0/stm32cubeide/plugins/com.st.stm32cube.ide.mcu.externaltools.gnu-tools-for-stm32.10.3-2021.10.win32_1.0.200.202301161003/tools/bin/../lib/gcc/arm-none-eabi/10.3.1/../../../../arm-none-eabi/lib/thumb/v7e-m+fp/hard/crt0.o
LOAD ./Core/Src/FlashUtils.o
LOAD ./Core/Src/HardwareUtils.o
LOAD ./Core/Src/PC_Communication.o
LOAD ./Core/Src/PD_Communication.o
LOAD ./Core/Src/Platform.o
LOAD ./Core/Src/PlatformMeasurements.o
LOAD ./Core/Src/Utils.o
LOAD ./Core/Src/main.o
LOAD ./Core/Src/stm32f7xx_hal_msp.o
LOAD ./Core/Src/stm32f7xx_it.o
LOAD ./Core/Src/syscalls.o
LOAD ./Core/Src/sysmem.o
LOAD ./Core/Src/system_stm32f7xx.o
LOAD ./Core/Startup/startup_stm32f722vctx.o
LOAD ./Drivers/STM32F7xx_HAL_Driver/Src/stm32f7xx_hal.o
LOAD ./Drivers/STM32F7xx_HAL_Driver/Src/stm32f7xx_hal_cortex.o
LOAD ./Drivers/STM32F7xx_HAL_Driver/Src/stm32f7xx_hal_dma.o
LOAD ./Drivers/STM32F7xx_HAL_Driver/Src/stm32f7xx_hal_dma_ex.o
LOAD ./Drivers/STM32F7xx_HAL_Driver/Src/stm32f7xx_hal_exti.o
LOAD ./Drivers/STM32F7xx_HAL_Driver/Src/stm32f7xx_hal_flash.o
LOAD ./Drivers/STM32F7xx_HAL_Driver/Src/stm32f7xx_hal_flash_ex.o
LOAD ./Drivers/STM32F7xx_HAL_Driver/Src/stm32f7xx_hal_gpio.o
LOAD ./Drivers/STM32F7xx_HAL_Driver/Src/stm32f7xx_hal_i2c.o
LOAD ./Drivers/STM32F7xx_HAL_Driver/Src/stm32f7xx_hal_i2c_ex.o
LOAD ./Drivers/STM32F7xx_HAL_Driver/Src/stm32f7xx_hal_iwdg.o
LOAD ./Drivers/STM32F7xx_HAL_Driver/Src/stm32f7xx_hal_pwr.o
LOAD ./Drivers/STM32F7xx_HAL_Driver/Src/stm32f7xx_hal_pwr_ex.o
LOAD ./Drivers/STM32F7xx_HAL_Driver/Src/stm32f7xx_hal_rcc.o
LOAD ./Drivers/STM32F7xx_HAL_Driver/Src/stm32f7xx_hal_rcc_ex.o
LOAD ./Drivers/STM32F7xx_HAL_Driver/Src/stm32f7xx_hal_spi.o
LOAD ./Drivers/STM32F7xx_HAL_Driver/Src/stm32f7xx_hal_spi_ex.o
LOAD ./Drivers/STM32F7xx_HAL_Driver/Src/stm32f7xx_hal_tim.o
LOAD ./Drivers/STM32F7xx_HAL_Driver/Src/stm32f7xx_hal_tim_ex.o
LOAD ./Drivers/STM32F7xx_HAL_Driver/Src/stm32f7xx_hal_uart.o
LOAD ./Drivers/STM32F7xx_HAL_Driver/Src/stm32f7xx_hal_uart_ex.o
START GROUP
LOAD c:/program files/stmicroelectronics/stm32cubeide_1.12.0/stm32cubeide/plugins/com.st.stm32cube.ide.mcu.externaltools.gnu-tools-for-stm32.10.3-2021.10.win32_1.0.200.202301161003/tools/bin/../lib/gcc/arm-none-eabi/10.3.1/../../../../arm-none-eabi/lib/thumb/v7e-m+fp/hard\libc_nano.a
LOAD c:/program files/stmicroelectronics/stm32cubeide_1.12.0/stm32cubeide/plugins/com.st.stm32cube.ide.mcu.externaltools.gnu-tools-for-stm32.10.3-2021.10.win32_1.0.200.202301161003/tools/bin/../lib/gcc/arm-none-eabi/10.3.1/../../../../arm-none-eabi/lib/thumb/v7e-m+fp/hard\libm.a
END GROUP
START GROUP
LOAD c:/program files/stmicroelectronics/stm32cubeide_1.12.0/stm32cubeide/plugins/com.st.stm32cube.ide.mcu.externaltools.gnu-tools-for-stm32.10.3-2021.10.win32_1.0.200.202301161003/tools/bin/../lib/gcc/arm-none-eabi/10.3.1/thumb/v7e-m+fp/hard\libgcc.a
LOAD c:/program files/stmicroelectronics/stm32cubeide_1.12.0/stm32cubeide/plugins/com.st.stm32cube.ide.mcu.externaltools.gnu-tools-for-stm32.10.3-2021.10.win32_1.0.200.202301161003/tools/bin/../lib/gcc/arm-none-eabi/10.3.1/../../../../arm-none-eabi/lib/thumb/v7e-m+fp/hard\libc_nano.a
END GROUP
START GROUP
LOAD c:/program files/stmicroelectronics/stm32cubeide_1.12.0/stm32cubeide/plugins/com.st.stm32cube.ide.mcu.externaltools.gnu-tools-for-stm32.10.3-2021.10.win32_1.0.200.202301161003/tools/bin/../lib/gcc/arm-none-eabi/10.3.1/thumb/v7e-m+fp/hard\libgcc.a
LOAD c:/program files/stmicroelectronics/stm32cubeide_1.12.0/stm32cubeide/plugins/com.st.stm32cube.ide.mcu.externaltools.gnu-tools-for-stm32.10.3-2021.10.win32_1.0.200.202301161003/tools/bin/../lib/gcc/arm-none-eabi/10.3.1/../../../../arm-none-eabi/lib/thumb/v7e-m+fp/hard\libc_nano.a
LOAD c:/program files/stmicroelectronics/stm32cubeide_1.12.0/stm32cubeide/plugins/com.st.stm32cube.ide.mcu.externaltools.gnu-tools-for-stm32.10.3-2021.10.win32_1.0.200.202301161003/tools/bin/../lib/gcc/arm-none-eabi/10.3.1/../../../../arm-none-eabi/lib/thumb/v7e-m+fp/hard\libnosys.a
END GROUP
START GROUP
LOAD c:/program files/stmicroelectronics/stm32cubeide_1.12.0/stm32cubeide/plugins/com.st.stm32cube.ide.mcu.externaltools.gnu-tools-for-stm32.10.3-2021.10.win32_1.0.200.202301161003/tools/bin/../lib/gcc/arm-none-eabi/10.3.1/thumb/v7e-m+fp/hard\libgcc.a
LOAD c:/program files/stmicroelectronics/stm32cubeide_1.12.0/stm32cubeide/plugins/com.st.stm32cube.ide.mcu.externaltools.gnu-tools-for-stm32.10.3-2021.10.win32_1.0.200.202301161003/tools/bin/../lib/gcc/arm-none-eabi/10.3.1/../../../../arm-none-eabi/lib/thumb/v7e-m+fp/hard\libc_nano.a
LOAD c:/program files/stmicroelectronics/stm32cubeide_1.12.0/stm32cubeide/plugins/com.st.stm32cube.ide.mcu.externaltools.gnu-tools-for-stm32.10.3-2021.10.win32_1.0.200.202301161003/tools/bin/../lib/gcc/arm-none-eabi/10.3.1/../../../../arm-none-eabi/lib/thumb/v7e-m+fp/hard\libnosys.a
END GROUP
LOAD c:/program files/stmicroelectronics/stm32cubeide_1.12.0/stm32cubeide/plugins/com.st.stm32cube.ide.mcu.externaltools.gnu-tools-for-stm32.10.3-2021.10.win32_1.0.200.202301161003/tools/bin/../lib/gcc/arm-none-eabi/10.3.1/thumb/v7e-m+fp/hard/crtend.o
LOAD c:/program files/stmicroelectronics/stm32cubeide_1.12.0/stm32cubeide/plugins/com.st.stm32cube.ide.mcu.externaltools.gnu-tools-for-stm32.10.3-2021.10.win32_1.0.200.202301161003/tools/bin/../lib/gcc/arm-none-eabi/10.3.1/thumb/v7e-m+fp/hard/crtn.o
                0x0000000020040000                _estack = (ORIGIN (RAM) + LENGTH (RAM))
                0x0000000000000200                _Min_Heap_Size = 0x200
                0x0000000000000400                _Min_Stack_Size = 0x400

.isr_vector     0x0000000008000000      0x1e0
                0x0000000008000000                . = ALIGN (0x4)
 *(.isr_vector)
 .isr_vector    0x0000000008000000      0x1e0 ./Core/Startup/startup_stm32f722vctx.o
                0x0000000008000000                g_pfnVectors
                0x00000000080001e0                . = ALIGN (0x4)

.text           0x00000000080001e0     0xbdc8
                0x00000000080001e0                . = ALIGN (0x4)
 *(.text)
 .text          0x00000000080001e0       0x40 c:/program files/stmicroelectronics/stm32cubeide_1.12.0/stm32cubeide/plugins/com.st.stm32cube.ide.mcu.externaltools.gnu-tools-for-stm32.10.3-2021.10.win32_1.0.200.202301161003/tools/bin/../lib/gcc/arm-none-eabi/10.3.1/thumb/v7e-m+fp/hard/crtbegin.o
 .text          0x0000000008000220       0x30 c:/program files/stmicroelectronics/stm32cubeide_1.12.0/stm32cubeide/plugins/com.st.stm32cube.ide.mcu.externaltools.gnu-tools-for-stm32.10.3-2021.10.win32_1.0.200.202301161003/tools/bin/../lib/gcc/arm-none-eabi/10.3.1/thumb/v7e-m+fp/hard\libgcc.a(_aeabi_uldivmod.o)
                0x0000000008000220                __aeabi_uldivmod
 .text          0x0000000008000250      0x2d0 c:/program files/stmicroelectronics/stm32cubeide_1.12.0/stm32cubeide/plugins/com.st.stm32cube.ide.mcu.externaltools.gnu-tools-for-stm32.10.3-2021.10.win32_1.0.200.202301161003/tools/bin/../lib/gcc/arm-none-eabi/10.3.1/thumb/v7e-m+fp/hard\libgcc.a(_udivmoddi4.o)
                0x0000000008000250                __udivmoddi4
 .text          0x0000000008000520        0x4 c:/program files/stmicroelectronics/stm32cubeide_1.12.0/stm32cubeide/plugins/com.st.stm32cube.ide.mcu.externaltools.gnu-tools-for-stm32.10.3-2021.10.win32_1.0.200.202301161003/tools/bin/../lib/gcc/arm-none-eabi/10.3.1/thumb/v7e-m+fp/hard\libgcc.a(_dvmd_tls.o)
                0x0000000008000520                __aeabi_idiv0
                0x0000000008000520                __aeabi_ldiv0
 *(.text*)
 .text.FlashEraseInit
                0x0000000008000524       0x30 ./Core/Src/FlashUtils.o
                0x0000000008000524                FlashEraseInit
 .text.WriteToFlash
                0x0000000008000554       0x9c ./Core/Src/FlashUtils.o
                0x0000000008000554                WriteToFlash
 .text.ReadFlash
                0x00000000080005f0       0x6c ./Core/Src/FlashUtils.o
                0x00000000080005f0                ReadFlash
 .text.usDelay  0x000000000800065c       0x34 ./Core/Src/HardwareUtils.o
                0x000000000800065c                usDelay
 .text.setNVICPriority
                0x0000000008000690       0xea ./Core/Src/HardwareUtils.o
                0x0000000008000690                setNVICPriority
 .text.resetNVICPriority
                0x000000000800077a       0x88 ./Core/Src/HardwareUtils.o
                0x000000000800077a                resetNVICPriority
 *fill*         0x0000000008000802        0x2 
 .text.startMotorRotation
                0x0000000008000804       0xc8 ./Core/Src/Platform.o
                0x0000000008000804                startMotorRotation
 .text.calcRangeBoundaries
                0x00000000080008cc       0x60 ./Core/Src/Platform.o
                0x00000000080008cc                calcRangeBoundaries
 .text.stopMotorRotationReq
                0x000000000800092c       0x28 ./Core/Src/Platform.o
                0x000000000800092c                stopMotorRotationReq
 .text.stopMotorRotation
                0x0000000008000954       0x64 ./Core/Src/Platform.o
                0x0000000008000954                stopMotorRotation
 .text.setPeriodAccelTimer
                0x00000000080009b8       0xa8 ./Core/Src/Platform.o
                0x00000000080009b8                setPeriodAccelTimer
 .text.setMotorFrequency
                0x0000000008000a60       0x8c ./Core/Src/Platform.o
                0x0000000008000a60                setMotorFrequency
 .text.setEncoderPollFrequency
                0x0000000008000aec       0x24 ./Core/Src/Platform.o
                0x0000000008000aec                setEncoderPollFrequency
 .text.setMotorFrequency__
                0x0000000008000b10       0x70 ./Core/Src/Platform.o
                0x0000000008000b10                setMotorFrequency__
 .text.clearBuffer
                0x0000000008000b80       0x38 ./Core/Src/Utils.o
                0x0000000008000b80                clearBuffer
 .text.clearSpecifiedElemOfBuffer
                0x0000000008000bb8       0x3c ./Core/Src/Utils.o
                0x0000000008000bb8                clearSpecifiedElemOfBuffer
 .text.calculateMedianVal
                0x0000000008000bf4       0x90 ./Core/Src/Utils.o
                0x0000000008000bf4                calculateMedianVal
 .text.swap     0x0000000008000c84       0x2a ./Core/Src/Utils.o
                0x0000000008000c84                swap
 .text.bubbleSort
                0x0000000008000cae       0x7e ./Core/Src/Utils.o
                0x0000000008000cae                bubbleSort
 .text.main     0x0000000008000d2c      0x7d0 ./Core/Src/main.o
                0x0000000008000d2c                main
 .text.SystemClock_Config
                0x00000000080014fc       0xdc ./Core/Src/main.o
                0x00000000080014fc                SystemClock_Config
 .text.MX_IWDG_Init
                0x00000000080015d8       0x3c ./Core/Src/main.o
 .text.MX_SPI3_Init
                0x0000000008001614       0x7c ./Core/Src/main.o
 .text.MX_SPI4_Init
                0x0000000008001690       0x7c ./Core/Src/main.o
 .text.MX_TIM2_Init
                0x000000000800170c       0x9c ./Core/Src/main.o
 .text.MX_TIM3_Init
                0x00000000080017a8       0xa0 ./Core/Src/main.o
 .text.MX_TIM4_Init
                0x0000000008001848       0x9c ./Core/Src/main.o
 .text.MX_TIM5_Init
                0x00000000080018e4       0xa0 ./Core/Src/main.o
 .text.MX_TIM6_Init
                0x0000000008001984       0x6c ./Core/Src/main.o
 .text.MX_TIM7_Init
                0x00000000080019f0       0x6c ./Core/Src/main.o
 .text.MX_TIM10_Init
                0x0000000008001a5c       0x48 ./Core/Src/main.o
 .text.MX_TIM11_Init
                0x0000000008001aa4       0x48 ./Core/Src/main.o
 .text.MX_TIM12_Init
                0x0000000008001aec       0x74 ./Core/Src/main.o
 .text.MX_TIM13_Init
                0x0000000008001b60       0x48 ./Core/Src/main.o
 .text.MX_TIM14_Init
                0x0000000008001ba8       0x48 ./Core/Src/main.o
 .text.MX_USART1_UART_Init
                0x0000000008001bf0       0x70 ./Core/Src/main.o
 .text.MX_USART3_UART_Init
                0x0000000008001c60       0x78 ./Core/Src/main.o
 .text.MX_DMA_Init
                0x0000000008001cd8       0xa4 ./Core/Src/main.o
 .text.MX_GPIO_Init
                0x0000000008001d7c      0x11c ./Core/Src/main.o
 .text.parser   0x0000000008001e98     0x12f8 ./Core/Src/main.o
                0x0000000008001e98                parser
 .text.stepDriver
                0x0000000008003190       0xd8 ./Core/Src/main.o
                0x0000000008003190                stepDriver
 .text.changeMotorDirection
                0x0000000008003268      0x13c ./Core/Src/main.o
                0x0000000008003268                changeMotorDirection
 .text.__io_putchar
                0x00000000080033a4       0x24 ./Core/Src/main.o
                0x00000000080033a4                __io_putchar
 .text.HAL_UART_RxCpltCallback
                0x00000000080033c8       0xf0 ./Core/Src/main.o
                0x00000000080033c8                HAL_UART_RxCpltCallback
 .text.HAL_SPI_RxCpltCallback
                0x00000000080034b8       0xf4 ./Core/Src/main.o
                0x00000000080034b8                HAL_SPI_RxCpltCallback
 .text.createResponsePacket
                0x00000000080035ac      0x1bc ./Core/Src/main.o
                0x00000000080035ac                createResponsePacket
 .text.createDataPacket
                0x0000000008003768       0x98 ./Core/Src/main.o
                0x0000000008003768                createDataPacket
 .text.calculateEncPosition
                0x0000000008003800       0x98 ./Core/Src/main.o
                0x0000000008003800                calculateEncPosition
 .text.getADCAmplifierVal
                0x0000000008003898       0xdc ./Core/Src/main.o
                0x0000000008003898                getADCAmplifierVal
 .text.getADCAmplifierValInverted
                0x0000000008003974       0xdc ./Core/Src/main.o
                0x0000000008003974                getADCAmplifierValInverted
 .text.checkCRCPhotodetectorData
                0x0000000008003a50       0x9c ./Core/Src/main.o
                0x0000000008003a50                checkCRCPhotodetectorData
 .text.createErrorResponse
                0x0000000008003aec       0x48 ./Core/Src/main.o
                0x0000000008003aec                createErrorResponse
 .text.handleTestAngleOffset
                0x0000000008003b34       0x84 ./Core/Src/main.o
                0x0000000008003b34                handleTestAngleOffset
 .text.handleMovingToStartOffset
                0x0000000008003bb8       0xb8 ./Core/Src/main.o
                0x0000000008003bb8                handleMovingToStartOffset
 .text.handleTestTurn
                0x0000000008003c70       0x88 ./Core/Src/main.o
                0x0000000008003c70                handleTestTurn
 .text.handleHorizontalMeasurement
                0x0000000008003cf8      0x33c ./Core/Src/main.o
                0x0000000008003cf8                handleHorizontalMeasurement
 .text.handleHorizontalMeasurementVertPlatf
                0x0000000008004034      0x33c ./Core/Src/main.o
                0x0000000008004034                handleHorizontalMeasurementVertPlatf
 .text.handleVerticalMeasurement
                0x0000000008004370      0x36c ./Core/Src/main.o
                0x0000000008004370                handleVerticalMeasurement
 .text.reverseHorizontalMeasurement
                0x00000000080046dc      0x228 ./Core/Src/main.o
                0x00000000080046dc                reverseHorizontalMeasurement
 .text.calculateRequiredDataNum
                0x0000000008004904       0x44 ./Core/Src/main.o
                0x0000000008004904                calculateRequiredDataNum
 .text.getTimeOffset
                0x0000000008004948       0xac ./Core/Src/main.o
                0x0000000008004948                getTimeOffset
 .text.convertAdcValues
                0x00000000080049f4       0x90 ./Core/Src/main.o
                0x00000000080049f4                convertAdcValues
 .text.setPlatformParam
                0x0000000008004a84      0x19c ./Core/Src/main.o
                0x0000000008004a84                setPlatformParam
 .text.DeviceInit
                0x0000000008004c20      0x170 ./Core/Src/main.o
                0x0000000008004c20                DeviceInit
 .text.DeviceReset
                0x0000000008004d90      0x188 ./Core/Src/main.o
                0x0000000008004d90                DeviceReset
 .text.checkCRC_PCData
                0x0000000008004f18       0xb4 ./Core/Src/main.o
                0x0000000008004f18                checkCRC_PCData
 .text.HAL_UART_ErrorCallback
                0x0000000008004fcc       0xa0 ./Core/Src/main.o
                0x0000000008004fcc                HAL_UART_ErrorCallback
 .text.Error_Handler
                0x000000000800506c        0xa ./Core/Src/main.o
                0x000000000800506c                Error_Handler
 *fill*         0x0000000008005076        0x2 
 .text.HAL_MspInit
                0x0000000008005078       0x48 ./Core/Src/stm32f7xx_hal_msp.o
                0x0000000008005078                HAL_MspInit
 .text.HAL_SPI_MspInit
                0x00000000080050c0      0x2b8 ./Core/Src/stm32f7xx_hal_msp.o
                0x00000000080050c0                HAL_SPI_MspInit
 .text.HAL_TIM_Base_MspInit
                0x0000000008005378      0x268 ./Core/Src/stm32f7xx_hal_msp.o
                0x0000000008005378                HAL_TIM_Base_MspInit
 .text.HAL_UART_MspInit
                0x00000000080055e0      0x238 ./Core/Src/stm32f7xx_hal_msp.o
                0x00000000080055e0                HAL_UART_MspInit
 .text.HAL_UART_MspDeInit
                0x0000000008005818       0x88 ./Core/Src/stm32f7xx_hal_msp.o
                0x0000000008005818                HAL_UART_MspDeInit
 .text.NMI_Handler
                0x00000000080058a0        0x6 ./Core/Src/stm32f7xx_it.o
                0x00000000080058a0                NMI_Handler
 .text.HardFault_Handler
                0x00000000080058a6        0x6 ./Core/Src/stm32f7xx_it.o
                0x00000000080058a6                HardFault_Handler
 .text.MemManage_Handler
                0x00000000080058ac        0x6 ./Core/Src/stm32f7xx_it.o
                0x00000000080058ac                MemManage_Handler
 .text.BusFault_Handler
                0x00000000080058b2        0x6 ./Core/Src/stm32f7xx_it.o
                0x00000000080058b2                BusFault_Handler
 .text.UsageFault_Handler
                0x00000000080058b8        0x6 ./Core/Src/stm32f7xx_it.o
                0x00000000080058b8                UsageFault_Handler
 .text.SVC_Handler
                0x00000000080058be        0xe ./Core/Src/stm32f7xx_it.o
                0x00000000080058be                SVC_Handler
 .text.DebugMon_Handler
                0x00000000080058cc        0xe ./Core/Src/stm32f7xx_it.o
                0x00000000080058cc                DebugMon_Handler
 .text.PendSV_Handler
                0x00000000080058da        0xe ./Core/Src/stm32f7xx_it.o
                0x00000000080058da                PendSV_Handler
 .text.SysTick_Handler
                0x00000000080058e8        0xc ./Core/Src/stm32f7xx_it.o
                0x00000000080058e8                SysTick_Handler
 .text.DMA1_Stream0_IRQHandler
                0x00000000080058f4       0x14 ./Core/Src/stm32f7xx_it.o
                0x00000000080058f4                DMA1_Stream0_IRQHandler
 .text.DMA1_Stream1_IRQHandler
                0x0000000008005908       0x14 ./Core/Src/stm32f7xx_it.o
                0x0000000008005908                DMA1_Stream1_IRQHandler
 .text.DMA1_Stream5_IRQHandler
                0x000000000800591c       0x14 ./Core/Src/stm32f7xx_it.o
                0x000000000800591c                DMA1_Stream5_IRQHandler
 .text.TIM1_UP_TIM10_IRQHandler
                0x0000000008005930       0x1c ./Core/Src/stm32f7xx_it.o
                0x0000000008005930                TIM1_UP_TIM10_IRQHandler
 .text.TIM1_TRG_COM_TIM11_IRQHandler
                0x000000000800594c       0x18 ./Core/Src/stm32f7xx_it.o
                0x000000000800594c                TIM1_TRG_COM_TIM11_IRQHandler
 .text.TIM2_IRQHandler
                0x0000000008005964       0x28 ./Core/Src/stm32f7xx_it.o
                0x0000000008005964                TIM2_IRQHandler
 .text.TIM3_IRQHandler
                0x000000000800598c       0x28 ./Core/Src/stm32f7xx_it.o
                0x000000000800598c                TIM3_IRQHandler
 .text.TIM4_IRQHandler
                0x00000000080059b4       0x1c ./Core/Src/stm32f7xx_it.o
                0x00000000080059b4                TIM4_IRQHandler
 .text.USART1_IRQHandler
                0x00000000080059d0       0x14 ./Core/Src/stm32f7xx_it.o
                0x00000000080059d0                USART1_IRQHandler
 .text.USART3_IRQHandler
                0x00000000080059e4       0x14 ./Core/Src/stm32f7xx_it.o
                0x00000000080059e4                USART3_IRQHandler
 .text.TIM8_BRK_TIM12_IRQHandler
                0x00000000080059f8       0x1c ./Core/Src/stm32f7xx_it.o
                0x00000000080059f8                TIM8_BRK_TIM12_IRQHandler
 .text.TIM8_UP_TIM13_IRQHandler
                0x0000000008005a14       0x40 ./Core/Src/stm32f7xx_it.o
                0x0000000008005a14                TIM8_UP_TIM13_IRQHandler
 .text.TIM8_TRG_COM_TIM14_IRQHandler
                0x0000000008005a54       0x1c ./Core/Src/stm32f7xx_it.o
                0x0000000008005a54                TIM8_TRG_COM_TIM14_IRQHandler
 .text.TIM5_IRQHandler
                0x0000000008005a70       0x6c ./Core/Src/stm32f7xx_it.o
                0x0000000008005a70                TIM5_IRQHandler
 .text.TIM7_IRQHandler
                0x0000000008005adc       0x54 ./Core/Src/stm32f7xx_it.o
                0x0000000008005adc                TIM7_IRQHandler
 .text.DMA2_Stream0_IRQHandler
                0x0000000008005b30       0x14 ./Core/Src/stm32f7xx_it.o
                0x0000000008005b30                DMA2_Stream0_IRQHandler
 .text.DMA2_Stream1_IRQHandler
                0x0000000008005b44       0x14 ./Core/Src/stm32f7xx_it.o
                0x0000000008005b44                DMA2_Stream1_IRQHandler
 .text.DMA2_Stream2_IRQHandler
                0x0000000008005b58       0x14 ./Core/Src/stm32f7xx_it.o
                0x0000000008005b58                DMA2_Stream2_IRQHandler
 .text._read    0x0000000008005b6c       0x3a ./Core/Src/syscalls.o
                0x0000000008005b6c                _read
 .text._write   0x0000000008005ba6       0x38 ./Core/Src/syscalls.o
                0x0000000008005ba6                _write
 .text._close   0x0000000008005bde       0x18 ./Core/Src/syscalls.o
                0x0000000008005bde                _close
 .text._fstat   0x0000000008005bf6       0x20 ./Core/Src/syscalls.o
                0x0000000008005bf6                _fstat
 .text._isatty  0x0000000008005c16       0x16 ./Core/Src/syscalls.o
                0x0000000008005c16                _isatty
 .text._lseek   0x0000000008005c2c       0x1a ./Core/Src/syscalls.o
                0x0000000008005c2c                _lseek
 *fill*         0x0000000008005c46        0x2 
 .text._sbrk    0x0000000008005c48       0x6c ./Core/Src/sysmem.o
                0x0000000008005c48                _sbrk
 .text.SystemInit
                0x0000000008005cb4       0x24 ./Core/Src/system_stm32f7xx.o
                0x0000000008005cb4                SystemInit
 .text.Reset_Handler
                0x0000000008005cd8       0x50 ./Core/Startup/startup_stm32f722vctx.o
                0x0000000008005cd8                Reset_Handler
 .text.Default_Handler
                0x0000000008005d28        0x2 ./Core/Startup/startup_stm32f722vctx.o
                0x0000000008005d28                RTC_Alarm_IRQHandler
                0x0000000008005d28                EXTI2_IRQHandler
                0x0000000008005d28                TIM8_CC_IRQHandler
                0x0000000008005d28                UART8_IRQHandler
                0x0000000008005d28                SPI4_IRQHandler
                0x0000000008005d28                TIM1_CC_IRQHandler
                0x0000000008005d28                DMA2_Stream5_IRQHandler
                0x0000000008005d28                PVD_IRQHandler
                0x0000000008005d28                TAMP_STAMP_IRQHandler
                0x0000000008005d28                EXTI3_IRQHandler
                0x0000000008005d28                I2C3_ER_IRQHandler
                0x0000000008005d28                EXTI0_IRQHandler
                0x0000000008005d28                I2C2_EV_IRQHandler
                0x0000000008005d28                DMA1_Stream2_IRQHandler
                0x0000000008005d28                CAN1_RX0_IRQHandler
                0x0000000008005d28                FPU_IRQHandler
                0x0000000008005d28                OTG_HS_WKUP_IRQHandler
                0x0000000008005d28                SPI1_IRQHandler
                0x0000000008005d28                TIM6_DAC_IRQHandler
                0x0000000008005d28                TIM1_BRK_TIM9_IRQHandler
                0x0000000008005d28                DMA2_Stream3_IRQHandler
                0x0000000008005d28                SAI2_IRQHandler
                0x0000000008005d28                USART6_IRQHandler
                0x0000000008005d28                CAN1_RX1_IRQHandler
                0x0000000008005d28                UART5_IRQHandler
                0x0000000008005d28                QUADSPI_IRQHandler
                0x0000000008005d28                I2C1_EV_IRQHandler
                0x0000000008005d28                DMA1_Stream6_IRQHandler
                0x0000000008005d28                UART4_IRQHandler
                0x0000000008005d28                RCC_IRQHandler
                0x0000000008005d28                Default_Handler
                0x0000000008005d28                EXTI15_10_IRQHandler
                0x0000000008005d28                ADC_IRQHandler
                0x0000000008005d28                DMA1_Stream7_IRQHandler
                0x0000000008005d28                SPI5_IRQHandler
                0x0000000008005d28                SDMMC1_IRQHandler
                0x0000000008005d28                DMA2_Stream7_IRQHandler
                0x0000000008005d28                I2C3_EV_IRQHandler
                0x0000000008005d28                EXTI9_5_IRQHandler
                0x0000000008005d28                RTC_WKUP_IRQHandler
                0x0000000008005d28                SPI2_IRQHandler
                0x0000000008005d28                OTG_HS_EP1_IN_IRQHandler
                0x0000000008005d28                CAN1_TX_IRQHandler
                0x0000000008005d28                EXTI4_IRQHandler
                0x0000000008005d28                RNG_IRQHandler
                0x0000000008005d28                OTG_HS_EP1_OUT_IRQHandler
                0x0000000008005d28                WWDG_IRQHandler
                0x0000000008005d28                OTG_FS_WKUP_IRQHandler
                0x0000000008005d28                OTG_HS_IRQHandler
                0x0000000008005d28                EXTI1_IRQHandler
                0x0000000008005d28                SDMMC2_IRQHandler
                0x0000000008005d28                UART7_IRQHandler
                0x0000000008005d28                USART2_IRQHandler
                0x0000000008005d28                I2C2_ER_IRQHandler
                0x0000000008005d28                CAN1_SCE_IRQHandler
                0x0000000008005d28                FLASH_IRQHandler
                0x0000000008005d28                DMA2_Stream4_IRQHandler
                0x0000000008005d28                OTG_FS_IRQHandler
                0x0000000008005d28                SPI3_IRQHandler
                0x0000000008005d28                DMA1_Stream4_IRQHandler
                0x0000000008005d28                I2C1_ER_IRQHandler
                0x0000000008005d28                FMC_IRQHandler
                0x0000000008005d28                LPTIM1_IRQHandler
                0x0000000008005d28                DMA2_Stream6_IRQHandler
                0x0000000008005d28                SAI1_IRQHandler
                0x0000000008005d28                DMA1_Stream3_IRQHandler
 .text.HAL_Init
                0x0000000008005d2a       0x1a ./Drivers/STM32F7xx_HAL_Driver/Src/stm32f7xx_hal.o
                0x0000000008005d2a                HAL_Init
 .text.HAL_InitTick
                0x0000000008005d44       0x60 ./Drivers/STM32F7xx_HAL_Driver/Src/stm32f7xx_hal.o
                0x0000000008005d44                HAL_InitTick
 .text.HAL_IncTick
                0x0000000008005da4       0x28 ./Drivers/STM32F7xx_HAL_Driver/Src/stm32f7xx_hal.o
                0x0000000008005da4                HAL_IncTick
 .text.HAL_GetTick
                0x0000000008005dcc       0x18 ./Drivers/STM32F7xx_HAL_Driver/Src/stm32f7xx_hal.o
                0x0000000008005dcc                HAL_GetTick
 .text.HAL_Delay
                0x0000000008005de4       0x48 ./Drivers/STM32F7xx_HAL_Driver/Src/stm32f7xx_hal.o
                0x0000000008005de4                HAL_Delay
 .text.__NVIC_SetPriorityGrouping
                0x0000000008005e2c       0x48 ./Drivers/STM32F7xx_HAL_Driver/Src/stm32f7xx_hal_cortex.o
 .text.__NVIC_GetPriorityGrouping
                0x0000000008005e74       0x1c ./Drivers/STM32F7xx_HAL_Driver/Src/stm32f7xx_hal_cortex.o
 .text.__NVIC_EnableIRQ
                0x0000000008005e90       0x3c ./Drivers/STM32F7xx_HAL_Driver/Src/stm32f7xx_hal_cortex.o
 .text.__NVIC_DisableIRQ
                0x0000000008005ecc       0x48 ./Drivers/STM32F7xx_HAL_Driver/Src/stm32f7xx_hal_cortex.o
 .text.__NVIC_SetPriority
                0x0000000008005f14       0x54 ./Drivers/STM32F7xx_HAL_Driver/Src/stm32f7xx_hal_cortex.o
 .text.NVIC_EncodePriority
                0x0000000008005f68       0x66 ./Drivers/STM32F7xx_HAL_Driver/Src/stm32f7xx_hal_cortex.o
 *fill*         0x0000000008005fce        0x2 
 .text.SysTick_Config
                0x0000000008005fd0       0x44 ./Drivers/STM32F7xx_HAL_Driver/Src/stm32f7xx_hal_cortex.o
 .text.HAL_NVIC_SetPriorityGrouping
                0x0000000008006014       0x16 ./Drivers/STM32F7xx_HAL_Driver/Src/stm32f7xx_hal_cortex.o
                0x0000000008006014                HAL_NVIC_SetPriorityGrouping
 .text.HAL_NVIC_SetPriority
                0x000000000800602a       0x38 ./Drivers/STM32F7xx_HAL_Driver/Src/stm32f7xx_hal_cortex.o
                0x000000000800602a                HAL_NVIC_SetPriority
 .text.HAL_NVIC_EnableIRQ
                0x0000000008006062       0x1c ./Drivers/STM32F7xx_HAL_Driver/Src/stm32f7xx_hal_cortex.o
                0x0000000008006062                HAL_NVIC_EnableIRQ
 .text.HAL_NVIC_DisableIRQ
                0x000000000800607e       0x1c ./Drivers/STM32F7xx_HAL_Driver/Src/stm32f7xx_hal_cortex.o
                0x000000000800607e                HAL_NVIC_DisableIRQ
 .text.HAL_SYSTICK_Config
                0x000000000800609a       0x18 ./Drivers/STM32F7xx_HAL_Driver/Src/stm32f7xx_hal_cortex.o
                0x000000000800609a                HAL_SYSTICK_Config
 *fill*         0x00000000080060b2        0x2 
 .text.HAL_DMA_Init
                0x00000000080060b4      0x15c ./Drivers/STM32F7xx_HAL_Driver/Src/stm32f7xx_hal_dma.o
                0x00000000080060b4                HAL_DMA_Init
 .text.HAL_DMA_DeInit
                0x0000000008006210       0xbc ./Drivers/STM32F7xx_HAL_Driver/Src/stm32f7xx_hal_dma.o
                0x0000000008006210                HAL_DMA_DeInit
 .text.HAL_DMA_Start_IT
                0x00000000080062cc       0xc0 ./Drivers/STM32F7xx_HAL_Driver/Src/stm32f7xx_hal_dma.o
                0x00000000080062cc                HAL_DMA_Start_IT
 .text.HAL_DMA_Abort
                0x000000000800638c       0xe0 ./Drivers/STM32F7xx_HAL_Driver/Src/stm32f7xx_hal_dma.o
                0x000000000800638c                HAL_DMA_Abort
 .text.HAL_DMA_Abort_IT
                0x000000000800646c       0x44 ./Drivers/STM32F7xx_HAL_Driver/Src/stm32f7xx_hal_dma.o
                0x000000000800646c                HAL_DMA_Abort_IT
 .text.HAL_DMA_IRQHandler
                0x00000000080064b0      0x314 ./Drivers/STM32F7xx_HAL_Driver/Src/stm32f7xx_hal_dma.o
                0x00000000080064b0                HAL_DMA_IRQHandler
 .text.HAL_DMA_GetError
                0x00000000080067c4       0x18 ./Drivers/STM32F7xx_HAL_Driver/Src/stm32f7xx_hal_dma.o
                0x00000000080067c4                HAL_DMA_GetError
 .text.DMA_SetConfig
                0x00000000080067dc       0x5c ./Drivers/STM32F7xx_HAL_Driver/Src/stm32f7xx_hal_dma.o
 .text.DMA_CalcBaseAndBitshift
                0x0000000008006838       0x6c ./Drivers/STM32F7xx_HAL_Driver/Src/stm32f7xx_hal_dma.o
 .text.DMA_CheckFifoParam
                0x00000000080068a4       0xf8 ./Drivers/STM32F7xx_HAL_Driver/Src/stm32f7xx_hal_dma.o
 .text.HAL_FLASH_Program
                0x000000000800699c       0xb4 ./Drivers/STM32F7xx_HAL_Driver/Src/stm32f7xx_hal_flash.o
                0x000000000800699c                HAL_FLASH_Program
 .text.HAL_FLASH_Unlock
                0x0000000008006a50       0x44 ./Drivers/STM32F7xx_HAL_Driver/Src/stm32f7xx_hal_flash.o
                0x0000000008006a50                HAL_FLASH_Unlock
 .text.HAL_FLASH_Lock
                0x0000000008006a94       0x20 ./Drivers/STM32F7xx_HAL_Driver/Src/stm32f7xx_hal_flash.o
                0x0000000008006a94                HAL_FLASH_Lock
 .text.FLASH_WaitForLastOperation
                0x0000000008006ab4       0x80 ./Drivers/STM32F7xx_HAL_Driver/Src/stm32f7xx_hal_flash.o
                0x0000000008006ab4                FLASH_WaitForLastOperation
 .text.FLASH_Program_DoubleWord
                0x0000000008006b34       0x6c ./Drivers/STM32F7xx_HAL_Driver/Src/stm32f7xx_hal_flash.o
 .text.FLASH_Program_Word
                0x0000000008006ba0       0x4c ./Drivers/STM32F7xx_HAL_Driver/Src/stm32f7xx_hal_flash.o
 .text.FLASH_Program_HalfWord
                0x0000000008006bec       0x4c ./Drivers/STM32F7xx_HAL_Driver/Src/stm32f7xx_hal_flash.o
 .text.FLASH_Program_Byte
                0x0000000008006c38       0x48 ./Drivers/STM32F7xx_HAL_Driver/Src/stm32f7xx_hal_flash.o
 .text.FLASH_SetErrorCode
                0x0000000008006c80       0xb0 ./Drivers/STM32F7xx_HAL_Driver/Src/stm32f7xx_hal_flash.o
 .text.HAL_FLASHEx_Erase
                0x0000000008006d30       0xd4 ./Drivers/STM32F7xx_HAL_Driver/Src/stm32f7xx_hal_flash_ex.o
                0x0000000008006d30                HAL_FLASHEx_Erase
 .text.FLASH_MassErase
                0x0000000008006e04       0x4c ./Drivers/STM32F7xx_HAL_Driver/Src/stm32f7xx_hal_flash_ex.o
 .text.FLASH_Erase_Sector
                0x0000000008006e50       0x98 ./Drivers/STM32F7xx_HAL_Driver/Src/stm32f7xx_hal_flash_ex.o
                0x0000000008006e50                FLASH_Erase_Sector
 .text.HAL_GPIO_Init
                0x0000000008006ee8      0x338 ./Drivers/STM32F7xx_HAL_Driver/Src/stm32f7xx_hal_gpio.o
                0x0000000008006ee8                HAL_GPIO_Init
 .text.HAL_GPIO_DeInit
                0x0000000008007220      0x1f8 ./Drivers/STM32F7xx_HAL_Driver/Src/stm32f7xx_hal_gpio.o
                0x0000000008007220                HAL_GPIO_DeInit
 .text.HAL_GPIO_WritePin
                0x0000000008007418       0x32 ./Drivers/STM32F7xx_HAL_Driver/Src/stm32f7xx_hal_gpio.o
                0x0000000008007418                HAL_GPIO_WritePin
 .text.HAL_GPIO_TogglePin
                0x000000000800744a       0x34 ./Drivers/STM32F7xx_HAL_Driver/Src/stm32f7xx_hal_gpio.o
                0x000000000800744a                HAL_GPIO_TogglePin
 .text.HAL_IWDG_Init
                0x000000000800747e       0xa2 ./Drivers/STM32F7xx_HAL_Driver/Src/stm32f7xx_hal_iwdg.o
                0x000000000800747e                HAL_IWDG_Init
 .text.HAL_IWDG_Refresh
                0x0000000008007520       0x20 ./Drivers/STM32F7xx_HAL_Driver/Src/stm32f7xx_hal_iwdg.o
                0x0000000008007520                HAL_IWDG_Refresh
 .text.HAL_PWREx_EnableOverDrive
                0x0000000008007540       0xa0 ./Drivers/STM32F7xx_HAL_Driver/Src/stm32f7xx_hal_pwr_ex.o
                0x0000000008007540                HAL_PWREx_EnableOverDrive
 .text.HAL_RCC_OscConfig
                0x00000000080075e0      0x548 ./Drivers/STM32F7xx_HAL_Driver/Src/stm32f7xx_hal_rcc.o
                0x00000000080075e0                HAL_RCC_OscConfig
 .text.HAL_RCC_ClockConfig
                0x0000000008007b28      0x1d8 ./Drivers/STM32F7xx_HAL_Driver/Src/stm32f7xx_hal_rcc.o
                0x0000000008007b28                HAL_RCC_ClockConfig
 .text.HAL_RCC_GetSysClockFreq
                0x0000000008007d00      0x208 ./Drivers/STM32F7xx_HAL_Driver/Src/stm32f7xx_hal_rcc.o
                0x0000000008007d00                HAL_RCC_GetSysClockFreq
 .text.HAL_RCC_GetHCLKFreq
                0x0000000008007f08       0x18 ./Drivers/STM32F7xx_HAL_Driver/Src/stm32f7xx_hal_rcc.o
                0x0000000008007f08                HAL_RCC_GetHCLKFreq
 .text.HAL_RCC_GetPCLK1Freq
                0x0000000008007f20       0x28 ./Drivers/STM32F7xx_HAL_Driver/Src/stm32f7xx_hal_rcc.o
                0x0000000008007f20                HAL_RCC_GetPCLK1Freq
 .text.HAL_RCC_GetPCLK2Freq
                0x0000000008007f48       0x28 ./Drivers/STM32F7xx_HAL_Driver/Src/stm32f7xx_hal_rcc.o
                0x0000000008007f48                HAL_RCC_GetPCLK2Freq
 .text.HAL_RCCEx_PeriphCLKConfig
                0x0000000008007f70      0x694 ./Drivers/STM32F7xx_HAL_Driver/Src/stm32f7xx_hal_rcc_ex.o
                0x0000000008007f70                HAL_RCCEx_PeriphCLKConfig
 .text.HAL_SPI_Init
                0x0000000008008604      0x156 ./Drivers/STM32F7xx_HAL_Driver/Src/stm32f7xx_hal_spi.o
                0x0000000008008604                HAL_SPI_Init
 *fill*         0x000000000800875a        0x2 
 .text.HAL_SPI_Receive_DMA
                0x000000000800875c      0x240 ./Drivers/STM32F7xx_HAL_Driver/Src/stm32f7xx_hal_spi.o
                0x000000000800875c                HAL_SPI_Receive_DMA
 .text.HAL_SPI_TransmitReceive_DMA
                0x000000000800899c      0x30c ./Drivers/STM32F7xx_HAL_Driver/Src/stm32f7xx_hal_spi.o
                0x000000000800899c                HAL_SPI_TransmitReceive_DMA
 .text.HAL_SPI_TxRxCpltCallback
                0x0000000008008ca8       0x14 ./Drivers/STM32F7xx_HAL_Driver/Src/stm32f7xx_hal_spi.o
                0x0000000008008ca8                HAL_SPI_TxRxCpltCallback
 .text.HAL_SPI_RxHalfCpltCallback
                0x0000000008008cbc       0x14 ./Drivers/STM32F7xx_HAL_Driver/Src/stm32f7xx_hal_spi.o
                0x0000000008008cbc                HAL_SPI_RxHalfCpltCallback
 .text.HAL_SPI_TxRxHalfCpltCallback
                0x0000000008008cd0       0x14 ./Drivers/STM32F7xx_HAL_Driver/Src/stm32f7xx_hal_spi.o
                0x0000000008008cd0                HAL_SPI_TxRxHalfCpltCallback
 .text.HAL_SPI_ErrorCallback
                0x0000000008008ce4       0x14 ./Drivers/STM32F7xx_HAL_Driver/Src/stm32f7xx_hal_spi.o
                0x0000000008008ce4                HAL_SPI_ErrorCallback
 .text.SPI_DMAReceiveCplt
                0x0000000008008cf8       0xaa ./Drivers/STM32F7xx_HAL_Driver/Src/stm32f7xx_hal_spi.o
 .text.SPI_DMATransmitReceiveCplt
                0x0000000008008da2       0x92 ./Drivers/STM32F7xx_HAL_Driver/Src/stm32f7xx_hal_spi.o
 .text.SPI_DMAHalfReceiveCplt
                0x0000000008008e34       0x1c ./Drivers/STM32F7xx_HAL_Driver/Src/stm32f7xx_hal_spi.o
 .text.SPI_DMAHalfTransmitReceiveCplt
                0x0000000008008e50       0x1c ./Drivers/STM32F7xx_HAL_Driver/Src/stm32f7xx_hal_spi.o
 .text.SPI_DMAError
                0x0000000008008e6c       0x40 ./Drivers/STM32F7xx_HAL_Driver/Src/stm32f7xx_hal_spi.o
 .text.SPI_WaitFlagStateUntilTimeout
                0x0000000008008eac      0x110 ./Drivers/STM32F7xx_HAL_Driver/Src/stm32f7xx_hal_spi.o
 .text.SPI_WaitFifoStateUntilTimeout
                0x0000000008008fbc      0x12c ./Drivers/STM32F7xx_HAL_Driver/Src/stm32f7xx_hal_spi.o
 .text.SPI_EndRxTransaction
                0x00000000080090e8       0xf8 ./Drivers/STM32F7xx_HAL_Driver/Src/stm32f7xx_hal_spi.o
 .text.SPI_EndRxTxTransaction
                0x00000000080091e0       0xd4 ./Drivers/STM32F7xx_HAL_Driver/Src/stm32f7xx_hal_spi.o
 .text.HAL_TIM_Base_Init
                0x00000000080092b4       0xae ./Drivers/STM32F7xx_HAL_Driver/Src/stm32f7xx_hal_tim.o
                0x00000000080092b4                HAL_TIM_Base_Init
 *fill*         0x0000000008009362        0x2 
 .text.HAL_TIM_Base_Start
                0x0000000008009364       0xe0 ./Drivers/STM32F7xx_HAL_Driver/Src/stm32f7xx_hal_tim.o
                0x0000000008009364                HAL_TIM_Base_Start
 .text.HAL_TIM_Base_Stop
                0x0000000008009444       0x50 ./Drivers/STM32F7xx_HAL_Driver/Src/stm32f7xx_hal_tim.o
                0x0000000008009444                HAL_TIM_Base_Stop
 .text.HAL_TIM_Base_Start_IT
                0x0000000008009494       0xf0 ./Drivers/STM32F7xx_HAL_Driver/Src/stm32f7xx_hal_tim.o
                0x0000000008009494                HAL_TIM_Base_Start_IT
 .text.HAL_TIM_Base_Stop_IT
                0x0000000008009584       0x60 ./Drivers/STM32F7xx_HAL_Driver/Src/stm32f7xx_hal_tim.o
                0x0000000008009584                HAL_TIM_Base_Stop_IT
 .text.HAL_TIM_IRQHandler
                0x00000000080095e4      0x20e ./Drivers/STM32F7xx_HAL_Driver/Src/stm32f7xx_hal_tim.o
                0x00000000080095e4                HAL_TIM_IRQHandler
 *fill*         0x00000000080097f2        0x2 
 .text.HAL_TIM_ConfigClockSource
                0x00000000080097f4      0x194 ./Drivers/STM32F7xx_HAL_Driver/Src/stm32f7xx_hal_tim.o
                0x00000000080097f4                HAL_TIM_ConfigClockSource
 .text.HAL_TIM_PeriodElapsedCallback
                0x0000000008009988       0x14 ./Drivers/STM32F7xx_HAL_Driver/Src/stm32f7xx_hal_tim.o
                0x0000000008009988                HAL_TIM_PeriodElapsedCallback
 .text.HAL_TIM_OC_DelayElapsedCallback
                0x000000000800999c       0x14 ./Drivers/STM32F7xx_HAL_Driver/Src/stm32f7xx_hal_tim.o
                0x000000000800999c                HAL_TIM_OC_DelayElapsedCallback
 .text.HAL_TIM_IC_CaptureCallback
                0x00000000080099b0       0x14 ./Drivers/STM32F7xx_HAL_Driver/Src/stm32f7xx_hal_tim.o
                0x00000000080099b0                HAL_TIM_IC_CaptureCallback
 .text.HAL_TIM_PWM_PulseFinishedCallback
                0x00000000080099c4       0x14 ./Drivers/STM32F7xx_HAL_Driver/Src/stm32f7xx_hal_tim.o
                0x00000000080099c4                HAL_TIM_PWM_PulseFinishedCallback
 .text.HAL_TIM_TriggerCallback
                0x00000000080099d8       0x14 ./Drivers/STM32F7xx_HAL_Driver/Src/stm32f7xx_hal_tim.o
                0x00000000080099d8                HAL_TIM_TriggerCallback
 .text.TIM_Base_SetConfig
                0x00000000080099ec      0x14c ./Drivers/STM32F7xx_HAL_Driver/Src/stm32f7xx_hal_tim.o
                0x00000000080099ec                TIM_Base_SetConfig
 .text.TIM_TI1_ConfigInputStage
                0x0000000008009b38       0x5e ./Drivers/STM32F7xx_HAL_Driver/Src/stm32f7xx_hal_tim.o
 .text.TIM_TI2_ConfigInputStage
                0x0000000008009b96       0x60 ./Drivers/STM32F7xx_HAL_Driver/Src/stm32f7xx_hal_tim.o
 .text.TIM_ITRx_SetConfig
                0x0000000008009bf6       0x36 ./Drivers/STM32F7xx_HAL_Driver/Src/stm32f7xx_hal_tim.o
 .text.TIM_ETR_SetConfig
                0x0000000008009c2c       0x40 ./Drivers/STM32F7xx_HAL_Driver/Src/stm32f7xx_hal_tim.o
                0x0000000008009c2c                TIM_ETR_SetConfig
 .text.HAL_TIMEx_MasterConfigSynchronization
                0x0000000008009c6c      0x11c ./Drivers/STM32F7xx_HAL_Driver/Src/stm32f7xx_hal_tim_ex.o
                0x0000000008009c6c                HAL_TIMEx_MasterConfigSynchronization
 .text.HAL_TIMEx_CommutCallback
                0x0000000008009d88       0x14 ./Drivers/STM32F7xx_HAL_Driver/Src/stm32f7xx_hal_tim_ex.o
                0x0000000008009d88                HAL_TIMEx_CommutCallback
 .text.HAL_TIMEx_BreakCallback
                0x0000000008009d9c       0x14 ./Drivers/STM32F7xx_HAL_Driver/Src/stm32f7xx_hal_tim_ex.o
                0x0000000008009d9c                HAL_TIMEx_BreakCallback
 .text.HAL_TIMEx_Break2Callback
                0x0000000008009db0       0x14 ./Drivers/STM32F7xx_HAL_Driver/Src/stm32f7xx_hal_tim_ex.o
                0x0000000008009db0                HAL_TIMEx_Break2Callback
 .text.HAL_UART_Init
                0x0000000008009dc4       0x9c ./Drivers/STM32F7xx_HAL_Driver/Src/stm32f7xx_hal_uart.o
                0x0000000008009dc4                HAL_UART_Init
 .text.HAL_UART_DeInit
                0x0000000008009e60       0x7a ./Drivers/STM32F7xx_HAL_Driver/Src/stm32f7xx_hal_uart.o
                0x0000000008009e60                HAL_UART_DeInit
 .text.HAL_UART_Transmit
                0x0000000008009eda      0x112 ./Drivers/STM32F7xx_HAL_Driver/Src/stm32f7xx_hal_uart.o
                0x0000000008009eda                HAL_UART_Transmit
 .text.HAL_UART_Receive_DMA
                0x0000000008009fec       0x88 ./Drivers/STM32F7xx_HAL_Driver/Src/stm32f7xx_hal_uart.o
                0x0000000008009fec                HAL_UART_Receive_DMA
 .text.HAL_UART_DMAStop
                0x000000000800a074      0x124 ./Drivers/STM32F7xx_HAL_Driver/Src/stm32f7xx_hal_uart.o
                0x000000000800a074                HAL_UART_DMAStop
 .text.HAL_UART_IRQHandler
                0x000000000800a198      0x5d8 ./Drivers/STM32F7xx_HAL_Driver/Src/stm32f7xx_hal_uart.o
                0x000000000800a198                HAL_UART_IRQHandler
 .text.HAL_UART_TxCpltCallback
                0x000000000800a770       0x14 ./Drivers/STM32F7xx_HAL_Driver/Src/stm32f7xx_hal_uart.o
                0x000000000800a770                HAL_UART_TxCpltCallback
 .text.HAL_UART_RxHalfCpltCallback
                0x000000000800a784       0x14 ./Drivers/STM32F7xx_HAL_Driver/Src/stm32f7xx_hal_uart.o
                0x000000000800a784                HAL_UART_RxHalfCpltCallback
 .text.HAL_UARTEx_RxEventCallback
                0x000000000800a798       0x18 ./Drivers/STM32F7xx_HAL_Driver/Src/stm32f7xx_hal_uart.o
                0x000000000800a798                HAL_UARTEx_RxEventCallback
 .text.UART_SetConfig
                0x000000000800a7b0      0x4c8 ./Drivers/STM32F7xx_HAL_Driver/Src/stm32f7xx_hal_uart.o
                0x000000000800a7b0                UART_SetConfig
 .text.UART_AdvFeatureConfig
                0x000000000800ac78      0x144 ./Drivers/STM32F7xx_HAL_Driver/Src/stm32f7xx_hal_uart.o
                0x000000000800ac78                UART_AdvFeatureConfig
 .text.UART_CheckIdleState
                0x000000000800adbc       0xae ./Drivers/STM32F7xx_HAL_Driver/Src/stm32f7xx_hal_uart.o
                0x000000000800adbc                UART_CheckIdleState
 .text.UART_WaitOnFlagUntilTimeout
                0x000000000800ae6a       0xda ./Drivers/STM32F7xx_HAL_Driver/Src/stm32f7xx_hal_uart.o
                0x000000000800ae6a                UART_WaitOnFlagUntilTimeout
 .text.UART_Start_Receive_DMA
                0x000000000800af44      0x140 ./Drivers/STM32F7xx_HAL_Driver/Src/stm32f7xx_hal_uart.o
                0x000000000800af44                UART_Start_Receive_DMA
 .text.UART_EndTxTransfer
                0x000000000800b084       0x4c ./Drivers/STM32F7xx_HAL_Driver/Src/stm32f7xx_hal_uart.o
 .text.UART_EndRxTransfer
                0x000000000800b0d0       0xc8 ./Drivers/STM32F7xx_HAL_Driver/Src/stm32f7xx_hal_uart.o
 .text.UART_DMAReceiveCplt
                0x000000000800b198      0x15e ./Drivers/STM32F7xx_HAL_Driver/Src/stm32f7xx_hal_uart.o
 .text.UART_DMARxHalfCplt
                0x000000000800b2f6       0x72 ./Drivers/STM32F7xx_HAL_Driver/Src/stm32f7xx_hal_uart.o
 .text.UART_DMAError
                0x000000000800b368       0x7e ./Drivers/STM32F7xx_HAL_Driver/Src/stm32f7xx_hal_uart.o
 .text.UART_DMAAbortOnError
                0x000000000800b3e6       0x24 ./Drivers/STM32F7xx_HAL_Driver/Src/stm32f7xx_hal_uart.o
 .text.UART_EndTransmit_IT
                0x000000000800b40a       0x54 ./Drivers/STM32F7xx_HAL_Driver/Src/stm32f7xx_hal_uart.o
 *fill*         0x000000000800b45e        0x2 
 .text.HAL_RS485Ex_Init
                0x000000000800b460       0xd0 ./Drivers/STM32F7xx_HAL_Driver/Src/stm32f7xx_hal_uart_ex.o
                0x000000000800b460                HAL_RS485Ex_Init
 .text.__errno  0x000000000800b530        0xc c:/program files/stmicroelectronics/stm32cubeide_1.12.0/stm32cubeide/plugins/com.st.stm32cube.ide.mcu.externaltools.gnu-tools-for-stm32.10.3-2021.10.win32_1.0.200.202301161003/tools/bin/../lib/gcc/arm-none-eabi/10.3.1/../../../../arm-none-eabi/lib/thumb/v7e-m+fp/hard\libc_nano.a(lib_a-errno.o)
                0x000000000800b530                __errno
 .text.__libc_init_array
                0x000000000800b53c       0x48 c:/program files/stmicroelectronics/stm32cubeide_1.12.0/stm32cubeide/plugins/com.st.stm32cube.ide.mcu.externaltools.gnu-tools-for-stm32.10.3-2021.10.win32_1.0.200.202301161003/tools/bin/../lib/gcc/arm-none-eabi/10.3.1/../../../../arm-none-eabi/lib/thumb/v7e-m+fp/hard\libc_nano.a(lib_a-init.o)
                0x000000000800b53c                __libc_init_array
 .text.memset   0x000000000800b584       0x10 c:/program files/stmicroelectronics/stm32cubeide_1.12.0/stm32cubeide/plugins/com.st.stm32cube.ide.mcu.externaltools.gnu-tools-for-stm32.10.3-2021.10.win32_1.0.200.202301161003/tools/bin/../lib/gcc/arm-none-eabi/10.3.1/../../../../arm-none-eabi/lib/thumb/v7e-m+fp/hard\libc_nano.a(lib_a-memset.o)
                0x000000000800b584                memset
 .text._puts_r  0x000000000800b594       0xdc c:/program files/stmicroelectronics/stm32cubeide_1.12.0/stm32cubeide/plugins/com.st.stm32cube.ide.mcu.externaltools.gnu-tools-for-stm32.10.3-2021.10.win32_1.0.200.202301161003/tools/bin/../lib/gcc/arm-none-eabi/10.3.1/../../../../arm-none-eabi/lib/thumb/v7e-m+fp/hard\libc_nano.a(lib_a-puts.o)
                0x000000000800b594                _puts_r
 .text.puts     0x000000000800b670       0x10 c:/program files/stmicroelectronics/stm32cubeide_1.12.0/stm32cubeide/plugins/com.st.stm32cube.ide.mcu.externaltools.gnu-tools-for-stm32.10.3-2021.10.win32_1.0.200.202301161003/tools/bin/../lib/gcc/arm-none-eabi/10.3.1/../../../../arm-none-eabi/lib/thumb/v7e-m+fp/hard\libc_nano.a(lib_a-puts.o)
                0x000000000800b670                puts
 .text.__swbuf_r
                0x000000000800b680       0xa4 c:/program files/stmicroelectronics/stm32cubeide_1.12.0/stm32cubeide/plugins/com.st.stm32cube.ide.mcu.externaltools.gnu-tools-for-stm32.10.3-2021.10.win32_1.0.200.202301161003/tools/bin/../lib/gcc/arm-none-eabi/10.3.1/../../../../arm-none-eabi/lib/thumb/v7e-m+fp/hard\libc_nano.a(lib_a-wbuf.o)
                0x000000000800b680                __swbuf_r
 .text.__swsetup_r
                0x000000000800b724       0xdc c:/program files/stmicroelectronics/stm32cubeide_1.12.0/stm32cubeide/plugins/com.st.stm32cube.ide.mcu.externaltools.gnu-tools-for-stm32.10.3-2021.10.win32_1.0.200.202301161003/tools/bin/../lib/gcc/arm-none-eabi/10.3.1/../../../../arm-none-eabi/lib/thumb/v7e-m+fp/hard\libc_nano.a(lib_a-wsetup.o)
                0x000000000800b724                __swsetup_r
 .text.__sflush_r
                0x000000000800b800      0x10c c:/program files/stmicroelectronics/stm32cubeide_1.12.0/stm32cubeide/plugins/com.st.stm32cube.ide.mcu.externaltools.gnu-tools-for-stm32.10.3-2021.10.win32_1.0.200.202301161003/tools/bin/../lib/gcc/arm-none-eabi/10.3.1/../../../../arm-none-eabi/lib/thumb/v7e-m+fp/hard\libc_nano.a(lib_a-fflush.o)
                0x000000000800b800                __sflush_r
 .text._fflush_r
                0x000000000800b90c       0x78 c:/program files/stmicroelectronics/stm32cubeide_1.12.0/stm32cubeide/plugins/com.st.stm32cube.ide.mcu.externaltools.gnu-tools-for-stm32.10.3-2021.10.win32_1.0.200.202301161003/tools/bin/../lib/gcc/arm-none-eabi/10.3.1/../../../../arm-none-eabi/lib/thumb/v7e-m+fp/hard\libc_nano.a(lib_a-fflush.o)
                0x000000000800b90c                _fflush_r
 .text.std      0x000000000800b984       0x48 c:/program files/stmicroelectronics/stm32cubeide_1.12.0/stm32cubeide/plugins/com.st.stm32cube.ide.mcu.externaltools.gnu-tools-for-stm32.10.3-2021.10.win32_1.0.200.202301161003/tools/bin/../lib/gcc/arm-none-eabi/10.3.1/../../../../arm-none-eabi/lib/thumb/v7e-m+fp/hard\libc_nano.a(lib_a-findfp.o)
 .text._cleanup_r
                0x000000000800b9cc        0xc c:/program files/stmicroelectronics/stm32cubeide_1.12.0/stm32cubeide/plugins/com.st.stm32cube.ide.mcu.externaltools.gnu-tools-for-stm32.10.3-2021.10.win32_1.0.200.202301161003/tools/bin/../lib/gcc/arm-none-eabi/10.3.1/../../../../arm-none-eabi/lib/thumb/v7e-m+fp/hard\libc_nano.a(lib_a-findfp.o)
                0x000000000800b9cc                _cleanup_r
 .text.__sfmoreglue
                0x000000000800b9d8       0x2c c:/program files/stmicroelectronics/stm32cubeide_1.12.0/stm32cubeide/plugins/com.st.stm32cube.ide.mcu.externaltools.gnu-tools-for-stm32.10.3-2021.10.win32_1.0.200.202301161003/tools/bin/../lib/gcc/arm-none-eabi/10.3.1/../../../../arm-none-eabi/lib/thumb/v7e-m+fp/hard\libc_nano.a(lib_a-findfp.o)
                0x000000000800b9d8                __sfmoreglue
 .text.__sfp_lock_acquire
                0x000000000800ba04        0xc c:/program files/stmicroelectronics/stm32cubeide_1.12.0/stm32cubeide/plugins/com.st.stm32cube.ide.mcu.externaltools.gnu-tools-for-stm32.10.3-2021.10.win32_1.0.200.202301161003/tools/bin/../lib/gcc/arm-none-eabi/10.3.1/../../../../arm-none-eabi/lib/thumb/v7e-m+fp/hard\libc_nano.a(lib_a-findfp.o)
                0x000000000800ba04                __sfp_lock_acquire
 .text.__sfp_lock_release
                0x000000000800ba10        0xc c:/program files/stmicroelectronics/stm32cubeide_1.12.0/stm32cubeide/plugins/com.st.stm32cube.ide.mcu.externaltools.gnu-tools-for-stm32.10.3-2021.10.win32_1.0.200.202301161003/tools/bin/../lib/gcc/arm-none-eabi/10.3.1/../../../../arm-none-eabi/lib/thumb/v7e-m+fp/hard\libc_nano.a(lib_a-findfp.o)
                0x000000000800ba10                __sfp_lock_release
 .text.__sinit_lock_acquire
                0x000000000800ba1c        0xc c:/program files/stmicroelectronics/stm32cubeide_1.12.0/stm32cubeide/plugins/com.st.stm32cube.ide.mcu.externaltools.gnu-tools-for-stm32.10.3-2021.10.win32_1.0.200.202301161003/tools/bin/../lib/gcc/arm-none-eabi/10.3.1/../../../../arm-none-eabi/lib/thumb/v7e-m+fp/hard\libc_nano.a(lib_a-findfp.o)
                0x000000000800ba1c                __sinit_lock_acquire
 .text.__sinit_lock_release
                0x000000000800ba28        0xc c:/program files/stmicroelectronics/stm32cubeide_1.12.0/stm32cubeide/plugins/com.st.stm32cube.ide.mcu.externaltools.gnu-tools-for-stm32.10.3-2021.10.win32_1.0.200.202301161003/tools/bin/../lib/gcc/arm-none-eabi/10.3.1/../../../../arm-none-eabi/lib/thumb/v7e-m+fp/hard\libc_nano.a(lib_a-findfp.o)
                0x000000000800ba28                __sinit_lock_release
 .text.__sinit  0x000000000800ba34       0x70 c:/program files/stmicroelectronics/stm32cubeide_1.12.0/stm32cubeide/plugins/com.st.stm32cube.ide.mcu.externaltools.gnu-tools-for-stm32.10.3-2021.10.win32_1.0.200.202301161003/tools/bin/../lib/gcc/arm-none-eabi/10.3.1/../../../../arm-none-eabi/lib/thumb/v7e-m+fp/hard\libc_nano.a(lib_a-findfp.o)
                0x000000000800ba34                __sinit
 .text.__sfp    0x000000000800baa4       0x8c c:/program files/stmicroelectronics/stm32cubeide_1.12.0/stm32cubeide/plugins/com.st.stm32cube.ide.mcu.externaltools.gnu-tools-for-stm32.10.3-2021.10.win32_1.0.200.202301161003/tools/bin/../lib/gcc/arm-none-eabi/10.3.1/../../../../arm-none-eabi/lib/thumb/v7e-m+fp/hard\libc_nano.a(lib_a-findfp.o)
                0x000000000800baa4                __sfp
 .text._fwalk_reent
                0x000000000800bb30       0x3e c:/program files/stmicroelectronics/stm32cubeide_1.12.0/stm32cubeide/plugins/com.st.stm32cube.ide.mcu.externaltools.gnu-tools-for-stm32.10.3-2021.10.win32_1.0.200.202301161003/tools/bin/../lib/gcc/arm-none-eabi/10.3.1/../../../../arm-none-eabi/lib/thumb/v7e-m+fp/hard\libc_nano.a(lib_a-fwalk.o)
                0x000000000800bb30                _fwalk_reent
 .text.__retarget_lock_init_recursive
                0x000000000800bb6e        0x2 c:/program files/stmicroelectronics/stm32cubeide_1.12.0/stm32cubeide/plugins/com.st.stm32cube.ide.mcu.externaltools.gnu-tools-for-stm32.10.3-2021.10.win32_1.0.200.202301161003/tools/bin/../lib/gcc/arm-none-eabi/10.3.1/../../../../arm-none-eabi/lib/thumb/v7e-m+fp/hard\libc_nano.a(lib_a-lock.o)
                0x000000000800bb6e                __retarget_lock_init_recursive
 .text.__retarget_lock_acquire_recursive
                0x000000000800bb70        0x2 c:/program files/stmicroelectronics/stm32cubeide_1.12.0/stm32cubeide/plugins/com.st.stm32cube.ide.mcu.externaltools.gnu-tools-for-stm32.10.3-2021.10.win32_1.0.200.202301161003/tools/bin/../lib/gcc/arm-none-eabi/10.3.1/../../../../arm-none-eabi/lib/thumb/v7e-m+fp/hard\libc_nano.a(lib_a-lock.o)
                0x000000000800bb70                __retarget_lock_acquire_recursive
 .text.__retarget_lock_release_recursive
                0x000000000800bb72        0x2 c:/program files/stmicroelectronics/stm32cubeide_1.12.0/stm32cubeide/plugins/com.st.stm32cube.ide.mcu.externaltools.gnu-tools-for-stm32.10.3-2021.10.win32_1.0.200.202301161003/tools/bin/../lib/gcc/arm-none-eabi/10.3.1/../../../../arm-none-eabi/lib/thumb/v7e-m+fp/hard\libc_nano.a(lib_a-lock.o)
                0x000000000800bb72                __retarget_lock_release_recursive
 .text.__swhatbuf_r
                0x000000000800bb74       0x4a c:/program files/stmicroelectronics/stm32cubeide_1.12.0/stm32cubeide/plugins/com.st.stm32cube.ide.mcu.externaltools.gnu-tools-for-stm32.10.3-2021.10.win32_1.0.200.202301161003/tools/bin/../lib/gcc/arm-none-eabi/10.3.1/../../../../arm-none-eabi/lib/thumb/v7e-m+fp/hard\libc_nano.a(lib_a-makebuf.o)
                0x000000000800bb74                __swhatbuf_r
 *fill*         0x000000000800bbbe        0x2 
 .text.__smakebuf_r
                0x000000000800bbc0       0x80 c:/program files/stmicroelectronics/stm32cubeide_1.12.0/stm32cubeide/plugins/com.st.stm32cube.ide.mcu.externaltools.gnu-tools-for-stm32.10.3-2021.10.win32_1.0.200.202301161003/tools/bin/../lib/gcc/arm-none-eabi/10.3.1/../../../../arm-none-eabi/lib/thumb/v7e-m+fp/hard\libc_nano.a(lib_a-makebuf.o)
                0x000000000800bbc0                __smakebuf_r
 .text._free_r  0x000000000800bc40       0x98 c:/program files/stmicroelectronics/stm32cubeide_1.12.0/stm32cubeide/plugins/com.st.stm32cube.ide.mcu.externaltools.gnu-tools-for-stm32.10.3-2021.10.win32_1.0.200.202301161003/tools/bin/../lib/gcc/arm-none-eabi/10.3.1/../../../../arm-none-eabi/lib/thumb/v7e-m+fp/hard\libc_nano.a(lib_a-nano-freer.o)
                0x000000000800bc40                _free_r
 .text.sbrk_aligned
                0x000000000800bcd8       0x40 c:/program files/stmicroelectronics/stm32cubeide_1.12.0/stm32cubeide/plugins/com.st.stm32cube.ide.mcu.externaltools.gnu-tools-for-stm32.10.3-2021.10.win32_1.0.200.202301161003/tools/bin/../lib/gcc/arm-none-eabi/10.3.1/../../../../arm-none-eabi/lib/thumb/v7e-m+fp/hard\libc_nano.a(lib_a-nano-mallocr.o)
 .text._malloc_r
                0x000000000800bd18       0xe8 c:/program files/stmicroelectronics/stm32cubeide_1.12.0/stm32cubeide/plugins/com.st.stm32cube.ide.mcu.externaltools.gnu-tools-for-stm32.10.3-2021.10.win32_1.0.200.202301161003/tools/bin/../lib/gcc/arm-none-eabi/10.3.1/../../../../arm-none-eabi/lib/thumb/v7e-m+fp/hard\libc_nano.a(lib_a-nano-mallocr.o)
                0x000000000800bd18                _malloc_r
 .text._sbrk_r  0x000000000800be00       0x20 c:/program files/stmicroelectronics/stm32cubeide_1.12.0/stm32cubeide/plugins/com.st.stm32cube.ide.mcu.externaltools.gnu-tools-for-stm32.10.3-2021.10.win32_1.0.200.202301161003/tools/bin/../lib/gcc/arm-none-eabi/10.3.1/../../../../arm-none-eabi/lib/thumb/v7e-m+fp/hard\libc_nano.a(lib_a-sbrkr.o)
                0x000000000800be00                _sbrk_r
 .text.__sread  0x000000000800be20       0x22 c:/program files/stmicroelectronics/stm32cubeide_1.12.0/stm32cubeide/plugins/com.st.stm32cube.ide.mcu.externaltools.gnu-tools-for-stm32.10.3-2021.10.win32_1.0.200.202301161003/tools/bin/../lib/gcc/arm-none-eabi/10.3.1/../../../../arm-none-eabi/lib/thumb/v7e-m+fp/hard\libc_nano.a(lib_a-stdio.o)
                0x000000000800be20                __sread
 .text.__swrite
                0x000000000800be42       0x38 c:/program files/stmicroelectronics/stm32cubeide_1.12.0/stm32cubeide/plugins/com.st.stm32cube.ide.mcu.externaltools.gnu-tools-for-stm32.10.3-2021.10.win32_1.0.200.202301161003/tools/bin/../lib/gcc/arm-none-eabi/10.3.1/../../../../arm-none-eabi/lib/thumb/v7e-m+fp/hard\libc_nano.a(lib_a-stdio.o)
                0x000000000800be42                __swrite
 .text.__sseek  0x000000000800be7a       0x24 c:/program files/stmicroelectronics/stm32cubeide_1.12.0/stm32cubeide/plugins/com.st.stm32cube.ide.mcu.externaltools.gnu-tools-for-stm32.10.3-2021.10.win32_1.0.200.202301161003/tools/bin/../lib/gcc/arm-none-eabi/10.3.1/../../../../arm-none-eabi/lib/thumb/v7e-m+fp/hard\libc_nano.a(lib_a-stdio.o)
                0x000000000800be7a                __sseek
 .text.__sclose
                0x000000000800be9e        0x8 c:/program files/stmicroelectronics/stm32cubeide_1.12.0/stm32cubeide/plugins/com.st.stm32cube.ide.mcu.externaltools.gnu-tools-for-stm32.10.3-2021.10.win32_1.0.200.202301161003/tools/bin/../lib/gcc/arm-none-eabi/10.3.1/../../../../arm-none-eabi/lib/thumb/v7e-m+fp/hard\libc_nano.a(lib_a-stdio.o)
                0x000000000800be9e                __sclose
 *fill*         0x000000000800bea6        0x2 
 .text._write_r
                0x000000000800bea8       0x24 c:/program files/stmicroelectronics/stm32cubeide_1.12.0/stm32cubeide/plugins/com.st.stm32cube.ide.mcu.externaltools.gnu-tools-for-stm32.10.3-2021.10.win32_1.0.200.202301161003/tools/bin/../lib/gcc/arm-none-eabi/10.3.1/../../../../arm-none-eabi/lib/thumb/v7e-m+fp/hard\libc_nano.a(lib_a-writer.o)
                0x000000000800bea8                _write_r
 .text._close_r
                0x000000000800becc       0x20 c:/program files/stmicroelectronics/stm32cubeide_1.12.0/stm32cubeide/plugins/com.st.stm32cube.ide.mcu.externaltools.gnu-tools-for-stm32.10.3-2021.10.win32_1.0.200.202301161003/tools/bin/../lib/gcc/arm-none-eabi/10.3.1/../../../../arm-none-eabi/lib/thumb/v7e-m+fp/hard\libc_nano.a(lib_a-closer.o)
                0x000000000800becc                _close_r
 .text._fstat_r
                0x000000000800beec       0x24 c:/program files/stmicroelectronics/stm32cubeide_1.12.0/stm32cubeide/plugins/com.st.stm32cube.ide.mcu.externaltools.gnu-tools-for-stm32.10.3-2021.10.win32_1.0.200.202301161003/tools/bin/../lib/gcc/arm-none-eabi/10.3.1/../../../../arm-none-eabi/lib/thumb/v7e-m+fp/hard\libc_nano.a(lib_a-fstatr.o)
                0x000000000800beec                _fstat_r
 .text._isatty_r
                0x000000000800bf10       0x20 c:/program files/stmicroelectronics/stm32cubeide_1.12.0/stm32cubeide/plugins/com.st.stm32cube.ide.mcu.externaltools.gnu-tools-for-stm32.10.3-2021.10.win32_1.0.200.202301161003/tools/bin/../lib/gcc/arm-none-eabi/10.3.1/../../../../arm-none-eabi/lib/thumb/v7e-m+fp/hard\libc_nano.a(lib_a-isattyr.o)
                0x000000000800bf10                _isatty_r
 .text._lseek_r
                0x000000000800bf30       0x24 c:/program files/stmicroelectronics/stm32cubeide_1.12.0/stm32cubeide/plugins/com.st.stm32cube.ide.mcu.externaltools.gnu-tools-for-stm32.10.3-2021.10.win32_1.0.200.202301161003/tools/bin/../lib/gcc/arm-none-eabi/10.3.1/../../../../arm-none-eabi/lib/thumb/v7e-m+fp/hard\libc_nano.a(lib_a-lseekr.o)
                0x000000000800bf30                _lseek_r
 .text.__malloc_lock
                0x000000000800bf54        0xc c:/program files/stmicroelectronics/stm32cubeide_1.12.0/stm32cubeide/plugins/com.st.stm32cube.ide.mcu.externaltools.gnu-tools-for-stm32.10.3-2021.10.win32_1.0.200.202301161003/tools/bin/../lib/gcc/arm-none-eabi/10.3.1/../../../../arm-none-eabi/lib/thumb/v7e-m+fp/hard\libc_nano.a(lib_a-mlock.o)
                0x000000000800bf54                __malloc_lock
 .text.__malloc_unlock
                0x000000000800bf60        0xc c:/program files/stmicroelectronics/stm32cubeide_1.12.0/stm32cubeide/plugins/com.st.stm32cube.ide.mcu.externaltools.gnu-tools-for-stm32.10.3-2021.10.win32_1.0.200.202301161003/tools/bin/../lib/gcc/arm-none-eabi/10.3.1/../../../../arm-none-eabi/lib/thumb/v7e-m+fp/hard\libc_nano.a(lib_a-mlock.o)
                0x000000000800bf60                __malloc_unlock
 .text._read_r  0x000000000800bf6c       0x24 c:/program files/stmicroelectronics/stm32cubeide_1.12.0/stm32cubeide/plugins/com.st.stm32cube.ide.mcu.externaltools.gnu-tools-for-stm32.10.3-2021.10.win32_1.0.200.202301161003/tools/bin/../lib/gcc/arm-none-eabi/10.3.1/../../../../arm-none-eabi/lib/thumb/v7e-m+fp/hard\libc_nano.a(lib_a-readr.o)
                0x000000000800bf6c                _read_r
 *(.glue_7)
 .glue_7        0x000000000800bf90        0x0 linker stubs
 *(.glue_7t)
 .glue_7t       0x000000000800bf90        0x0 linker stubs
 *(.eh_frame)
 .eh_frame      0x000000000800bf90        0x0 c:/program files/stmicroelectronics/stm32cubeide_1.12.0/stm32cubeide/plugins/com.st.stm32cube.ide.mcu.externaltools.gnu-tools-for-stm32.10.3-2021.10.win32_1.0.200.202301161003/tools/bin/../lib/gcc/arm-none-eabi/10.3.1/thumb/v7e-m+fp/hard/crtbegin.o
 *(.init)
 .init          0x000000000800bf90        0x4 c:/program files/stmicroelectronics/stm32cubeide_1.12.0/stm32cubeide/plugins/com.st.stm32cube.ide.mcu.externaltools.gnu-tools-for-stm32.10.3-2021.10.win32_1.0.200.202301161003/tools/bin/../lib/gcc/arm-none-eabi/10.3.1/thumb/v7e-m+fp/hard/crti.o
                0x000000000800bf90                _init
 .init          0x000000000800bf94        0x8 c:/program files/stmicroelectronics/stm32cubeide_1.12.0/stm32cubeide/plugins/com.st.stm32cube.ide.mcu.externaltools.gnu-tools-for-stm32.10.3-2021.10.win32_1.0.200.202301161003/tools/bin/../lib/gcc/arm-none-eabi/10.3.1/thumb/v7e-m+fp/hard/crtn.o
 *(.fini)
 .fini          0x000000000800bf9c        0x4 c:/program files/stmicroelectronics/stm32cubeide_1.12.0/stm32cubeide/plugins/com.st.stm32cube.ide.mcu.externaltools.gnu-tools-for-stm32.10.3-2021.10.win32_1.0.200.202301161003/tools/bin/../lib/gcc/arm-none-eabi/10.3.1/thumb/v7e-m+fp/hard/crti.o
                0x000000000800bf9c                _fini
 .fini          0x000000000800bfa0        0x8 c:/program files/stmicroelectronics/stm32cubeide_1.12.0/stm32cubeide/plugins/com.st.stm32cube.ide.mcu.externaltools.gnu-tools-for-stm32.10.3-2021.10.win32_1.0.200.202301161003/tools/bin/../lib/gcc/arm-none-eabi/10.3.1/thumb/v7e-m+fp/hard/crtn.o
                0x000000000800bfa8                . = ALIGN (0x4)
                0x000000000800bfa8                _etext = .

.vfp11_veneer   0x000000000800bfa8        0x0
 .vfp11_veneer  0x000000000800bfa8        0x0 linker stubs

.v4_bx          0x000000000800bfa8        0x0
 .v4_bx         0x000000000800bfa8        0x0 linker stubs

.iplt           0x000000000800bfa8        0x0
 .iplt          0x000000000800bfa8        0x0 c:/program files/stmicroelectronics/stm32cubeide_1.12.0/stm32cubeide/plugins/com.st.stm32cube.ide.mcu.externaltools.gnu-tools-for-stm32.10.3-2021.10.win32_1.0.200.202301161003/tools/bin/../lib/gcc/arm-none-eabi/10.3.1/thumb/v7e-m+fp/hard/crtbegin.o

.rodata         0x000000000800bfa8       0x88
                0x000000000800bfa8                . = ALIGN (0x4)
 *(.rodata)
 .rodata        0x000000000800bfa8        0x3 ./Core/Src/main.o
 *(.rodata*)
 *fill*         0x000000000800bfab        0x1 
 .rodata.AHBPrescTable
                0x000000000800bfac       0x10 ./Core/Src/system_stm32f7xx.o
                0x000000000800bfac                AHBPrescTable
 .rodata.APBPrescTable
                0x000000000800bfbc        0x8 ./Core/Src/system_stm32f7xx.o
                0x000000000800bfbc                APBPrescTable
 .rodata.flagBitshiftOffset.0
                0x000000000800bfc4        0x8 ./Drivers/STM32F7xx_HAL_Driver/Src/stm32f7xx_hal_dma.o
 .rodata._global_impure_ptr
                0x000000000800bfcc        0x4 c:/program files/stmicroelectronics/stm32cubeide_1.12.0/stm32cubeide/plugins/com.st.stm32cube.ide.mcu.externaltools.gnu-tools-for-stm32.10.3-2021.10.win32_1.0.200.202301161003/tools/bin/../lib/gcc/arm-none-eabi/10.3.1/../../../../arm-none-eabi/lib/thumb/v7e-m+fp/hard\libc_nano.a(lib_a-impure.o)
                0x000000000800bfcc                _global_impure_ptr
 .rodata.__sf_fake_stderr
                0x000000000800bfd0       0x20 c:/program files/stmicroelectronics/stm32cubeide_1.12.0/stm32cubeide/plugins/com.st.stm32cube.ide.mcu.externaltools.gnu-tools-for-stm32.10.3-2021.10.win32_1.0.200.202301161003/tools/bin/../lib/gcc/arm-none-eabi/10.3.1/../../../../arm-none-eabi/lib/thumb/v7e-m+fp/hard\libc_nano.a(lib_a-findfp.o)
                0x000000000800bfd0                __sf_fake_stderr
 .rodata.__sf_fake_stdin
                0x000000000800bff0       0x20 c:/program files/stmicroelectronics/stm32cubeide_1.12.0/stm32cubeide/plugins/com.st.stm32cube.ide.mcu.externaltools.gnu-tools-for-stm32.10.3-2021.10.win32_1.0.200.202301161003/tools/bin/../lib/gcc/arm-none-eabi/10.3.1/../../../../arm-none-eabi/lib/thumb/v7e-m+fp/hard\libc_nano.a(lib_a-findfp.o)
                0x000000000800bff0                __sf_fake_stdin
 .rodata.__sf_fake_stdout
                0x000000000800c010       0x20 c:/program files/stmicroelectronics/stm32cubeide_1.12.0/stm32cubeide/plugins/com.st.stm32cube.ide.mcu.externaltools.gnu-tools-for-stm32.10.3-2021.10.win32_1.0.200.202301161003/tools/bin/../lib/gcc/arm-none-eabi/10.3.1/../../../../arm-none-eabi/lib/thumb/v7e-m+fp/hard\libc_nano.a(lib_a-findfp.o)
                0x000000000800c010                __sf_fake_stdout
                0x000000000800c030                . = ALIGN (0x4)

.ARM.extab      0x000000000800c030        0x0
                0x000000000800c030                . = ALIGN (0x4)
 *(.ARM.extab* .gnu.linkonce.armextab.*)
                0x000000000800c030                . = ALIGN (0x4)

.ARM            0x000000000800c030        0x8
                0x000000000800c030                . = ALIGN (0x4)
                0x000000000800c030                __exidx_start = .
 *(.ARM.exidx*)
 .ARM.exidx     0x000000000800c030        0x8 c:/program files/stmicroelectronics/stm32cubeide_1.12.0/stm32cubeide/plugins/com.st.stm32cube.ide.mcu.externaltools.gnu-tools-for-stm32.10.3-2021.10.win32_1.0.200.202301161003/tools/bin/../lib/gcc/arm-none-eabi/10.3.1/thumb/v7e-m+fp/hard\libgcc.a(_udivmoddi4.o)
                0x000000000800c038                __exidx_end = .
                0x000000000800c038                . = ALIGN (0x4)

.rel.dyn        0x000000000800c038        0x0
 .rel.iplt      0x000000000800c038        0x0 c:/program files/stmicroelectronics/stm32cubeide_1.12.0/stm32cubeide/plugins/com.st.stm32cube.ide.mcu.externaltools.gnu-tools-for-stm32.10.3-2021.10.win32_1.0.200.202301161003/tools/bin/../lib/gcc/arm-none-eabi/10.3.1/thumb/v7e-m+fp/hard/crtbegin.o

.preinit_array  0x000000000800c038        0x0
                0x000000000800c038                . = ALIGN (0x4)
                0x000000000800c038                PROVIDE (__preinit_array_start = .)
 *(.preinit_array*)
                0x000000000800c038                PROVIDE (__preinit_array_end = .)
                0x000000000800c038                . = ALIGN (0x4)

.init_array     0x000000000800c038        0x4
                0x000000000800c038                . = ALIGN (0x4)
                0x000000000800c038                PROVIDE (__init_array_start = .)
 *(SORT_BY_NAME(.init_array.*))
 *(.init_array*)
 .init_array    0x000000000800c038        0x4 c:/program files/stmicroelectronics/stm32cubeide_1.12.0/stm32cubeide/plugins/com.st.stm32cube.ide.mcu.externaltools.gnu-tools-for-stm32.10.3-2021.10.win32_1.0.200.202301161003/tools/bin/../lib/gcc/arm-none-eabi/10.3.1/thumb/v7e-m+fp/hard/crtbegin.o
                0x000000000800c03c                PROVIDE (__init_array_end = .)
                0x000000000800c03c                . = ALIGN (0x4)

.fini_array     0x000000000800c03c        0x4
                0x000000000800c03c                . = ALIGN (0x4)
                [!provide]                        PROVIDE (__fini_array_start = .)
 *(SORT_BY_NAME(.fini_array.*))
 *(.fini_array*)
 .fini_array    0x000000000800c03c        0x4 c:/program files/stmicroelectronics/stm32cubeide_1.12.0/stm32cubeide/plugins/com.st.stm32cube.ide.mcu.externaltools.gnu-tools-for-stm32.10.3-2021.10.win32_1.0.200.202301161003/tools/bin/../lib/gcc/arm-none-eabi/10.3.1/thumb/v7e-m+fp/hard/crtbegin.o
                [!provide]                        PROVIDE (__fini_array_end = .)
                0x000000000800c040                . = ALIGN (0x4)
                0x000000000800c040                _sidata = LOADADDR (.data)

.data           0x0000000020000000      0x128 load address 0x000000000800c040
                0x0000000020000000                . = ALIGN (0x4)
                0x0000000020000000                _sdata = .
 *(.data)
 *(.data*)
 .data.data_elem_cnt
                0x0000000020000000        0x1 ./Core/Src/PD_Communication.o
                0x0000000020000000                data_elem_cnt
 *fill*         0x0000000020000001        0x3 
 .data.vertical
                0x0000000020000004       0x30 ./Core/Src/Platform.o
                0x0000000020000004                vertical
 .data.motor_freq_inc_hz
                0x0000000020000034        0x2 ./Core/Src/Platform.o
                0x0000000020000034                motor_freq_inc_hz
 .data.accel_time_seconds
                0x0000000020000036        0x1 ./Core/Src/Platform.o
                0x0000000020000036                accel_time_seconds
 *fill*         0x0000000020000037        0x1 
 .data.buf      0x0000000020000038        0x5 ./Core/Src/main.o
                0x0000000020000038                buf
 *fill*         0x000000002000003d        0x3 
 .data.start_ending_angle_items
                0x0000000020000040       0x10 ./Core/Src/main.o
                0x0000000020000040                start_ending_angle_items
 .data.measurement_res_items
                0x0000000020000050       0x24 ./Core/Src/main.o
                0x0000000020000050                measurement_res_items
 .data.light_pow_period_items
                0x0000000020000074       0x24 ./Core/Src/main.o
                0x0000000020000074                light_pow_period_items
 .data.light_pow_res_items
                0x0000000020000098       0x18 ./Core/Src/main.o
                0x0000000020000098                light_pow_res_items
 .data.chosen_drv
                0x00000000200000b0        0x1 ./Core/Src/main.o
                0x00000000200000b0                chosen_drv
 .data.init_state
                0x00000000200000b1        0x1 ./Core/Src/main.o
                0x00000000200000b1                init_state
 .data.next_command
                0x00000000200000b2        0x1 ./Core/Src/main.o
                0x00000000200000b2                next_command
 *fill*         0x00000000200000b3        0x1 
 .data.motor_frequency_1
                0x00000000200000b4        0x2 ./Core/Src/main.o
                0x00000000200000b4                motor_frequency_1
 .data.motor_frequency_2
                0x00000000200000b6        0x2 ./Core/Src/main.o
                0x00000000200000b6                motor_frequency_2
 .data.SystemCoreClock
                0x00000000200000b8        0x4 ./Core/Src/system_stm32f7xx.o
                0x00000000200000b8                SystemCoreClock
 .data.uwTickPrio
                0x00000000200000bc        0x4 ./Drivers/STM32F7xx_HAL_Driver/Src/stm32f7xx_hal.o
                0x00000000200000bc                uwTickPrio
 .data.uwTickFreq
                0x00000000200000c0        0x1 ./Drivers/STM32F7xx_HAL_Driver/Src/stm32f7xx_hal.o
                0x00000000200000c0                uwTickFreq
 *fill*         0x00000000200000c1        0x3 
 .data._impure_ptr
                0x00000000200000c4        0x4 c:/program files/stmicroelectronics/stm32cubeide_1.12.0/stm32cubeide/plugins/com.st.stm32cube.ide.mcu.externaltools.gnu-tools-for-stm32.10.3-2021.10.win32_1.0.200.202301161003/tools/bin/../lib/gcc/arm-none-eabi/10.3.1/../../../../arm-none-eabi/lib/thumb/v7e-m+fp/hard\libc_nano.a(lib_a-impure.o)
                0x00000000200000c4                _impure_ptr
 .data.impure_data
                0x00000000200000c8       0x60 c:/program files/stmicroelectronics/stm32cubeide_1.12.0/stm32cubeide/plugins/com.st.stm32cube.ide.mcu.externaltools.gnu-tools-for-stm32.10.3-2021.10.win32_1.0.200.202301161003/tools/bin/../lib/gcc/arm-none-eabi/10.3.1/../../../../arm-none-eabi/lib/thumb/v7e-m+fp/hard\libc_nano.a(lib_a-impure.o)
 *(.RamFunc)
 *(.RamFunc*)
                0x0000000020000128                . = ALIGN (0x4)
                0x0000000020000128                _edata = .

.igot.plt       0x0000000020000128        0x0 load address 0x000000000800c168
 .igot.plt      0x0000000020000128        0x0 c:/program files/stmicroelectronics/stm32cubeide_1.12.0/stm32cubeide/plugins/com.st.stm32cube.ide.mcu.externaltools.gnu-tools-for-stm32.10.3-2021.10.win32_1.0.200.202301161003/tools/bin/../lib/gcc/arm-none-eabi/10.3.1/thumb/v7e-m+fp/hard/crtbegin.o
                0x0000000020000128                . = ALIGN (0x4)

.bss            0x0000000020000128      0xad8 load address 0x000000000800c168
                0x0000000020000128                _sbss = .
                0x0000000020000128                __bss_start__ = _sbss
 *(.bss)
 .bss           0x0000000020000128       0x1c c:/program files/stmicroelectronics/stm32cubeide_1.12.0/stm32cubeide/plugins/com.st.stm32cube.ide.mcu.externaltools.gnu-tools-for-stm32.10.3-2021.10.win32_1.0.200.202301161003/tools/bin/../lib/gcc/arm-none-eabi/10.3.1/thumb/v7e-m+fp/hard/crtbegin.o
 *(.bss*)
 .bss.page_error
                0x0000000020000144        0x4 ./Core/Src/FlashUtils.o
                0x0000000020000144                page_error
 .bss.EraseInitStruct
                0x0000000020000148       0x10 ./Core/Src/FlashUtils.o
 .bss.stop_poll
                0x0000000020000158        0x1 ./Core/Src/PC_Communication.o
                0x0000000020000158                stop_poll
 .bss.data_status
                0x0000000020000159        0x1 ./Core/Src/PC_Communication.o
                0x0000000020000159                data_status
 .bss.wait_adc_data_flag
                0x000000002000015a        0x1 ./Core/Src/PD_Communication.o
                0x000000002000015a                wait_adc_data_flag
 *fill*         0x000000002000015b        0x1 
 .bss.uart1_rx_buffer
                0x000000002000015c        0x5 ./Core/Src/PD_Communication.o
                0x000000002000015c                uart1_rx_buffer
 .bss.data_buf_counter
                0x0000000020000161        0x1 ./Core/Src/PD_Communication.o
                0x0000000020000161                data_buf_counter
 *fill*         0x0000000020000162        0x2 
 .bss.adc_data_buf
                0x0000000020000164       0x21 ./Core/Src/PD_Communication.o
                0x0000000020000164                adc_data_buf
 .bss.wait_flag
                0x0000000020000185        0x1 ./Core/Src/PD_Communication.o
                0x0000000020000185                wait_flag
 *fill*         0x0000000020000186        0x2 
 .bss.horizontal
                0x0000000020000188       0x30 ./Core/Src/Platform.o
                0x0000000020000188                horizontal
 .bss.is_motor_moving
                0x00000000200001b8        0x1 ./Core/Src/Platform.o
                0x00000000200001b8                is_motor_moving
 .bss.is_backlash_passed
                0x00000000200001b9        0x1 ./Core/Src/Platform.o
                0x00000000200001b9                is_backlash_passed
 .bss.use_check_backlash
                0x00000000200001ba        0x1 ./Core/Src/Platform.o
                0x00000000200001ba                use_check_backlash
 .bss.is_req_freq_reach
                0x00000000200001bb        0x1 ./Core/Src/Platform.o
                0x00000000200001bb                is_req_freq_reach
 .bss.last_encoder_pos
                0x00000000200001bc        0x4 ./Core/Src/Platform.o
                0x00000000200001bc                last_encoder_pos
 .bss.left_bound
                0x00000000200001c0        0x4 ./Core/Src/Platform.o
                0x00000000200001c0                left_bound
 .bss.right_bound
                0x00000000200001c4        0x4 ./Core/Src/Platform.o
                0x00000000200001c4                right_bound
 .bss.current_motor_freq
                0x00000000200001c8        0x2 ./Core/Src/Platform.o
                0x00000000200001c8                current_motor_freq
 .bss.target_motor_freq
                0x00000000200001ca        0x2 ./Core/Src/Platform.o
                0x00000000200001ca                target_motor_freq
 .bss.hiwdg     0x00000000200001cc       0x10 ./Core/Src/main.o
                0x00000000200001cc                hiwdg
 .bss.hspi3     0x00000000200001dc       0x64 ./Core/Src/main.o
                0x00000000200001dc                hspi3
 .bss.hspi4     0x0000000020000240       0x64 ./Core/Src/main.o
                0x0000000020000240                hspi4
 .bss.hdma_spi3_rx
                0x00000000200002a4       0x60 ./Core/Src/main.o
                0x00000000200002a4                hdma_spi3_rx
 .bss.hdma_spi3_tx
                0x0000000020000304       0x60 ./Core/Src/main.o
                0x0000000020000304                hdma_spi3_tx
 .bss.hdma_spi4_rx
                0x0000000020000364       0x60 ./Core/Src/main.o
                0x0000000020000364                hdma_spi4_rx
 .bss.hdma_spi4_tx
                0x00000000200003c4       0x60 ./Core/Src/main.o
                0x00000000200003c4                hdma_spi4_tx
 .bss.htim2     0x0000000020000424       0x4c ./Core/Src/main.o
                0x0000000020000424                htim2
 .bss.htim3     0x0000000020000470       0x4c ./Core/Src/main.o
                0x0000000020000470                htim3
 .bss.htim4     0x00000000200004bc       0x4c ./Core/Src/main.o
                0x00000000200004bc                htim4
 .bss.htim5     0x0000000020000508       0x4c ./Core/Src/main.o
                0x0000000020000508                htim5
 .bss.htim6     0x0000000020000554       0x4c ./Core/Src/main.o
                0x0000000020000554                htim6
 .bss.htim7     0x00000000200005a0       0x4c ./Core/Src/main.o
                0x00000000200005a0                htim7
 .bss.htim10    0x00000000200005ec       0x4c ./Core/Src/main.o
                0x00000000200005ec                htim10
 .bss.htim11    0x0000000020000638       0x4c ./Core/Src/main.o
                0x0000000020000638                htim11
 .bss.htim12    0x0000000020000684       0x4c ./Core/Src/main.o
                0x0000000020000684                htim12
 .bss.htim13    0x00000000200006d0       0x4c ./Core/Src/main.o
                0x00000000200006d0                htim13
 .bss.htim14    0x000000002000071c       0x4c ./Core/Src/main.o
                0x000000002000071c                htim14
 .bss.huart1    0x0000000020000768       0x88 ./Core/Src/main.o
                0x0000000020000768                huart1
 .bss.huart3    0x00000000200007f0       0x88 ./Core/Src/main.o
                0x00000000200007f0                huart3
 .bss.hdma_usart1_rx
                0x0000000020000878       0x60 ./Core/Src/main.o
                0x0000000020000878                hdma_usart1_rx
 .bss.hdma_usart3_rx
                0x00000000200008d8       0x60 ./Core/Src/main.o
                0x00000000200008d8                hdma_usart3_rx
 .bss.dma_spi4_buf
                0x0000000020000938        0x5 ./Core/Src/main.o
                0x0000000020000938                dma_spi4_buf
 *fill*         0x000000002000093d        0x3 
 .bss.dma_spi3_buf
                0x0000000020000940        0x5 ./Core/Src/main.o
                0x0000000020000940                dma_spi3_buf
 *fill*         0x0000000020000945        0x3 
 .bss.response_buf
                0x0000000020000948       0x21 ./Core/Src/main.o
                0x0000000020000948                response_buf
 .bss.data_elem_cnt_calib
                0x0000000020000969        0x1 ./Core/Src/main.o
                0x0000000020000969                data_elem_cnt_calib
 .bss.tim14_arr_val
                0x000000002000096a        0x2 ./Core/Src/main.o
                0x000000002000096a                tim14_arr_val
 .bss.test_counter_adc_data
                0x000000002000096c        0x2 ./Core/Src/main.o
                0x000000002000096c                test_counter_adc_data
 .bss.test_cnt_uart1_rx
                0x000000002000096e        0x2 ./Core/Src/main.o
                0x000000002000096e                test_cnt_uart1_rx
 .bss.uart1_received_cnt
                0x0000000020000970        0x2 ./Core/Src/main.o
                0x0000000020000970                uart1_received_cnt
 .bss.uart1_received_cnt_global
                0x0000000020000972        0x2 ./Core/Src/main.o
                0x0000000020000972                uart1_received_cnt_global
 .bss.take_data_cnt
                0x0000000020000974        0x2 ./Core/Src/main.o
                0x0000000020000974                take_data_cnt
 .bss.test_counter_adc_data2
                0x0000000020000976        0x2 ./Core/Src/main.o
                0x0000000020000976                test_counter_adc_data2
 .bss.tim13_ovflw
                0x0000000020000978        0x2 ./Core/Src/main.o
                0x0000000020000978                tim13_ovflw
 *fill*         0x000000002000097a        0x2 
 .bss.ampl_buf  0x000000002000097c        0x2 ./Core/Src/main.o
                0x000000002000097c                ampl_buf
 .bss.crc       0x000000002000097e        0x2 ./Core/Src/main.o
                0x000000002000097e                crc
 .bss.packet_cnt
                0x0000000020000980        0x2 ./Core/Src/main.o
                0x0000000020000980                packet_cnt
 .bss.error_val
                0x0000000020000982        0x2 ./Core/Src/main.o
                0x0000000020000982                error_val
 .bss.current_pos
                0x0000000020000984        0x1 ./Core/Src/main.o
                0x0000000020000984                current_pos
 .bss.i         0x0000000020000985        0x1 ./Core/Src/main.o
                0x0000000020000985                i
 *fill*         0x0000000020000986        0x2 
 .bss.tim13cnt  0x0000000020000988        0x4 ./Core/Src/main.o
                0x0000000020000988                tim13cnt
 .bss.tim14_arr_val_converted
                0x000000002000098c        0x4 ./Core/Src/main.o
                0x000000002000098c                tim14_arr_val_converted
 .bss.new_tim_arr_val
                0x0000000020000990        0x4 ./Core/Src/main.o
                0x0000000020000990                new_tim_arr_val
 .bss.new_arr_val
                0x0000000020000994        0x4 ./Core/Src/main.o
                0x0000000020000994                new_arr_val
 .bss.adc_data_cnt
                0x0000000020000998        0x4 ./Core/Src/main.o
                0x0000000020000998                adc_data_cnt
 .bss.required_data_num
                0x000000002000099c        0x4 ./Core/Src/main.o
                0x000000002000099c                required_data_num
 .bss.usart3_reg
                0x00000000200009a0        0x4 ./Core/Src/main.o
                0x00000000200009a0                usart3_reg
 .bss.usart3_error
                0x00000000200009a4        0x4 ./Core/Src/main.o
                0x00000000200009a4                usart3_error
 .bss.photodetector_offset_val
                0x00000000200009a8        0x4 ./Core/Src/main.o
                0x00000000200009a8                photodetector_offset_val
 .bss.control_pos
                0x00000000200009ac        0x4 ./Core/Src/main.o
                0x00000000200009ac                control_pos
 .bss.encoder_offset
                0x00000000200009b0        0x8 ./Core/Src/main.o
                0x00000000200009b0                encoder_offset
 .bss.zero_limb_pos
                0x00000000200009b8        0x8 ./Core/Src/main.o
                0x00000000200009b8                zero_limb_pos
 .bss.error_code
                0x00000000200009c0        0x1 ./Core/Src/main.o
                0x00000000200009c0                error_code
 .bss.reach_start_position
                0x00000000200009c1        0x1 ./Core/Src/main.o
                0x00000000200009c1                reach_start_position
 .bss.reach_end_position
                0x00000000200009c2        0x1 ./Core/Src/main.o
                0x00000000200009c2                reach_end_position
 .bss.reach_accel_position
                0x00000000200009c3        0x1 ./Core/Src/main.o
                0x00000000200009c3                reach_accel_position
 .bss.step_1_vertical_meas
                0x00000000200009c4        0x1 ./Core/Src/main.o
                0x00000000200009c4                step_1_vertical_meas
 .bss.step_2_vertical_meas
                0x00000000200009c5        0x1 ./Core/Src/main.o
                0x00000000200009c5                step_2_vertical_meas
 .bss.reach_start_position_vertical
                0x00000000200009c6        0x1 ./Core/Src/main.o
                0x00000000200009c6                reach_start_position_vertical
 .bss.end_meas_flag
                0x00000000200009c7        0x1 ./Core/Src/main.o
                0x00000000200009c7                end_meas_flag
 .bss.reducing_pos_calc
                0x00000000200009c8        0x1 ./Core/Src/main.o
                0x00000000200009c8                reducing_pos_calc
 .bss.reach_test_turn_pos
                0x00000000200009c9        0x1 ./Core/Src/main.o
                0x00000000200009c9                reach_test_turn_pos
 .bss.start_light_pow_meas
                0x00000000200009ca        0x1 ./Core/Src/main.o
                0x00000000200009ca                start_light_pow_meas
 .bss.adc_coeff_command_set
                0x00000000200009cb        0x1 ./Core/Src/main.o
                0x00000000200009cb                adc_coeff_command_set
 .bss.adc_coeff_set_complete
                0x00000000200009cc        0x1 ./Core/Src/main.o
                0x00000000200009cc                adc_coeff_set_complete
 .bss.tim14_cnt
                0x00000000200009cd        0x1 ./Core/Src/main.o
                0x00000000200009cd                tim14_cnt
 .bss.tim10_cnt
                0x00000000200009ce        0x1 ./Core/Src/main.o
                0x00000000200009ce                tim10_cnt
 .bss.allow     0x00000000200009cf        0x1 ./Core/Src/main.o
                0x00000000200009cf                allow
 .bss.end_calibration_flag
                0x00000000200009d0        0x1 ./Core/Src/main.o
                0x00000000200009d0                end_calibration_flag
 .bss.full_rotation
                0x00000000200009d1        0x1 ./Core/Src/main.o
                0x00000000200009d1                full_rotation
 *fill*         0x00000000200009d2        0x2 
 .bss.inv_encoder1_data
                0x00000000200009d4        0x4 ./Core/Src/main.o
                0x00000000200009d4                inv_encoder1_data
 .bss.inv_encoder2_data
                0x00000000200009d8        0x4 ./Core/Src/main.o
                0x00000000200009d8                inv_encoder2_data
 .bss.start_position_drv1
                0x00000000200009dc        0x4 ./Core/Src/main.o
                0x00000000200009dc                start_position_drv1
 .bss.start_position_drv2
                0x00000000200009e0        0x4 ./Core/Src/main.o
                0x00000000200009e0                start_position_drv2
 .bss.end_position_drv1
                0x00000000200009e4        0x4 ./Core/Src/main.o
                0x00000000200009e4                end_position_drv1
 .bss.end_position_drv2
                0x00000000200009e8        0x4 ./Core/Src/main.o
                0x00000000200009e8                end_position_drv2
 .bss.accel_position_drv1
                0x00000000200009ec        0x4 ./Core/Src/main.o
                0x00000000200009ec                accel_position_drv1
 .bss.accel_position_drv2
                0x00000000200009f0        0x4 ./Core/Src/main.o
                0x00000000200009f0                accel_position_drv2
 .bss.end_position_drv_tmp
                0x00000000200009f4        0x4 ./Core/Src/main.o
                0x00000000200009f4                end_position_drv_tmp
 .bss.encoder1_increment_res
                0x00000000200009f8        0x4 ./Core/Src/main.o
                0x00000000200009f8                encoder1_increment_res
 .bss.encoder2_increment_res
                0x00000000200009fc        0x4 ./Core/Src/main.o
                0x00000000200009fc                encoder2_increment_res
 .bss.ENCODER_1_OFFSET
                0x0000000020000a00        0x4 ./Core/Src/main.o
                0x0000000020000a00                ENCODER_1_OFFSET
 .bss.ENCODER_2_OFFSET
                0x0000000020000a04        0x4 ./Core/Src/main.o
                0x0000000020000a04                ENCODER_2_OFFSET
 .bss.angle_position_drv1
                0x0000000020000a08        0x4 ./Core/Src/main.o
                0x0000000020000a08                angle_position_drv1
 .bss.angle_position_drv2
                0x0000000020000a0c        0x4 ./Core/Src/main.o
                0x0000000020000a0c                angle_position_drv2
 .bss.begin_pos_drv1
                0x0000000020000a10        0x4 ./Core/Src/main.o