Archive member included to satisfy reference by file (symbol)

c:/program files/stmicroelectronics/stm32cubeide_1.12.0/stm32cubeide/plugins/com.st.stm32cube.ide.mcu.externaltools.gnu-tools-for-stm32.10.3-2021.10.win32_1.0.200.202301161003/tools/bin/../lib/gcc/arm-none-eabi/10.3.1/../../../../arm-none-eabi/lib/thumb/v7e-m+fp/hard\libc_nano.a(lib_a-errno.o)
                              ./Core/Src/syscalls.o (__errno)
c:/program files/stmicroelectronics/stm32cubeide_1.12.0/stm32cubeide/plugins/com.st.stm32cube.ide.mcu.externaltools.gnu-tools-for-stm32.10.3-2021.10.win32_1.0.200.202301161003/tools/bin/../lib/gcc/arm-none-eabi/10.3.1/../../../../arm-none-eabi/lib/thumb/v7e-m+fp/hard\libc_nano.a(lib_a-exit.o)
                              c:/program files/stmicroelectronics/stm32cubeide_1.12.0/stm32cubeide/plugins/com.st.stm32cube.ide.mcu.externaltools.gnu-tools-for-stm32.10.3-2021.10.win32_1.0.200.202301161003/tools/bin/../lib/gcc/arm-none-eabi/10.3.1/../../../../arm-none-eabi/lib/thumb/v7e-m+fp/hard/crt0.o (exit)
c:/program files/stmicroelectronics/stm32cubeide_1.12.0/stm32cubeide/plugins/com.st.stm32cube.ide.mcu.externaltools.gnu-tools-for-stm32.10.3-2021.10.win32_1.0.200.202301161003/tools/bin/../lib/gcc/arm-none-eabi/10.3.1/../../../../arm-none-eabi/lib/thumb/v7e-m+fp/hard\libc_nano.a(lib_a-impure.o)
                              c:/program files/stmicroelectronics/stm32cubeide_1.12.0/stm32cubeide/plugins/com.st.stm32cube.ide.mcu.externaltools.gnu-tools-for-stm32.10.3-2021.10.win32_1.0.200.202301161003/tools/bin/../lib/gcc/arm-none-eabi/10.3.1/../../../../arm-none-eabi/lib/thumb/v7e-m+fp/hard\libc_nano.a(lib_a-exit.o) (_global_impure_ptr)
c:/program files/stmicroelectronics/stm32cubeide_1.12.0/stm32cubeide/plugins/com.st.stm32cube.ide.mcu.externaltools.gnu-tools-for-stm32.10.3-2021.10.win32_1.0.200.202301161003/tools/bin/../lib/gcc/arm-none-eabi/10.3.1/../../../../arm-none-eabi/lib/thumb/v7e-m+fp/hard\libc_nano.a(lib_a-init.o)
                              c:/program files/stmicroelectronics/stm32cubeide_1.12.0/stm32cubeide/plugins/com.st.stm32cube.ide.mcu.externaltools.gnu-tools-for-stm32.10.3-2021.10.win32_1.0.200.202301161003/tools/bin/../lib/gcc/arm-none-eabi/10.3.1/../../../../arm-none-eabi/lib/thumb/v7e-m+fp/hard/crt0.o (__libc_init_array)
c:/program files/stmicroelectronics/stm32cubeide_1.12.0/stm32cubeide/plugins/com.st.stm32cube.ide.mcu.externaltools.gnu-tools-for-stm32.10.3-2021.10.win32_1.0.200.202301161003/tools/bin/../lib/gcc/arm-none-eabi/10.3.1/../../../../arm-none-eabi/lib/thumb/v7e-m+fp/hard\libc_nano.a(lib_a-memset.o)
                              c:/program files/stmicroelectronics/stm32cubeide_1.12.0/stm32cubeide/plugins/com.st.stm32cube.ide.mcu.externaltools.gnu-tools-for-stm32.10.3-2021.10.win32_1.0.200.202301161003/tools/bin/../lib/gcc/arm-none-eabi/10.3.1/../../../../arm-none-eabi/lib/thumb/v7e-m+fp/hard/crt0.o (memset)
c:/program files/stmicroelectronics/stm32cubeide_1.12.0/stm32cubeide/plugins/com.st.stm32cube.ide.mcu.externaltools.gnu-tools-for-stm32.10.3-2021.10.win32_1.0.200.202301161003/tools/bin/../lib/gcc/arm-none-eabi/10.3.1/thumb/v7e-m+fp/hard\libgcc.a(_aeabi_uldivmod.o)
                              ./Drivers/STM32F7xx_HAL_Driver/Src/stm32f7xx_hal_rcc.o (__aeabi_uldivmod)
c:/program files/stmicroelectronics/stm32cubeide_1.12.0/stm32cubeide/plugins/com.st.stm32cube.ide.mcu.externaltools.gnu-tools-for-stm32.10.3-2021.10.win32_1.0.200.202301161003/tools/bin/../lib/gcc/arm-none-eabi/10.3.1/thumb/v7e-m+fp/hard\libgcc.a(_udivmoddi4.o)
                              c:/program files/stmicroelectronics/stm32cubeide_1.12.0/stm32cubeide/plugins/com.st.stm32cube.ide.mcu.externaltools.gnu-tools-for-stm32.10.3-2021.10.win32_1.0.200.202301161003/tools/bin/../lib/gcc/arm-none-eabi/10.3.1/thumb/v7e-m+fp/hard\libgcc.a(_aeabi_uldivmod.o) (__udivmoddi4)
c:/program files/stmicroelectronics/stm32cubeide_1.12.0/stm32cubeide/plugins/com.st.stm32cube.ide.mcu.externaltools.gnu-tools-for-stm32.10.3-2021.10.win32_1.0.200.202301161003/tools/bin/../lib/gcc/arm-none-eabi/10.3.1/thumb/v7e-m+fp/hard\libgcc.a(_dvmd_tls.o)
                              c:/program files/stmicroelectronics/stm32cubeide_1.12.0/stm32cubeide/plugins/com.st.stm32cube.ide.mcu.externaltools.gnu-tools-for-stm32.10.3-2021.10.win32_1.0.200.202301161003/tools/bin/../lib/gcc/arm-none-eabi/10.3.1/thumb/v7e-m+fp/hard\libgcc.a(_aeabi_uldivmod.o) (__aeabi_ldiv0)

Discarded input sections

 .text          0x0000000000000000        0x0 c:/program files/stmicroelectronics/stm32cubeide_1.12.0/stm32cubeide/plugins/com.st.stm32cube.ide.mcu.externaltools.gnu-tools-for-stm32.10.3-2021.10.win32_1.0.200.202301161003/tools/bin/../lib/gcc/arm-none-eabi/10.3.1/thumb/v7e-m+fp/hard/crti.o
[...]
Memory Configuration

Name             Origin             Length             Attributes
RAM              0x0000000020000000 0x0000000000040000 xrw
FLASH            0x0000000008000000 0x0000000000040000 xr
*default*        0x0000000000000000 0xffffffffffffffff

Linker script and memory map

LOAD c:/program files/stmicroelectronics/stm32cubeide_1.12.0/stm32cubeide/plugins/com.st.stm32cube.ide.mcu.externaltools.gnu-tools-for-stm32.10.3-2021.10.win32_1.0.200.202301161003/tools/bin/../lib/gcc/arm-none-eabi/10.3.1/thumb/v7e-m+fp/hard/crti.o
LOAD c:/program files/stmicroelectronics/stm32cubeide_1.12.0/stm32cubeide/plugins/com.st.stm32cube.ide.mcu.externaltools.gnu-tools-for-stm32.10.3-2021.10.win32_1.0.200.202301161003/tools/bin/../lib/gcc/arm-none-eabi/10.3.1/thumb/v7e-m+fp/hard/crtbegin.o
LOAD c:/program files/stmicroelectronics/stm32cubeide_1.12.0/stm32cubeide/plugins/com.st.stm32cube.ide.mcu.externaltools.gnu-tools-for-stm32.10.3-2021.10.win32_1.0.200.202301161003/tools/bin/../lib/gcc/arm-none-eabi/10.3.1/../../../../arm-none-eabi/lib/thumb/v7e-m+fp/hard/crt0.o
LOAD ./Core/Src/main.o
LOAD ./Core/Src/stm32f7xx_hal_msp.o
LOAD ./Core/Src/stm32f7xx_it.o
LOAD ./Core/Src/syscalls.o
LOAD ./Core/Src/sysmem.o
LOAD ./Core/Src/system_stm32f7xx.o
LOAD ./Core/Startup/startup_stm32f722vctx.o
LOAD ./Drivers/STM32F7xx_HAL_Driver/Src/stm32f7xx_hal.o
LOAD ./Drivers/STM32F7xx_HAL_Driver/Src/stm32f7xx_hal_cortex.o
LOAD ./Drivers/STM32F7xx_HAL_Driver/Src/stm32f7xx_hal_dma.o
LOAD ./Drivers/STM32F7xx_HAL_Driver/Src/stm32f7xx_hal_dma_ex.o
LOAD ./Drivers/STM32F7xx_HAL_Driver/Src/stm32f7xx_hal_exti.o
LOAD ./Drivers/STM32F7xx_HAL_Driver/Src/stm32f7xx_hal_flash.o
LOAD ./Drivers/STM32F7xx_HAL_Driver/Src/stm32f7xx_hal_flash_ex.o
LOAD ./Drivers/STM32F7xx_HAL_Driver/Src/stm32f7xx_hal_gpio.o
LOAD ./Drivers/STM32F7xx_HAL_Driver/Src/stm32f7xx_hal_i2c.o
LOAD ./Drivers/STM32F7xx_HAL_Driver/Src/stm32f7xx_hal_i2c_ex.o
LOAD ./Drivers/STM32F7xx_HAL_Driver/Src/stm32f7xx_hal_pwr.o
LOAD ./Drivers/STM32F7xx_HAL_Driver/Src/stm32f7xx_hal_pwr_ex.o
LOAD ./Drivers/STM32F7xx_HAL_Driver/Src/stm32f7xx_hal_rcc.o
LOAD ./Drivers/STM32F7xx_HAL_Driver/Src/stm32f7xx_hal_rcc_ex.o
LOAD ./Drivers/STM32F7xx_HAL_Driver/Src/stm32f7xx_hal_spi.o
LOAD ./Drivers/STM32F7xx_HAL_Driver/Src/stm32f7xx_hal_spi_ex.o
LOAD ./Drivers/STM32F7xx_HAL_Driver/Src/stm32f7xx_hal_tim.o
LOAD ./Drivers/STM32F7xx_HAL_Driver/Src/stm32f7xx_hal_tim_ex.o
LOAD ./Drivers/STM32F7xx_HAL_Driver/Src/stm32f7xx_hal_uart.o
LOAD ./Drivers/STM32F7xx_HAL_Driver/Src/stm32f7xx_hal_uart_ex.o
START GROUP
LOAD c:/program files/stmicroelectronics/stm32cubeide_1.12.0/stm32cubeide/plugins/com.st.stm32cube.ide.mcu.externaltools.gnu-tools-for-stm32.10.3-2021.10.win32_1.0.200.202301161003/tools/bin/../lib/gcc/arm-none-eabi/10.3.1/../../../../arm-none-eabi/lib/thumb/v7e-m+fp/hard\libc_nano.a
LOAD c:/program files/stmicroelectronics/stm32cubeide_1.12.0/stm32cubeide/plugins/com.st.stm32cube.ide.mcu.externaltools.gnu-tools-for-stm32.10.3-2021.10.win32_1.0.200.202301161003/tools/bin/../lib/gcc/arm-none-eabi/10.3.1/../../../../arm-none-eabi/lib/thumb/v7e-m+fp/hard\libm.a
END GROUP
START GROUP
LOAD c:/program files/stmicroelectronics/stm32cubeide_1.12.0/stm32cubeide/plugins/com.st.stm32cube.ide.mcu.externaltools.gnu-tools-for-stm32.10.3-2021.10.win32_1.0.200.202301161003/tools/bin/../lib/gcc/arm-none-eabi/10.3.1/thumb/v7e-m+fp/hard\libgcc.a
LOAD c:/program files/stmicroelectronics/stm32cubeide_1.12.0/stm32cubeide/plugins/com.st.stm32cube.ide.mcu.externaltools.gnu-tools-for-stm32.10.3-2021.10.win32_1.0.200.202301161003/tools/bin/../lib/gcc/arm-none-eabi/10.3.1/../../../../arm-none-eabi/lib/thumb/v7e-m+fp/hard\libc_nano.a
END GROUP
START GROUP
LOAD c:/program files/stmicroelectronics/stm32cubeide_1.12.0/stm32cubeide/plugins/com.st.stm32cube.ide.mcu.externaltools.gnu-tools-for-stm32.10.3-2021.10.win32_1.0.200.202301161003/tools/bin/../lib/gcc/arm-none-eabi/10.3.1/thumb/v7e-m+fp/hard\libgcc.a
LOAD c:/program files/stmicroelectronics/stm32cubeide_1.12.0/stm32cubeide/plugins/com.st.stm32cube.ide.mcu.externaltools.gnu-tools-for-stm32.10.3-2021.10.win32_1.0.200.202301161003/tools/bin/../lib/gcc/arm-none-eabi/10.3.1/../../../../arm-none-eabi/lib/thumb/v7e-m+fp/hard\libc_nano.a
LOAD c:/program files/stmicroelectronics/stm32cubeide_1.12.0/stm32cubeide/plugins/com.st.stm32cube.ide.mcu.externaltools.gnu-tools-for-stm32.10.3-2021.10.win32_1.0.200.202301161003/tools/bin/../lib/gcc/arm-none-eabi/10.3.1/../../../../arm-none-eabi/lib/thumb/v7e-m+fp/hard\libnosys.a
END GROUP
START GROUP
LOAD c:/program files/stmicroelectronics/stm32cubeide_1.12.0/stm32cubeide/plugins/com.st.stm32cube.ide.mcu.externaltools.gnu-tools-for-stm32.10.3-2021.10.win32_1.0.200.202301161003/tools/bin/../lib/gcc/arm-none-eabi/10.3.1/thumb/v7e-m+fp/hard\libgcc.a
LOAD c:/program files/stmicroelectronics/stm32cubeide_1.12.0/stm32cubeide/plugins/com.st.stm32cube.ide.mcu.externaltools.gnu-tools-for-stm32.10.3-2021.10.win32_1.0.200.202301161003/tools/bin/../lib/gcc/arm-none-eabi/10.3.1/../../../../arm-none-eabi/lib/thumb/v7e-m+fp/hard\libc_nano.a
LOAD c:/program files/stmicroelectronics/stm32cubeide_1.12.0/stm32cubeide/plugins/com.st.stm32cube.ide.mcu.externaltools.gnu-tools-for-stm32.10.3-2021.10.win32_1.0.200.202301161003/tools/bin/../lib/gcc/arm-none-eabi/10.3.1/../../../../arm-none-eabi/lib/thumb/v7e-m+fp/hard\libnosys.a
END GROUP
LOAD c:/program files/stmicroelectronics/stm32cubeide_1.12.0/stm32cubeide/plugins/com.st.stm32cube.ide.mcu.externaltools.gnu-tools-for-stm32.10.3-2021.10.win32_1.0.200.202301161003/tools/bin/../lib/gcc/arm-none-eabi/10.3.1/thumb/v7e-m+fp/hard/crtend.o
LOAD c:/program files/stmicroelectronics/stm32cubeide_1.12.0/stm32cubeide/plugins/com.st.stm32cube.ide.mcu.externaltools.gnu-tools-for-stm32.10.3-2021.10.win32_1.0.200.202301161003/tools/bin/../lib/gcc/arm-none-eabi/10.3.1/thumb/v7e-m+fp/hard/crtn.o
                0x0000000020040000                _estack = (ORIGIN (RAM) + LENGTH (RAM))
                0x0000000000000200                _Min_Heap_Size = 0x200
                0x0000000000000400                _Min_Stack_Size = 0x400

.isr_vector     0x0000000008000000      0x1e0
                0x0000000008000000                . = ALIGN (0x4)
 *(.isr_vector)
 .isr_vector    0x0000000008000000      0x1e0 ./Core/Startup/startup_stm32f722vctx.o
                0x0000000008000000                g_pfnVectors
                0x00000000080001e0                . = ALIGN (0x4)

.text           0x00000000080001e0     0x7930
                0x00000000080001e0                . = ALIGN (0x4)
 *(.text)
 .text          0x00000000080001e0       0x40 c:/program files/stmicroelectronics/stm32cubeide_1.12.0/stm32cubeide/plugins/com.st.stm32cube.ide.mcu.externaltools.gnu-tools-for-stm32.10.3-2021.10.win32_1.0.200.202301161003/tools/bin/../lib/gcc/arm-none-eabi/10.3.1/thumb/v7e-m+fp/hard/crtbegin.o
 .text          0x0000000008000220       0x30 c:/program files/stmicroelectronics/stm32cubeide_1.12.0/stm32cubeide/plugins/com.st.stm32cube.ide.mcu.externaltools.gnu-tools-for-stm32.10.3-2021.10.win32_1.0.200.202301161003/tools/bin/../lib/gcc/arm-none-eabi/10.3.1/thumb/v7e-m+fp/hard\libgcc.a(_aeabi_uldivmod.o)
                0x0000000008000220                __aeabi_uldivmod
 .text          0x0000000008000250      0x2d0 c:/program files/stmicroelectronics/stm32cubeide_1.12.0/stm32cubeide/plugins/com.st.stm32cube.ide.mcu.externaltools.gnu-tools-for-stm32.10.3-2021.10.win32_1.0.200.202301161003/tools/bin/../lib/gcc/arm-none-eabi/10.3.1/thumb/v7e-m+fp/hard\libgcc.a(_udivmoddi4.o)
                0x0000000008000250                __udivmoddi4
 .text          0x0000000008000520        0x4 c:/program files/stmicroelectronics/stm32cubeide_1.12.0/stm32cubeide/plugins/com.st.stm32cube.ide.mcu.externaltools.gnu-tools-for-stm32.10.3-2021.10.win32_1.0.200.202301161003/tools/bin/../lib/gcc/arm-none-eabi/10.3.1/thumb/v7e-m+fp/hard\libgcc.a(_dvmd_tls.o)
                0x0000000008000520                __aeabi_idiv0
                0x0000000008000520                __aeabi_ldiv0
 *(.text*)
 .text.main     0x0000000008000524       0xe8 ./Core/Src/main.o
                0x0000000008000524                main
 .text.SystemClock_Config
                0x000000000800060c       0xdc ./Core/Src/main.o
                0x000000000800060c                SystemClock_Config
 .text.MX_SPI3_Init
                0x00000000080006e8       0x7c ./Core/Src/main.o
 .text.MX_SPI4_Init
                0x0000000008000764       0x7c ./Core/Src/main.o
 .text.MX_TIM2_Init
                0x00000000080007e0       0x9c ./Core/Src/main.o
 .text.MX_TIM3_Init
                0x000000000800087c       0x9c ./Core/Src/main.o
 .text.MX_TIM6_Init
                0x0000000008000918       0x6c ./Core/Src/main.o
 .text.MX_TIM7_Init
                0x0000000008000984       0x6c ./Core/Src/main.o
 .text.MX_TIM10_Init
                0x00000000080009f0       0x48 ./Core/Src/main.o
 .text.MX_USART1_UART_Init
                0x0000000008000a38       0x60 ./Core/Src/main.o
 .text.MX_USART3_UART_Init
                0x0000000008000a98       0x64 ./Core/Src/main.o
 .text.MX_DMA_Init
                0x0000000008000afc       0xc4 ./Core/Src/main.o
 .text.MX_GPIO_Init
                0x0000000008000bc0      0x11c ./Core/Src/main.o
 .text.parser   0x0000000008000cdc      0x3ec ./Core/Src/main.o
                0x0000000008000cdc                parser
 .text.stepDriver
                0x00000000080010c8       0xbc ./Core/Src/main.o
                0x00000000080010c8                stepDriver
 .text.changeMotorDirection
                0x0000000008001184       0x94 ./Core/Src/main.o
                0x0000000008001184                changeMotorDirection
 .text.HAL_UART_RxCpltCallback
                0x0000000008001218       0x58 ./Core/Src/main.o
                0x0000000008001218                HAL_UART_RxCpltCallback
 .text.HAL_SPI_RxCpltCallback
                0x0000000008001270       0xe8 ./Core/Src/main.o
                0x0000000008001270                HAL_SPI_RxCpltCallback
 .text.HAL_TIM_PeriodElapsedCallback
                0x0000000008001358       0x80 ./Core/Src/main.o
                0x0000000008001358                HAL_TIM_PeriodElapsedCallback
 .text.createResponsePacket
                0x00000000080013d8      0x174 ./Core/Src/main.o
                0x00000000080013d8                createResponsePacket
 .text.calculateEncPosition
                0x000000000800154c       0x70 ./Core/Src/main.o
                0x000000000800154c                calculateEncPosition
 .text.FlashInit
                0x00000000080015bc       0x2c ./Core/Src/main.o
                0x00000000080015bc                FlashInit
 .text.WriteToFlash
                0x00000000080015e8       0x94 ./Core/Src/main.o
                0x00000000080015e8                WriteToFlash
 .text.ReadFlash
                0x000000000800167c       0x6c ./Core/Src/main.o
                0x000000000800167c                ReadFlash
 .text.clearBuffer
                0x00000000080016e8       0x38 ./Core/Src/main.o
                0x00000000080016e8                clearBuffer
 .text.getADCAmplifierVal
                0x0000000008001720       0xdc ./Core/Src/main.o
                0x0000000008001720                getADCAmplifierVal
 .text.usDelay  0x00000000080017fc       0x34 ./Core/Src/main.o
                0x00000000080017fc                usDelay
 .text.completeReceivePhotodetector
                0x0000000008001830       0x64 ./Core/Src/main.o
                0x0000000008001830                completeReceivePhotodetector
 .text.Error_Handler
                0x0000000008001894        0xa ./Core/Src/main.o
                0x0000000008001894                Error_Handler
 *fill*         0x000000000800189e        0x2 
 .text.HAL_MspInit
                0x00000000080018a0       0x48 ./Core/Src/stm32f7xx_hal_msp.o
                0x00000000080018a0                HAL_MspInit
 .text.HAL_SPI_MspInit
                0x00000000080018e8      0x2b8 ./Core/Src/stm32f7xx_hal_msp.o
                0x00000000080018e8                HAL_SPI_MspInit
 .text.HAL_TIM_Base_MspInit
                0x0000000008001ba0      0x108 ./Core/Src/stm32f7xx_hal_msp.o
                0x0000000008001ba0                HAL_TIM_Base_MspInit
 .text.HAL_UART_MspInit
                0x0000000008001ca8      0x30c ./Core/Src/stm32f7xx_hal_msp.o
                0x0000000008001ca8                HAL_UART_MspInit
 .text.NMI_Handler
                0x0000000008001fb4        0x6 ./Core/Src/stm32f7xx_it.o
                0x0000000008001fb4                NMI_Handler
 .text.HardFault_Handler
                0x0000000008001fba        0x6 ./Core/Src/stm32f7xx_it.o
                0x0000000008001fba                HardFault_Handler
 .text.MemManage_Handler
                0x0000000008001fc0        0x6 ./Core/Src/stm32f7xx_it.o
                0x0000000008001fc0                MemManage_Handler
 .text.BusFault_Handler
                0x0000000008001fc6        0x6 ./Core/Src/stm32f7xx_it.o
                0x0000000008001fc6                BusFault_Handler
 .text.UsageFault_Handler
                0x0000000008001fcc        0x6 ./Core/Src/stm32f7xx_it.o
                0x0000000008001fcc                UsageFault_Handler
 .text.SVC_Handler
                0x0000000008001fd2        0xe ./Core/Src/stm32f7xx_it.o
                0x0000000008001fd2                SVC_Handler
 .text.DebugMon_Handler
                0x0000000008001fe0        0xe ./Core/Src/stm32f7xx_it.o
                0x0000000008001fe0                DebugMon_Handler
 .text.PendSV_Handler
                0x0000000008001fee        0xe ./Core/Src/stm32f7xx_it.o
                0x0000000008001fee                PendSV_Handler
 .text.SysTick_Handler
                0x0000000008001ffc        0xc ./Core/Src/stm32f7xx_it.o
                0x0000000008001ffc                SysTick_Handler
 .text.DMA1_Stream0_IRQHandler
                0x0000000008002008       0x14 ./Core/Src/stm32f7xx_it.o
                0x0000000008002008                DMA1_Stream0_IRQHandler
 .text.DMA1_Stream1_IRQHandler
                0x000000000800201c       0x14 ./Core/Src/stm32f7xx_it.o
                0x000000000800201c                DMA1_Stream1_IRQHandler
 .text.DMA1_Stream3_IRQHandler
                0x0000000008002030       0x14 ./Core/Src/stm32f7xx_it.o
                0x0000000008002030                DMA1_Stream3_IRQHandler
 .text.DMA1_Stream5_IRQHandler
                0x0000000008002044       0x14 ./Core/Src/stm32f7xx_it.o
                0x0000000008002044                DMA1_Stream5_IRQHandler
 .text.TIM1_UP_TIM10_IRQHandler
                0x0000000008002058       0x14 ./Core/Src/stm32f7xx_it.o
                0x0000000008002058                TIM1_UP_TIM10_IRQHandler
 .text.TIM2_IRQHandler
                0x000000000800206c       0x14 ./Core/Src/stm32f7xx_it.o
                0x000000000800206c                TIM2_IRQHandler
 .text.USART1_IRQHandler
                0x0000000008002080       0x14 ./Core/Src/stm32f7xx_it.o
                0x0000000008002080                USART1_IRQHandler
 .text.USART3_IRQHandler
                0x0000000008002094       0x14 ./Core/Src/stm32f7xx_it.o
                0x0000000008002094                USART3_IRQHandler
 .text.TIM7_IRQHandler
                0x00000000080020a8       0x14 ./Core/Src/stm32f7xx_it.o
                0x00000000080020a8                TIM7_IRQHandler
 .text.DMA2_Stream0_IRQHandler
                0x00000000080020bc       0x14 ./Core/Src/stm32f7xx_it.o
                0x00000000080020bc                DMA2_Stream0_IRQHandler
 .text.DMA2_Stream1_IRQHandler
                0x00000000080020d0       0x14 ./Core/Src/stm32f7xx_it.o
                0x00000000080020d0                DMA2_Stream1_IRQHandler
 .text.DMA2_Stream2_IRQHandler
                0x00000000080020e4       0x14 ./Core/Src/stm32f7xx_it.o
                0x00000000080020e4                DMA2_Stream2_IRQHandler
 .text.DMA2_Stream7_IRQHandler
                0x00000000080020f8       0x14 ./Core/Src/stm32f7xx_it.o
                0x00000000080020f8                DMA2_Stream7_IRQHandler
 .text.SystemInit
                0x000000000800210c       0x24 ./Core/Src/system_stm32f7xx.o
                0x000000000800210c                SystemInit
 .text.Reset_Handler
                0x0000000008002130       0x50 ./Core/Startup/startup_stm32f722vctx.o
                0x0000000008002130                Reset_Handler
 .text.Default_Handler
                0x0000000008002180        0x2 ./Core/Startup/startup_stm32f722vctx.o
                0x0000000008002180                RTC_Alarm_IRQHandler
                0x0000000008002180                EXTI2_IRQHandler
                0x0000000008002180                TIM8_CC_IRQHandler
                0x0000000008002180                UART8_IRQHandler
                0x0000000008002180                SPI4_IRQHandler
                0x0000000008002180                TIM1_CC_IRQHandler
                0x0000000008002180                DMA2_Stream5_IRQHandler
                0x0000000008002180                PVD_IRQHandler
                0x0000000008002180                TAMP_STAMP_IRQHandler
                0x0000000008002180                EXTI3_IRQHandler
                0x0000000008002180                TIM8_TRG_COM_TIM14_IRQHandler
                0x0000000008002180                TIM8_UP_TIM13_IRQHandler
                0x0000000008002180                I2C3_ER_IRQHandler
                0x0000000008002180                EXTI0_IRQHandler
                0x0000000008002180                I2C2_EV_IRQHandler
                0x0000000008002180                DMA1_Stream2_IRQHandler
                0x0000000008002180                CAN1_RX0_IRQHandler
                0x0000000008002180                FPU_IRQHandler
                0x0000000008002180                OTG_HS_WKUP_IRQHandler
                0x0000000008002180                SPI1_IRQHandler
                0x0000000008002180                TIM6_DAC_IRQHandler
                0x0000000008002180                TIM1_BRK_TIM9_IRQHandler
                0x0000000008002180                DMA2_Stream3_IRQHandler
                0x0000000008002180                SAI2_IRQHandler
                0x0000000008002180                USART6_IRQHandler
                0x0000000008002180                CAN1_RX1_IRQHandler
                0x0000000008002180                UART5_IRQHandler
                0x0000000008002180                TIM4_IRQHandler
                0x0000000008002180                QUADSPI_IRQHandler
                0x0000000008002180                I2C1_EV_IRQHandler
                0x0000000008002180                DMA1_Stream6_IRQHandler
                0x0000000008002180                UART4_IRQHandler
                0x0000000008002180                TIM3_IRQHandler
                0x0000000008002180                RCC_IRQHandler
                0x0000000008002180                TIM8_BRK_TIM12_IRQHandler
                0x0000000008002180                Default_Handler
                0x0000000008002180                EXTI15_10_IRQHandler
                0x0000000008002180                ADC_IRQHandler
                0x0000000008002180                DMA1_Stream7_IRQHandler
                0x0000000008002180                SPI5_IRQHandler
                0x0000000008002180                SDMMC1_IRQHandler
                0x0000000008002180                TIM5_IRQHandler
                0x0000000008002180                I2C3_EV_IRQHandler
                0x0000000008002180                EXTI9_5_IRQHandler
                0x0000000008002180                RTC_WKUP_IRQHandler
                0x0000000008002180                SPI2_IRQHandler
                0x0000000008002180                OTG_HS_EP1_IN_IRQHandler
                0x0000000008002180                CAN1_TX_IRQHandler
                0x0000000008002180                EXTI4_IRQHandler
                0x0000000008002180                RNG_IRQHandler
                0x0000000008002180                OTG_HS_EP1_OUT_IRQHandler
                0x0000000008002180                WWDG_IRQHandler
                0x0000000008002180                OTG_FS_WKUP_IRQHandler
                0x0000000008002180                TIM1_TRG_COM_TIM11_IRQHandler
                0x0000000008002180                OTG_HS_IRQHandler
                0x0000000008002180                EXTI1_IRQHandler
                0x0000000008002180                SDMMC2_IRQHandler
                0x0000000008002180                UART7_IRQHandler
                0x0000000008002180                USART2_IRQHandler
                0x0000000008002180                I2C2_ER_IRQHandler
                0x0000000008002180                CAN1_SCE_IRQHandler
                0x0000000008002180                FLASH_IRQHandler
                0x0000000008002180                DMA2_Stream4_IRQHandler
                0x0000000008002180                OTG_FS_IRQHandler
                0x0000000008002180                SPI3_IRQHandler
                0x0000000008002180                DMA1_Stream4_IRQHandler
                0x0000000008002180                I2C1_ER_IRQHandler
                0x0000000008002180                FMC_IRQHandler
                0x0000000008002180                LPTIM1_IRQHandler
                0x0000000008002180                DMA2_Stream6_IRQHandler
                0x0000000008002180                SAI1_IRQHandler
 .text.HAL_Init
                0x0000000008002182       0x1a ./Drivers/STM32F7xx_HAL_Driver/Src/stm32f7xx_hal.o
                0x0000000008002182                HAL_Init
 .text.HAL_InitTick
                0x000000000800219c       0x60 ./Drivers/STM32F7xx_HAL_Driver/Src/stm32f7xx_hal.o
                0x000000000800219c                HAL_InitTick
 .text.HAL_IncTick
                0x00000000080021fc       0x28 ./Drivers/STM32F7xx_HAL_Driver/Src/stm32f7xx_hal.o
                0x00000000080021fc                HAL_IncTick
 .text.HAL_GetTick
                0x0000000008002224       0x18 ./Drivers/STM32F7xx_HAL_Driver/Src/stm32f7xx_hal.o
                0x0000000008002224                HAL_GetTick
 .text.HAL_Delay
                0x000000000800223c       0x48 ./Drivers/STM32F7xx_HAL_Driver/Src/stm32f7xx_hal.o
                0x000000000800223c                HAL_Delay
 .text.__NVIC_SetPriorityGrouping
                0x0000000008002284       0x48 ./Drivers/STM32F7xx_HAL_Driver/Src/stm32f7xx_hal_cortex.o
 .text.__NVIC_GetPriorityGrouping
                0x00000000080022cc       0x1c ./Drivers/STM32F7xx_HAL_Driver/Src/stm32f7xx_hal_cortex.o
 .text.__NVIC_EnableIRQ
                0x00000000080022e8       0x3c ./Drivers/STM32F7xx_HAL_Driver/Src/stm32f7xx_hal_cortex.o
 .text.__NVIC_SetPriority
                0x0000000008002324       0x54 ./Drivers/STM32F7xx_HAL_Driver/Src/stm32f7xx_hal_cortex.o
 .text.NVIC_EncodePriority
                0x0000000008002378       0x66 ./Drivers/STM32F7xx_HAL_Driver/Src/stm32f7xx_hal_cortex.o
 *fill*         0x00000000080023de        0x2 
 .text.SysTick_Config
                0x00000000080023e0       0x44 ./Drivers/STM32F7xx_HAL_Driver/Src/stm32f7xx_hal_cortex.o
 .text.HAL_NVIC_SetPriorityGrouping
                0x0000000008002424       0x16 ./Drivers/STM32F7xx_HAL_Driver/Src/stm32f7xx_hal_cortex.o
                0x0000000008002424                HAL_NVIC_SetPriorityGrouping
 .text.HAL_NVIC_SetPriority
                0x000000000800243a       0x38 ./Drivers/STM32F7xx_HAL_Driver/Src/stm32f7xx_hal_cortex.o
                0x000000000800243a                HAL_NVIC_SetPriority
 .text.HAL_NVIC_EnableIRQ
                0x0000000008002472       0x1c ./Drivers/STM32F7xx_HAL_Driver/Src/stm32f7xx_hal_cortex.o
                0x0000000008002472                HAL_NVIC_EnableIRQ
 .text.HAL_SYSTICK_Config
                0x000000000800248e       0x18 ./Drivers/STM32F7xx_HAL_Driver/Src/stm32f7xx_hal_cortex.o
                0x000000000800248e                HAL_SYSTICK_Config
 *fill*         0x00000000080024a6        0x2 
 .text.HAL_DMA_Init
                0x00000000080024a8      0x15c ./Drivers/STM32F7xx_HAL_Driver/Src/stm32f7xx_hal_dma.o
                0x00000000080024a8                HAL_DMA_Init
 .text.HAL_DMA_Start_IT
                0x0000000008002604       0xc0 ./Drivers/STM32F7xx_HAL_Driver/Src/stm32f7xx_hal_dma.o
                0x0000000008002604                HAL_DMA_Start_IT
 .text.HAL_DMA_Abort
                0x00000000080026c4       0xe0 ./Drivers/STM32F7xx_HAL_Driver/Src/stm32f7xx_hal_dma.o
                0x00000000080026c4                HAL_DMA_Abort
 .text.HAL_DMA_Abort_IT
                0x00000000080027a4       0x44 ./Drivers/STM32F7xx_HAL_Driver/Src/stm32f7xx_hal_dma.o
                0x00000000080027a4                HAL_DMA_Abort_IT
 .text.HAL_DMA_IRQHandler
                0x00000000080027e8      0x314 ./Drivers/STM32F7xx_HAL_Driver/Src/stm32f7xx_hal_dma.o
                0x00000000080027e8                HAL_DMA_IRQHandler
 .text.HAL_DMA_GetError
                0x0000000008002afc       0x18 ./Drivers/STM32F7xx_HAL_Driver/Src/stm32f7xx_hal_dma.o
                0x0000000008002afc                HAL_DMA_GetError
 .text.DMA_SetConfig
                0x0000000008002b14       0x5c ./Drivers/STM32F7xx_HAL_Driver/Src/stm32f7xx_hal_dma.o
 .text.DMA_CalcBaseAndBitshift
                0x0000000008002b70       0x6c ./Drivers/STM32F7xx_HAL_Driver/Src/stm32f7xx_hal_dma.o
 .text.DMA_CheckFifoParam
                0x0000000008002bdc       0xf8 ./Drivers/STM32F7xx_HAL_Driver/Src/stm32f7xx_hal_dma.o
 .text.HAL_FLASH_Program
                0x0000000008002cd4       0xb4 ./Drivers/STM32F7xx_HAL_Driver/Src/stm32f7xx_hal_flash.o
                0x0000000008002cd4                HAL_FLASH_Program
 .text.HAL_FLASH_Unlock
                0x0000000008002d88       0x44 ./Drivers/STM32F7xx_HAL_Driver/Src/stm32f7xx_hal_flash.o
                0x0000000008002d88                HAL_FLASH_Unlock
 .text.HAL_FLASH_Lock
                0x0000000008002dcc       0x20 ./Drivers/STM32F7xx_HAL_Driver/Src/stm32f7xx_hal_flash.o
                0x0000000008002dcc                HAL_FLASH_Lock
 .text.FLASH_WaitForLastOperation
                0x0000000008002dec       0x80 ./Drivers/STM32F7xx_HAL_Driver/Src/stm32f7xx_hal_flash.o
                0x0000000008002dec                FLASH_WaitForLastOperation
 .text.FLASH_Program_DoubleWord
                0x0000000008002e6c       0x6c ./Drivers/STM32F7xx_HAL_Driver/Src/stm32f7xx_hal_flash.o
 .text.FLASH_Program_Word
                0x0000000008002ed8       0x4c ./Drivers/STM32F7xx_HAL_Driver/Src/stm32f7xx_hal_flash.o
 .text.FLASH_Program_HalfWord
                0x0000000008002f24       0x4c ./Drivers/STM32F7xx_HAL_Driver/Src/stm32f7xx_hal_flash.o
 .text.FLASH_Program_Byte
                0x0000000008002f70       0x48 ./Drivers/STM32F7xx_HAL_Driver/Src/stm32f7xx_hal_flash.o
 .text.FLASH_SetErrorCode
                0x0000000008002fb8       0xb0 ./Drivers/STM32F7xx_HAL_Driver/Src/stm32f7xx_hal_flash.o
 .text.HAL_FLASHEx_Erase
                0x0000000008003068       0xd4 ./Drivers/STM32F7xx_HAL_Driver/Src/stm32f7xx_hal_flash_ex.o
                0x0000000008003068                HAL_FLASHEx_Erase
 .text.FLASH_MassErase
                0x000000000800313c       0x4c ./Drivers/STM32F7xx_HAL_Driver/Src/stm32f7xx_hal_flash_ex.o
 .text.FLASH_Erase_Sector
                0x0000000008003188       0x98 ./Drivers/STM32F7xx_HAL_Driver/Src/stm32f7xx_hal_flash_ex.o
                0x0000000008003188                FLASH_Erase_Sector
 .text.HAL_GPIO_Init
                0x0000000008003220      0x338 ./Drivers/STM32F7xx_HAL_Driver/Src/stm32f7xx_hal_gpio.o
                0x0000000008003220                HAL_GPIO_Init
 .text.HAL_GPIO_WritePin
                0x0000000008003558       0x32 ./Drivers/STM32F7xx_HAL_Driver/Src/stm32f7xx_hal_gpio.o
                0x0000000008003558                HAL_GPIO_WritePin
 .text.HAL_GPIO_TogglePin
                0x000000000800358a       0x34 ./Drivers/STM32F7xx_HAL_Driver/Src/stm32f7xx_hal_gpio.o
                0x000000000800358a                HAL_GPIO_TogglePin
 *fill*         0x00000000080035be        0x2 
 .text.HAL_PWREx_EnableOverDrive
                0x00000000080035c0       0xa0 ./Drivers/STM32F7xx_HAL_Driver/Src/stm32f7xx_hal_pwr_ex.o
                0x00000000080035c0                HAL_PWREx_EnableOverDrive
 .text.HAL_RCC_OscConfig
                0x0000000008003660      0x548 ./Drivers/STM32F7xx_HAL_Driver/Src/stm32f7xx_hal_rcc.o
                0x0000000008003660                HAL_RCC_OscConfig
 .text.HAL_RCC_ClockConfig
                0x0000000008003ba8      0x1d8 ./Drivers/STM32F7xx_HAL_Driver/Src/stm32f7xx_hal_rcc.o
                0x0000000008003ba8                HAL_RCC_ClockConfig
 .text.HAL_RCC_GetSysClockFreq
                0x0000000008003d80      0x20c ./Drivers/STM32F7xx_HAL_Driver/Src/stm32f7xx_hal_rcc.o
                0x0000000008003d80                HAL_RCC_GetSysClockFreq
 .text.HAL_RCC_GetHCLKFreq
                0x0000000008003f8c       0x18 ./Drivers/STM32F7xx_HAL_Driver/Src/stm32f7xx_hal_rcc.o
                0x0000000008003f8c                HAL_RCC_GetHCLKFreq
 .text.HAL_RCC_GetPCLK1Freq
                0x0000000008003fa4       0x28 ./Drivers/STM32F7xx_HAL_Driver/Src/stm32f7xx_hal_rcc.o
                0x0000000008003fa4                HAL_RCC_GetPCLK1Freq
 .text.HAL_RCC_GetPCLK2Freq
                0x0000000008003fcc       0x28 ./Drivers/STM32F7xx_HAL_Driver/Src/stm32f7xx_hal_rcc.o
                0x0000000008003fcc                HAL_RCC_GetPCLK2Freq
 .text.HAL_RCCEx_PeriphCLKConfig
                0x0000000008003ff4      0x694 ./Drivers/STM32F7xx_HAL_Driver/Src/stm32f7xx_hal_rcc_ex.o
                0x0000000008003ff4                HAL_RCCEx_PeriphCLKConfig
 .text.HAL_SPI_Init
                0x0000000008004688      0x156 ./Drivers/STM32F7xx_HAL_Driver/Src/stm32f7xx_hal_spi.o
                0x0000000008004688                HAL_SPI_Init
 *fill*         0x00000000080047de        0x2 
 .text.HAL_SPI_Receive_DMA
                0x00000000080047e0      0x240 ./Drivers/STM32F7xx_HAL_Driver/Src/stm32f7xx_hal_spi.o
                0x00000000080047e0                HAL_SPI_Receive_DMA
 .text.HAL_SPI_TransmitReceive_DMA
                0x0000000008004a20      0x30c ./Drivers/STM32F7xx_HAL_Driver/Src/stm32f7xx_hal_spi.o
                0x0000000008004a20                HAL_SPI_TransmitReceive_DMA
 .text.HAL_SPI_TxRxCpltCallback
                0x0000000008004d2c       0x14 ./Drivers/STM32F7xx_HAL_Driver/Src/stm32f7xx_hal_spi.o
                0x0000000008004d2c                HAL_SPI_TxRxCpltCallback
 .text.HAL_SPI_RxHalfCpltCallback
                0x0000000008004d40       0x14 ./Drivers/STM32F7xx_HAL_Driver/Src/stm32f7xx_hal_spi.o
                0x0000000008004d40                HAL_SPI_RxHalfCpltCallback
 .text.HAL_SPI_TxRxHalfCpltCallback
                0x0000000008004d54       0x14 ./Drivers/STM32F7xx_HAL_Driver/Src/stm32f7xx_hal_spi.o
                0x0000000008004d54                HAL_SPI_TxRxHalfCpltCallback
 .text.HAL_SPI_ErrorCallback
                0x0000000008004d68       0x14 ./Drivers/STM32F7xx_HAL_Driver/Src/stm32f7xx_hal_spi.o
                0x0000000008004d68                HAL_SPI_ErrorCallback
 .text.SPI_DMAReceiveCplt
                0x0000000008004d7c       0xaa ./Drivers/STM32F7xx_HAL_Driver/Src/stm32f7xx_hal_spi.o
 .text.SPI_DMATransmitReceiveCplt
                0x0000000008004e26       0x92 ./Drivers/STM32F7xx_HAL_Driver/Src/stm32f7xx_hal_spi.o
 .text.SPI_DMAHalfReceiveCplt
                0x0000000008004eb8       0x1c ./Drivers/STM32F7xx_HAL_Driver/Src/stm32f7xx_hal_spi.o
 .text.SPI_DMAHalfTransmitReceiveCplt
                0x0000000008004ed4       0x1c ./Drivers/STM32F7xx_HAL_Driver/Src/stm32f7xx_hal_spi.o
 .text.SPI_DMAError
                0x0000000008004ef0       0x40 ./Drivers/STM32F7xx_HAL_Driver/Src/stm32f7xx_hal_spi.o
 .text.SPI_WaitFlagStateUntilTimeout
                0x0000000008004f30      0x110 ./Drivers/STM32F7xx_HAL_Driver/Src/stm32f7xx_hal_spi.o
 .text.SPI_WaitFifoStateUntilTimeout
                0x0000000008005040      0x12c ./Drivers/STM32F7xx_HAL_Driver/Src/stm32f7xx_hal_spi.o
 .text.SPI_EndRxTransaction
                0x000000000800516c       0xf8 ./Drivers/STM32F7xx_HAL_Driver/Src/stm32f7xx_hal_spi.o
 .text.SPI_EndRxTxTransaction
                0x0000000008005264       0xd4 ./Drivers/STM32F7xx_HAL_Driver/Src/stm32f7xx_hal_spi.o
 .text.HAL_TIM_Base_Init
                0x0000000008005338       0xae ./Drivers/STM32F7xx_HAL_Driver/Src/stm32f7xx_hal_tim.o
                0x0000000008005338                HAL_TIM_Base_Init
 *fill*         0x00000000080053e6        0x2 
 .text.HAL_TIM_Base_Start
                0x00000000080053e8       0xe0 ./Drivers/STM32F7xx_HAL_Driver/Src/stm32f7xx_hal_tim.o
                0x00000000080053e8                HAL_TIM_Base_Start
 .text.HAL_TIM_Base_Stop
                0x00000000080054c8       0x50 ./Drivers/STM32F7xx_HAL_Driver/Src/stm32f7xx_hal_tim.o
                0x00000000080054c8                HAL_TIM_Base_Stop
 .text.HAL_TIM_Base_Start_IT
                0x0000000008005518       0xf0 ./Drivers/STM32F7xx_HAL_Driver/Src/stm32f7xx_hal_tim.o
                0x0000000008005518                HAL_TIM_Base_Start_IT
 .text.HAL_TIM_Base_Stop_IT
                0x0000000008005608       0x60 ./Drivers/STM32F7xx_HAL_Driver/Src/stm32f7xx_hal_tim.o
                0x0000000008005608                HAL_TIM_Base_Stop_IT
 .text.HAL_TIM_IRQHandler
                0x0000000008005668      0x20e ./Drivers/STM32F7xx_HAL_Driver/Src/stm32f7xx_hal_tim.o
                0x0000000008005668                HAL_TIM_IRQHandler
 *fill*         0x0000000008005876        0x2 
 .text.HAL_TIM_ConfigClockSource
                0x0000000008005878      0x194 ./Drivers/STM32F7xx_HAL_Driver/Src/stm32f7xx_hal_tim.o
                0x0000000008005878                HAL_TIM_ConfigClockSource
 .text.HAL_TIM_OC_DelayElapsedCallback
                0x0000000008005a0c       0x14 ./Drivers/STM32F7xx_HAL_Driver/Src/stm32f7xx_hal_tim.o
                0x0000000008005a0c                HAL_TIM_OC_DelayElapsedCallback
 .text.HAL_TIM_IC_CaptureCallback
                0x0000000008005a20       0x14 ./Drivers/STM32F7xx_HAL_Driver/Src/stm32f7xx_hal_tim.o
                0x0000000008005a20                HAL_TIM_IC_CaptureCallback
 .text.HAL_TIM_PWM_PulseFinishedCallback
                0x0000000008005a34       0x14 ./Drivers/STM32F7xx_HAL_Driver/Src/stm32f7xx_hal_tim.o
                0x0000000008005a34                HAL_TIM_PWM_PulseFinishedCallback
 .text.HAL_TIM_TriggerCallback
                0x0000000008005a48       0x14 ./Drivers/STM32F7xx_HAL_Driver/Src/stm32f7xx_hal_tim.o
                0x0000000008005a48                HAL_TIM_TriggerCallback
 .text.TIM_Base_SetConfig
                0x0000000008005a5c      0x14c ./Drivers/STM32F7xx_HAL_Driver/Src/stm32f7xx_hal_tim.o
                0x0000000008005a5c                TIM_Base_SetConfig
 .text.TIM_TI1_ConfigInputStage
                0x0000000008005ba8       0x5e ./Drivers/STM32F7xx_HAL_Driver/Src/stm32f7xx_hal_tim.o
 .text.TIM_TI2_ConfigInputStage
                0x0000000008005c06       0x60 ./Drivers/STM32F7xx_HAL_Driver/Src/stm32f7xx_hal_tim.o
 .text.TIM_ITRx_SetConfig
                0x0000000008005c66       0x36 ./Drivers/STM32F7xx_HAL_Driver/Src/stm32f7xx_hal_tim.o
 .text.TIM_ETR_SetConfig
                0x0000000008005c9c       0x40 ./Drivers/STM32F7xx_HAL_Driver/Src/stm32f7xx_hal_tim.o
                0x0000000008005c9c                TIM_ETR_SetConfig
 .text.HAL_TIMEx_MasterConfigSynchronization
                0x0000000008005cdc      0x11c ./Drivers/STM32F7xx_HAL_Driver/Src/stm32f7xx_hal_tim_ex.o
                0x0000000008005cdc                HAL_TIMEx_MasterConfigSynchronization
 .text.HAL_TIMEx_CommutCallback
                0x0000000008005df8       0x14 ./Drivers/STM32F7xx_HAL_Driver/Src/stm32f7xx_hal_tim_ex.o
                0x0000000008005df8                HAL_TIMEx_CommutCallback
 .text.HAL_TIMEx_BreakCallback
                0x0000000008005e0c       0x14 ./Drivers/STM32F7xx_HAL_Driver/Src/stm32f7xx_hal_tim_ex.o
                0x0000000008005e0c                HAL_TIMEx_BreakCallback
 .text.HAL_TIMEx_Break2Callback
                0x0000000008005e20       0x14 ./Drivers/STM32F7xx_HAL_Driver/Src/stm32f7xx_hal_tim_ex.o
                0x0000000008005e20                HAL_TIMEx_Break2Callback
 .text.HAL_UART_Init
                0x0000000008005e34       0x9c ./Drivers/STM32F7xx_HAL_Driver/Src/stm32f7xx_hal_uart.o
                0x0000000008005e34                HAL_UART_Init
 .text.HAL_UART_Transmit
                0x0000000008005ed0      0x112 ./Drivers/STM32F7xx_HAL_Driver/Src/stm32f7xx_hal_uart.o
                0x0000000008005ed0                HAL_UART_Transmit
 .text.HAL_UART_Receive_IT
                0x0000000008005fe2       0x88 ./Drivers/STM32F7xx_HAL_Driver/Src/stm32f7xx_hal_uart.o
                0x0000000008005fe2                HAL_UART_Receive_IT
 .text.HAL_UART_Receive_DMA
                0x000000000800606a       0x88 ./Drivers/STM32F7xx_HAL_Driver/Src/stm32f7xx_hal_uart.o
                0x000000000800606a                HAL_UART_Receive_DMA
 .text.HAL_UART_DMAStop
                0x00000000080060f2      0x124 ./Drivers/STM32F7xx_HAL_Driver/Src/stm32f7xx_hal_uart.o
                0x00000000080060f2                HAL_UART_DMAStop
 *fill*         0x0000000008006216        0x2 
 .text.HAL_UART_IRQHandler
                0x0000000008006218      0x5d8 ./Drivers/STM32F7xx_HAL_Driver/Src/stm32f7xx_hal_uart.o
                0x0000000008006218                HAL_UART_IRQHandler
 .text.HAL_UART_TxCpltCallback
                0x00000000080067f0       0x14 ./Drivers/STM32F7xx_HAL_Driver/Src/stm32f7xx_hal_uart.o
                0x00000000080067f0                HAL_UART_TxCpltCallback
 .text.HAL_UART_RxHalfCpltCallback
                0x0000000008006804       0x14 ./Drivers/STM32F7xx_HAL_Driver/Src/stm32f7xx_hal_uart.o
                0x0000000008006804                HAL_UART_RxHalfCpltCallback
 .text.HAL_UART_ErrorCallback
                0x0000000008006818       0x14 ./Drivers/STM32F7xx_HAL_Driver/Src/stm32f7xx_hal_uart.o
                0x0000000008006818                HAL_UART_ErrorCallback
 .text.HAL_UARTEx_RxEventCallback
                0x000000000800682c       0x18 ./Drivers/STM32F7xx_HAL_Driver/Src/stm32f7xx_hal_uart.o
                0x000000000800682c                HAL_UARTEx_RxEventCallback
 .text.UART_SetConfig
                0x0000000008006844      0x4c8 ./Drivers/STM32F7xx_HAL_Driver/Src/stm32f7xx_hal_uart.o
                0x0000000008006844                UART_SetConfig
 .text.UART_AdvFeatureConfig
                0x0000000008006d0c      0x144 ./Drivers/STM32F7xx_HAL_Driver/Src/stm32f7xx_hal_uart.o
                0x0000000008006d0c                UART_AdvFeatureConfig
 .text.UART_CheckIdleState
                0x0000000008006e50       0xae ./Drivers/STM32F7xx_HAL_Driver/Src/stm32f7xx_hal_uart.o
                0x0000000008006e50                UART_CheckIdleState
 .text.UART_WaitOnFlagUntilTimeout
                0x0000000008006efe       0xda ./Drivers/STM32F7xx_HAL_Driver/Src/stm32f7xx_hal_uart.o
                0x0000000008006efe                UART_WaitOnFlagUntilTimeout
 .text.UART_Start_Receive_IT
                0x0000000008006fd8      0x18c ./Drivers/STM32F7xx_HAL_Driver/Src/stm32f7xx_hal_uart.o
                0x0000000008006fd8                UART_Start_Receive_IT
 .text.UART_Start_Receive_DMA
                0x0000000008007164      0x140 ./Drivers/STM32F7xx_HAL_Driver/Src/stm32f7xx_hal_uart.o
                0x0000000008007164                UART_Start_Receive_DMA
 .text.UART_EndTxTransfer
                0x00000000080072a4       0x4c ./Drivers/STM32F7xx_HAL_Driver/Src/stm32f7xx_hal_uart.o
 .text.UART_EndRxTransfer
                0x00000000080072f0       0xc8 ./Drivers/STM32F7xx_HAL_Driver/Src/stm32f7xx_hal_uart.o
 .text.UART_DMAReceiveCplt
                0x00000000080073b8      0x15e ./Drivers/STM32F7xx_HAL_Driver/Src/stm32f7xx_hal_uart.o
 .text.UART_DMARxHalfCplt
                0x0000000008007516       0x72 ./Drivers/STM32F7xx_HAL_Driver/Src/stm32f7xx_hal_uart.o
 .text.UART_DMAError
                0x0000000008007588       0x7e ./Drivers/STM32F7xx_HAL_Driver/Src/stm32f7xx_hal_uart.o
 .text.UART_DMAAbortOnError
                0x0000000008007606       0x24 ./Drivers/STM32F7xx_HAL_Driver/Src/stm32f7xx_hal_uart.o
 .text.UART_EndTransmit_IT
                0x000000000800762a       0x54 ./Drivers/STM32F7xx_HAL_Driver/Src/stm32f7xx_hal_uart.o
 .text.UART_RxISR_8BIT
                0x000000000800767e      0x1a8 ./Drivers/STM32F7xx_HAL_Driver/Src/stm32f7xx_hal_uart.o
 .text.UART_RxISR_16BIT
                0x0000000008007826      0x1a8 ./Drivers/STM32F7xx_HAL_Driver/Src/stm32f7xx_hal_uart.o
 *fill*         0x00000000080079ce        0x2 
 .text.HAL_RS485Ex_Init
                0x00000000080079d0       0xd0 ./Drivers/STM32F7xx_HAL_Driver/Src/stm32f7xx_hal_uart_ex.o
                0x00000000080079d0                HAL_RS485Ex_Init
 .text.__libc_init_array
                0x0000000008007aa0       0x48 c:/program files/stmicroelectronics/stm32cubeide_1.12.0/stm32cubeide/plugins/com.st.stm32cube.ide.mcu.externaltools.gnu-tools-for-stm32.10.3-2021.10.win32_1.0.200.202301161003/tools/bin/../lib/gcc/arm-none-eabi/10.3.1/../../../../arm-none-eabi/lib/thumb/v7e-m+fp/hard\libc_nano.a(lib_a-init.o)
                0x0000000008007aa0                __libc_init_array
 .text.memset   0x0000000008007ae8       0x10 c:/program files/stmicroelectronics/stm32cubeide_1.12.0/stm32cubeide/plugins/com.st.stm32cube.ide.mcu.externaltools.gnu-tools-for-stm32.10.3-2021.10.win32_1.0.200.202301161003/tools/bin/../lib/gcc/arm-none-eabi/10.3.1/../../../../arm-none-eabi/lib/thumb/v7e-m+fp/hard\libc_nano.a(lib_a-memset.o)
                0x0000000008007ae8                memset
 *(.glue_7)
 .glue_7        0x0000000008007af8        0x0 linker stubs
 *(.glue_7t)
 .glue_7t       0x0000000008007af8        0x0 linker stubs
 *(.eh_frame)
 .eh_frame      0x0000000008007af8        0x0 c:/program files/stmicroelectronics/stm32cubeide_1.12.0/stm32cubeide/plugins/com.st.stm32cube.ide.mcu.externaltools.gnu-tools-for-stm32.10.3-2021.10.win32_1.0.200.202301161003/tools/bin/../lib/gcc/arm-none-eabi/10.3.1/thumb/v7e-m+fp/hard/crtbegin.o
 *(.init)
 .init          0x0000000008007af8        0x4 c:/program files/stmicroelectronics/stm32cubeide_1.12.0/stm32cubeide/plugins/com.st.stm32cube.ide.mcu.externaltools.gnu-tools-for-stm32.10.3-2021.10.win32_1.0.200.202301161003/tools/bin/../lib/gcc/arm-none-eabi/10.3.1/thumb/v7e-m+fp/hard/crti.o
                0x0000000008007af8                _init
 .init          0x0000000008007afc        0x8 c:/program files/stmicroelectronics/stm32cubeide_1.12.0/stm32cubeide/plugins/com.st.stm32cube.ide.mcu.externaltools.gnu-tools-for-stm32.10.3-2021.10.win32_1.0.200.202301161003/tools/bin/../lib/gcc/arm-none-eabi/10.3.1/thumb/v7e-m+fp/hard/crtn.o
 *(.fini)
 .fini          0x0000000008007b04        0x4 c:/program files/stmicroelectronics/stm32cubeide_1.12.0/stm32cubeide/plugins/com.st.stm32cube.ide.mcu.externaltools.gnu-tools-for-stm32.10.3-2021.10.win32_1.0.200.202301161003/tools/bin/../lib/gcc/arm-none-eabi/10.3.1/thumb/v7e-m+fp/hard/crti.o
                0x0000000008007b04                _fini
 .fini          0x0000000008007b08        0x8 c:/program files/stmicroelectronics/stm32cubeide_1.12.0/stm32cubeide/plugins/com.st.stm32cube.ide.mcu.externaltools.gnu-tools-for-stm32.10.3-2021.10.win32_1.0.200.202301161003/tools/bin/../lib/gcc/arm-none-eabi/10.3.1/thumb/v7e-m+fp/hard/crtn.o
                0x0000000008007b10                . = ALIGN (0x4)
                0x0000000008007b10                _etext = .

.vfp11_veneer   0x0000000008007b10        0x0
 .vfp11_veneer  0x0000000008007b10        0x0 linker stubs

.v4_bx          0x0000000008007b10        0x0
 .v4_bx         0x0000000008007b10        0x0 linker stubs

.iplt           0x0000000008007b10        0x0
 .iplt          0x0000000008007b10        0x0 c:/program files/stmicroelectronics/stm32cubeide_1.12.0/stm32cubeide/plugins/com.st.stm32cube.ide.mcu.externaltools.gnu-tools-for-stm32.10.3-2021.10.win32_1.0.200.202301161003/tools/bin/../lib/gcc/arm-none-eabi/10.3.1/thumb/v7e-m+fp/hard/crtbegin.o

.rodata         0x0000000008007b10       0x20
                0x0000000008007b10                . = ALIGN (0x4)
 *(.rodata)
 *(.rodata*)
 .rodata.AHBPrescTable
                0x0000000008007b10       0x10 ./Core/Src/system_stm32f7xx.o
                0x0000000008007b10                AHBPrescTable
 .rodata.APBPrescTable
                0x0000000008007b20        0x8 ./Core/Src/system_stm32f7xx.o
                0x0000000008007b20                APBPrescTable
 .rodata.flagBitshiftOffset.0
                0x0000000008007b28        0x8 ./Drivers/STM32F7xx_HAL_Driver/Src/stm32f7xx_hal_dma.o
                0x0000000008007b30                . = ALIGN (0x4)

.ARM.extab      0x0000000008007b30        0x0
                0x0000000008007b30                . = ALIGN (0x4)
 *(.ARM.extab* .gnu.linkonce.armextab.*)
                0x0000000008007b30                . = ALIGN (0x4)

.ARM            0x0000000008007b30        0x8
                0x0000000008007b30                . = ALIGN (0x4)
                0x0000000008007b30                __exidx_start = .
 *(.ARM.exidx*)
 .ARM.exidx     0x0000000008007b30        0x8 c:/program files/stmicroelectronics/stm32cubeide_1.12.0/stm32cubeide/plugins/com.st.stm32cube.ide.mcu.externaltools.gnu-tools-for-stm32.10.3-2021.10.win32_1.0.200.202301161003/tools/bin/../lib/gcc/arm-none-eabi/10.3.1/thumb/v7e-m+fp/hard\libgcc.a(_udivmoddi4.o)
                0x0000000008007b38                __exidx_end = .
                0x0000000008007b38                . = ALIGN (0x4)

.rel.dyn        0x0000000008007b38        0x0
 .rel.iplt      0x0000000008007b38        0x0 c:/program files/stmicroelectronics/stm32cubeide_1.12.0/stm32cubeide/plugins/com.st.stm32cube.ide.mcu.externaltools.gnu-tools-for-stm32.10.3-2021.10.win32_1.0.200.202301161003/tools/bin/../lib/gcc/arm-none-eabi/10.3.1/thumb/v7e-m+fp/hard/crtbegin.o

.preinit_array  0x0000000008007b38        0x0
                0x0000000008007b38                . = ALIGN (0x4)
                0x0000000008007b38                PROVIDE (__preinit_array_start = .)
 *(.preinit_array*)
                0x0000000008007b38                PROVIDE (__preinit_array_end = .)
                0x0000000008007b38                . = ALIGN (0x4)

.init_array     0x0000000008007b38        0x4
                0x0000000008007b38                . = ALIGN (0x4)
                0x0000000008007b38                PROVIDE (__init_array_start = .)
 *(SORT_BY_NAME(.init_array.*))
 *(.init_array*)
 .init_array    0x0000000008007b38        0x4 c:/program files/stmicroelectronics/stm32cubeide_1.12.0/stm32cubeide/plugins/com.st.stm32cube.ide.mcu.externaltools.gnu-tools-for-stm32.10.3-2021.10.win32_1.0.200.202301161003/tools/bin/../lib/gcc/arm-none-eabi/10.3.1/thumb/v7e-m+fp/hard/crtbegin.o
                0x0000000008007b3c                PROVIDE (__init_array_end = .)
                0x0000000008007b3c                . = ALIGN (0x4)

.fini_array     0x0000000008007b3c        0x4
                0x0000000008007b3c                . = ALIGN (0x4)
                [!provide]                        PROVIDE (__fini_array_start = .)
 *(SORT_BY_NAME(.fini_array.*))
 *(.fini_array*)
 .fini_array    0x0000000008007b3c        0x4 c:/program files/stmicroelectronics/stm32cubeide_1.12.0/stm32cubeide/plugins/com.st.stm32cube.ide.mcu.externaltools.gnu-tools-for-stm32.10.3-2021.10.win32_1.0.200.202301161003/tools/bin/../lib/gcc/arm-none-eabi/10.3.1/thumb/v7e-m+fp/hard/crtbegin.o
                [!provide]                        PROVIDE (__fini_array_end = .)
                0x0000000008007b40                . = ALIGN (0x4)
                0x0000000008007b40                _sidata = LOADADDR (.data)

.data           0x0000000020000000       0x1c load address 0x0000000008007b40
                0x0000000020000000                . = ALIGN (0x4)
                0x0000000020000000                _sdata = .
 *(.data)
 *(.data*)
 .data.buf      0x0000000020000000        0x5 ./Core/Src/main.o
                0x0000000020000000                buf
 *fill*         0x0000000020000005        0x3 
 .data.address  0x0000000020000008        0x4 ./Core/Src/main.o
                0x0000000020000008                address
 .data.chosen_drv
                0x000000002000000c        0x1 ./Core/Src/main.o
                0x000000002000000c                chosen_drv
 *fill*         0x000000002000000d        0x3 
 .data.SystemCoreClock
                0x0000000020000010        0x4 ./Core/Src/system_stm32f7xx.o
                0x0000000020000010                SystemCoreClock
 .data.uwTickPrio
                0x0000000020000014        0x4 ./Drivers/STM32F7xx_HAL_Driver/Src/stm32f7xx_hal.o
                0x0000000020000014                uwTickPrio
 .data.uwTickFreq
                0x0000000020000018        0x1 ./Drivers/STM32F7xx_HAL_Driver/Src/stm32f7xx_hal.o
                0x0000000020000018                uwTickFreq
 *(.RamFunc)
 *(.RamFunc*)
                0x000000002000001c                . = ALIGN (0x4)
 *fill*         0x0000000020000019        0x3 
                0x000000002000001c                _edata = .

.igot.plt       0x000000002000001c        0x0 load address 0x0000000008007b5c
 .igot.plt      0x000000002000001c        0x0 c:/program files/stmicroelectronics/stm32cubeide_1.12.0/stm32cubeide/plugins/com.st.stm32cube.ide.mcu.externaltools.gnu-tools-for-stm32.10.3-2021.10.win32_1.0.200.202301161003/tools/bin/../lib/gcc/arm-none-eabi/10.3.1/thumb/v7e-m+fp/hard/crtbegin.o
                0x000000002000001c                . = ALIGN (0x4)

.bss            0x000000002000001c      0x728 load address 0x0000000008007b5c
                0x000000002000001c                _sbss = .
                0x000000002000001c                __bss_start__ = _sbss
 *(.bss)
 .bss           0x000000002000001c       0x1c c:/program files/stmicroelectronics/stm32cubeide_1.12.0/stm32cubeide/plugins/com.st.stm32cube.ide.mcu.externaltools.gnu-tools-for-stm32.10.3-2021.10.win32_1.0.200.202301161003/tools/bin/../lib/gcc/arm-none-eabi/10.3.1/thumb/v7e-m+fp/hard/crtbegin.o
 *(.bss*)
 .bss.EraseInitStruct
                0x0000000020000038       0x10 ./Core/Src/main.o
 .bss.hspi3     0x0000000020000048       0x64 ./Core/Src/main.o
                0x0000000020000048                hspi3
 .bss.hspi4     0x00000000200000ac       0x64 ./Core/Src/main.o
                0x00000000200000ac                hspi4
 .bss.hdma_spi3_rx
                0x0000000020000110       0x60 ./Core/Src/main.o
                0x0000000020000110                hdma_spi3_rx
 .bss.hdma_spi3_tx
                0x0000000020000170       0x60 ./Core/Src/main.o
                0x0000000020000170                hdma_spi3_tx
 .bss.hdma_spi4_rx
                0x00000000200001d0       0x60 ./Core/Src/main.o
                0x00000000200001d0                hdma_spi4_rx
 .bss.hdma_spi4_tx
                0x0000000020000230       0x60 ./Core/Src/main.o
                0x0000000020000230                hdma_spi4_tx
 .bss.htim2     0x0000000020000290       0x4c ./Core/Src/main.o
                0x0000000020000290                htim2
 .bss.htim3     0x00000000200002dc       0x4c ./Core/Src/main.o
                0x00000000200002dc                htim3
 .bss.htim6     0x0000000020000328       0x4c ./Core/Src/main.o
                0x0000000020000328                htim6
 .bss.htim7     0x0000000020000374       0x4c ./Core/Src/main.o
                0x0000000020000374                htim7
 .bss.htim10    0x00000000200003c0       0x4c ./Core/Src/main.o
                0x00000000200003c0                htim10
 .bss.huart1    0x000000002000040c       0x88 ./Core/Src/main.o
                0x000000002000040c                huart1
 .bss.huart3    0x0000000020000494       0x88 ./Core/Src/main.o
                0x0000000020000494                huart3
 .bss.hdma_usart1_rx
                0x000000002000051c       0x60 ./Core/Src/main.o
                0x000000002000051c                hdma_usart1_rx
 .bss.hdma_usart1_tx
                0x000000002000057c       0x60 ./Core/Src/main.o
                0x000000002000057c                hdma_usart1_tx
 .bss.hdma_usart3_rx
                0x00000000200005dc       0x60 ./Core/Src/main.o
                0x00000000200005dc                hdma_usart3_rx
 .bss.hdma_usart3_tx
                0x000000002000063c       0x60 ./Core/Src/main.o
                0x000000002000063c                hdma_usart3_tx
 .bss.dma_spi4_buf
                0x000000002000069c        0x5 ./Core/Src/main.o
                0x000000002000069c                dma_spi4_buf
 *fill*         0x00000000200006a1        0x3 
 .bss.dma_spi3_buf
                0x00000000200006a4        0x5 ./Core/Src/main.o
                0x00000000200006a4                dma_spi3_buf
 *fill*         0x00000000200006a9        0x3 
 .bss.response_buf
                0x00000000200006ac       0x21 ./Core/Src/main.o
                0x00000000200006ac                response_buf
 *fill*         0x00000000200006cd        0x3 
 .bss.ampl_buf  0x00000000200006d0        0x2 ./Core/Src/main.o
                0x00000000200006d0                ampl_buf
 .bss.crc       0x00000000200006d2        0x2 ./Core/Src/main.o
                0x00000000200006d2                crc
 .bss.current_pos
                0x00000000200006d4        0x1 ./Core/Src/main.o
                0x00000000200006d4                current_pos
 *fill*         0x00000000200006d5        0x3 
 .bss.encoder_offset
                0x00000000200006d8        0x8 ./Core/Src/main.o
                0x00000000200006d8                encoder_offset
 .bss.wait_flag
                0x00000000200006e0        0x1 ./Core/Src/main.o
                0x00000000200006e0                wait_flag
 *fill*         0x00000000200006e1        0x3 
 .bss.start_position_drv1
                0x00000000200006e4        0x4 ./Core/Src/main.o
                0x00000000200006e4                start_position_drv1
 .bss.start_position_drv2
                0x00000000200006e8        0x4 ./Core/Src/main.o
                0x00000000200006e8                start_position_drv2
 .bss.ENCODER_1_OFFSET
                0x00000000200006ec        0x4 ./Core/Src/main.o
                0x00000000200006ec                ENCODER_1_OFFSET
 .bss.ENCODER_2_OFFSET
                0x00000000200006f0        0x4 ./Core/Src/main.o
                0x00000000200006f0                ENCODER_2_OFFSET
 .bss.angle_position_drv1
                0x00000000200006f4        0x2 ./Core/Src/main.o
                0x00000000200006f4                angle_position_drv1
 *fill*         0x00000000200006f6        0x2 
 .bss.uart3_rx_buffer
                0x00000000200006f8        0x6 ./Core/Src/main.o
                0x00000000200006f8                uart3_rx_buffer
 *fill*         0x00000000200006fe        0x2 
 .bss.uart1_rx_buffer
                0x0000000020000700        0x5 ./Core/Src/main.o
                0x0000000020000700                uart1_rx_buffer
 *fill*         0x0000000020000705        0x3 
 .bss.uart1_rx_safe_buffer
                0x0000000020000708        0x5 ./Core/Src/main.o
                0x0000000020000708                uart1_rx_safe_buffer
 .bss.uart1_rx_complete
                0x000000002000070d        0x1 ./Core/Src/main.o
                0x000000002000070d                uart1_rx_complete
 .bss.uart3_rx_complete
                0x000000002000070e        0x1 ./Core/Src/main.o
                0x000000002000070e                uart3_rx_complete
 .bss.driver_dir1
                0x000000002000070f        0x1 ./Core/Src/main.o
                0x000000002000070f                driver_dir1
 .bss.driver_dir2
                0x0000000020000710        0x1 ./Core/Src/main.o
                0x0000000020000710                driver_dir2
 .bss.ready_status
                0x0000000020000711        0x1 ./Core/Src/main.o
                0x0000000020000711                ready_status
 .bss.cur_action
                0x0000000020000712        0x1 ./Core/Src/main.o
                0x0000000020000712                cur_action
 .bss.trans_states
                0x0000000020000713        0x1 ./Core/Src/main.o
                0x0000000020000713                trans_states
 .bss.data_status
                0x0000000020000714        0x1 ./Core/Src/main.o
                0x0000000020000714                data_status
 .bss.current_horiz_platform
                0x0000000020000715        0x1 ./Core/Src/main.o
                0x0000000020000715                current_horiz_platform
 .bss.operation_progress
                0x0000000020000716        0x1 ./Core/Src/main.o
                0x0000000020000716                operation_progress
 *fill*         0x0000000020000717        0x1 
 .bss.encoder1_data
                0x0000000020000718        0x4 ./Core/Src/main.o
                0x0000000020000718                encoder1_data
 .bss.encoder2_data
                0x000000002000071c        0x4 ./Core/Src/main.o
                0x000000002000071c                encoder2_data
 .bss.page_error
                0x0000000020000720        0x4 ./Core/Src/main.o
                0x0000000020000720                page_error
 .bss.uwTick    0x0000000020000724        0x4 ./Drivers/STM32F7xx_HAL_Driver/Src/stm32f7xx_hal.o
                0x0000000020000724                uwTick
 .bss.pFlash    0x0000000020000728       0x1c ./Drivers/STM32F7xx_HAL_Driver/Src/stm32f7xx_hal_flash.o
                0x0000000020000728                pFlash
 *(COMMON)
                0x0000000020000744                . = ALIGN (0x4)
                0x0000000020000744                _ebss = .
                0x0000000020000744                __bss_end__ = _ebss

._user_heap_stack
                0x0000000020000744      0x604 load address 0x0000000008007b5c
                0x0000000020000748                . = ALIGN (0x8)
 *fill*         0x0000000020000744        0x4 
                [!provide]                        PROVIDE (end = .)
                0x0000000020000748                PROVIDE (_end = .)
                0x0000000020000948                . = (. + _Min_Heap_Size)
 *fill*         0x0000000020000748      0x200 
                0x0000000020000d48                . = (. + _Min_Stack_Size)
 *fill*         0x0000000020000948      0x400 
                0x0000000020000d48                . = ALIGN (0x8)

/DISCARD/
 libc.a(*)
 libm.a(*)
 libgcc.a(*)

.ARM.attributes
                0x0000000000000000       0x30
 *(.ARM.attributes)
 .ARM.attributes
                0x0000000000000000       0x1e c:/program files/stmicroelectronics/stm32cubeide_1.12.0/stm32cubeide/plugins/com.st.stm32cube.ide.mcu.externaltools.gnu-tools-for-stm32.10.3-2021.10.win32_1.0.200.202301161003/tools/bin/../lib/gcc/arm-none-eabi/10.3.1/thumb/v7e-m+fp/hard/crti.o
 .ARM.attributes
                0x000000000000001e       0x34 c:/program files/stmicroelectronics/stm32cubeide_1.12.0/stm32cubeide/plugins/com.st.stm32cube.ide.mcu.externaltools.gnu-tools-for-stm32.10.3-2021.10.win32_1.0.200.202301161003/tools/bin/../lib/gcc/arm-none-eabi/10.3.1/thumb/v7e-m+fp/hard/crtbegin.o
 .ARM.attributes
                0x0000000000000052       0x34 ./Core/Src/main.o
 .ARM.attributes
                0x0000000000000086       0x34 ./Core/Src/stm32f7xx_hal_msp.o
 .ARM.attributes
                0x00000000000000ba       0x34 ./Core/Src/stm32f7xx_it.o
 .ARM.attributes
                0x00000000000000ee       0x34 ./Core/Src/system_stm32f7xx.o
 .ARM.attributes
                0x0000000000000122       0x21 ./Core/Startup/startup_stm32f722vctx.o
 .ARM.attributes
                0x0000000000000143       0x34 ./Drivers/STM32F7xx_HAL_Driver/Src/stm32f7xx_hal.o
 .ARM.attributes
                0x0000000000000177       0x34 ./Drivers/STM32F7xx_HAL_Driver/Src/stm32f7xx_hal_cortex.o
 .ARM.attributes
                0x00000000000001ab       0x34 ./Drivers/STM32F7xx_HAL_Driver/Src/stm32f7xx_hal_dma.o
 .ARM.attributes
                0x00000000000001df       0x34 ./Drivers/STM32F7xx_HAL_Driver/Src/stm32f7xx_hal_flash.o
 .ARM.attributes
                0x0000000000000213       0x34 ./Drivers/STM32F7xx_HAL_Driver/Src/stm32f7xx_hal_flash_ex.o
 .ARM.attributes
                0x0000000000000247       0x34 ./Drivers/STM32F7xx_HAL_Driver/Src/stm32f7xx_hal_gpio.o
 .ARM.attributes
                0x000000000000027b       0x34 ./Drivers/STM32F7xx_HAL_Driver/Src/stm32f7xx_hal_pwr_ex.o
 .ARM.attributes
                0x00000000000002af       0x34 ./Drivers/STM32F7xx_HAL_Driver/Src/stm32f7xx_hal_rcc.o
 .ARM.attributes
                0x00000000000002e3       0x34 ./Drivers/STM32F7xx_HAL_Driver/Src/stm32f7xx_hal_rcc_ex.o
 .ARM.attributes
                0x0000000000000317       0x34 ./Drivers/STM32F7xx_HAL_Driver/Src/stm32f7xx_hal_spi.o
 .ARM.attributes
                0x000000000000034b       0x34 ./Drivers/STM32F7xx_HAL_Driver/Src/stm32f7xx_hal_tim.o
 .ARM.attributes
                0x000000000000037f       0x34 ./Drivers/STM32F7xx_HAL_Driver/Src/stm32f7xx_hal_tim_ex.o
 .ARM.attributes
                0x00000000000003b3       0x34 ./Drivers/STM32F7xx_HAL_Driver/Src/stm32f7xx_hal_uart.o
 .ARM.attributes
                0x00000000000003e7       0x34 ./Drivers/STM32F7xx_HAL_Driver/Src/stm32f7xx_hal_uart_ex.o
 .ARM.attributes
                0x000000000000041b       0x34 c:/program files/stmicroelectronics/stm32cubeide_1.12.0/stm32cubeide/plugins/com.st.stm32cube.ide.mcu.externaltools.gnu-tools-for-stm32.10.3-2021.10.win32_1.0.200.202301161003/tools/bin/../lib/gcc/arm-none-eabi/10.3.1/../../../../arm-none-eabi/lib/thumb/v7e-m+fp/hard\libc_nano.a(lib_a-init.o)
 .ARM.attributes
                0x000000000000044f       0x34 c:/program files/stmicroelectronics/stm32cubeide_1.12.0/stm32cubeide/plugins/com.st.stm32cube.ide.mcu.externaltools.gnu-tools-for-stm32.10.3-2021.10.win32_1.0.200.202301161003/tools/bin/../lib/gcc/arm-none-eabi/10.3.1/../../../../arm-none-eabi/lib/thumb/v7e-m+fp/hard\libc_nano.a(lib_a-memset.o)
 .ARM.attributes
                0x0000000000000483       0x1e c:/program files/stmicroelectronics/stm32cubeide_1.12.0/stm32cubeide/plugins/com.st.stm32cube.ide.mcu.externaltools.gnu-tools-for-stm32.10.3-2021.10.win32_1.0.200.202301161003/tools/bin/../lib/gcc/arm-none-eabi/10.3.1/thumb/v7e-m+fp/hard\libgcc.a(_aeabi_uldivmod.o)
 .ARM.attributes
                0x00000000000004a1       0x34 c:/program files/stmicroelectronics/stm32cubeide_1.12.0/stm32cubeide/plugins/com.st.stm32cube.ide.mcu.externaltools.gnu-tools-for-stm32.10.3-2021.10.win32_1.0.200.202301161003/tools/bin/../lib/gcc/arm-none-eabi/10.3.1/thumb/v7e-m+fp/hard\libgcc.a(_udivmoddi4.o)
 .ARM.attributes
                0x00000000000004d5       0x1e c:/program files/stmicroelectronics/stm32cubeide_1.12.0/stm32cubeide/plugins/com.st.stm32cube.ide.mcu.externaltools.gnu-tools-for-stm32.10.3-2021.10.win32_1.0.200.202301161003/tools/bin/../lib/gcc/arm-none-eabi/10.3.1/thumb/v7e-m+fp/hard\libgcc.a(_dvmd_tls.o)
 .ARM.attributes
                0x00000000000004f3       0x1e c:/program files/stmicroelectronics/stm32cubeide_1.12.0/stm32cubeide/plugins/com.st.stm32cube.ide.mcu.externaltools.gnu-tools-for-stm32.10.3-2021.10.win32_1.0.200.202301161003/tools/bin/../lib/gcc/arm-none-eabi/10.3.1/thumb/v7e-m+fp/hard/crtn.o
OUTPUT(test722.elf elf32-littlearm)
LOAD linker stubs
LOAD c:/program files/stmicroelectronics/stm32cubeide_1.12.0/stm32cubeide/plugins/com.st.stm32cube.ide.mcu.externaltools.gnu-tools-for-stm32.10.3-2021.10.win32_1.0.200.202301161003/tools/bin/../lib/gcc/arm-none-eabi/10.3.1/../../../../arm-none-eabi/lib/thumb/v7e-m+fp/hard\libc.a
LOAD c:/program files/stmicroelectronics/stm32cubeide_1.12.0/stm32cubeide/plugins/com.st.stm32cube.ide.mcu.externaltools.gnu-tools-for-stm32.10.3-2021.10.win32_1.0.200.202301161003/tools/bin/../lib/gcc/arm-none-eabi/10.3.1/../../../../arm-none-eabi/lib/thumb/v7e-m+fp/hard\libm.a
LOAD c:/program files/stmicroelectronics/stm32cubeide_1.12.0/stm32cubeide/plugins/com.st.stm32cube.ide.mcu.externaltools.gnu-tools-for-stm32.10.3-2021.10.win32_1.0.200.202301161003/tools/bin/../lib/gcc/arm-none-eabi/10.3.1/thumb/v7e-m+fp/hard\libgcc.a

.debug_info     0x0000000000000000    0x146ed
 .debug_info    0x0000000000000000     0x2478 ./Core/Src/main.o
 .debug_info    0x0000000000002478     0x1875 ./Core/Src/stm32f7xx_hal_msp.o
 .debug_info    0x0000000000003ced      0xc9c ./Core/Src/stm32f7xx_it.o
 .debug_info    0x0000000000004989      0x72c ./Core/Src/system_stm32f7xx.o
 .debug_info    0x00000000000050b5       0x22 ./Core/Startup/startup_stm32f722vctx.o
 .debug_info    0x00000000000050d7      0x9c4 ./Drivers/STM32F7xx_HAL_Driver/Src/stm32f7xx_hal.o
 .debug_info    0x0000000000005a9b     0x1047 ./Drivers/STM32F7xx_HAL_Driver/Src/stm32f7xx_hal_cortex.o
 .debug_info    0x0000000000006ae2      0x94f ./Drivers/STM32F7xx_HAL_Driver/Src/stm32f7xx_hal_dma.o
 .debug_info    0x0000000000007431      0x618 ./Drivers/STM32F7xx_HAL_Driver/Src/stm32f7xx_hal_flash.o
 .debug_info    0x0000000000007a49      0x80b ./Drivers/STM32F7xx_HAL_Driver/Src/stm32f7xx_hal_flash_ex.o
 .debug_info    0x0000000000008254      0x794 ./Drivers/STM32F7xx_HAL_Driver/Src/stm32f7xx_hal_gpio.o
 .debug_info    0x00000000000089e8      0x92e ./Drivers/STM32F7xx_HAL_Driver/Src/stm32f7xx_hal_pwr_ex.o
 .debug_info    0x0000000000009316      0x9c0 ./Drivers/STM32F7xx_HAL_Driver/Src/stm32f7xx_hal_rcc.o
 .debug_info    0x0000000000009cd6      0x74f ./Drivers/STM32F7xx_HAL_Driver/Src/stm32f7xx_hal_rcc_ex.o
 .debug_info    0x000000000000a425     0x170e ./Drivers/STM32F7xx_HAL_Driver/Src/stm32f7xx_hal_spi.o
 .debug_info    0x000000000000bb33     0x2d47 ./Drivers/STM32F7xx_HAL_Driver/Src/stm32f7xx_hal_tim.o
 .debug_info    0x000000000000e87a     0x16f5 ./Drivers/STM32F7xx_HAL_Driver/Src/stm32f7xx_hal_tim_ex.o
 .debug_info    0x000000000000ff6f     0x3c95 ./Drivers/STM32F7xx_HAL_Driver/Src/stm32f7xx_hal_uart.o
 .debug_info    0x0000000000013c04      0xae9 ./Drivers/STM32F7xx_HAL_Driver/Src/stm32f7xx_hal_uart_ex.o

.debug_abbrev   0x0000000000000000     0x28fc
 .debug_abbrev  0x0000000000000000      0x3af ./Core/Src/main.o
 .debug_abbrev  0x00000000000003af      0x247 ./Core/Src/stm32f7xx_hal_msp.o
 .debug_abbrev  0x00000000000005f6      0x1a5 ./Core/Src/stm32f7xx_it.o
 .debug_abbrev  0x000000000000079b      0x136 ./Core/Src/system_stm32f7xx.o
 .debug_abbrev  0x00000000000008d1       0x12 ./Core/Startup/startup_stm32f722vctx.o
 .debug_abbrev  0x00000000000008e3      0x20d ./Drivers/STM32F7xx_HAL_Driver/Src/stm32f7xx_hal.o
 .debug_abbrev  0x0000000000000af0      0x30d ./Drivers/STM32F7xx_HAL_Driver/Src/stm32f7xx_hal_cortex.o
 .debug_abbrev  0x0000000000000dfd      0x25b ./Drivers/STM32F7xx_HAL_Driver/Src/stm32f7xx_hal_dma.o
 .debug_abbrev  0x0000000000001058      0x26e ./Drivers/STM32F7xx_HAL_Driver/Src/stm32f7xx_hal_flash.o
 .debug_abbrev  0x00000000000012c6      0x23f ./Drivers/STM32F7xx_HAL_Driver/Src/stm32f7xx_hal_flash_ex.o
 .debug_abbrev  0x0000000000001505      0x1c4 ./Drivers/STM32F7xx_HAL_Driver/Src/stm32f7xx_hal_gpio.o
 .debug_abbrev  0x00000000000016c9      0x1cb ./Drivers/STM32F7xx_HAL_Driver/Src/stm32f7xx_hal_pwr_ex.o
 .debug_abbrev  0x0000000000001894      0x27b ./Drivers/STM32F7xx_HAL_Driver/Src/stm32f7xx_hal_rcc.o
 .debug_abbrev  0x0000000000001b0f      0x197 ./Drivers/STM32F7xx_HAL_Driver/Src/stm32f7xx_hal_rcc_ex.o
 .debug_abbrev  0x0000000000001ca6      0x24c ./Drivers/STM32F7xx_HAL_Driver/Src/stm32f7xx_hal_spi.o
 .debug_abbrev  0x0000000000001ef2      0x264 ./Drivers/STM32F7xx_HAL_Driver/Src/stm32f7xx_hal_tim.o
 .debug_abbrev  0x0000000000002156      0x26c ./Drivers/STM32F7xx_HAL_Driver/Src/stm32f7xx_hal_tim_ex.o
 .debug_abbrev  0x00000000000023c2      0x2ce ./Drivers/STM32F7xx_HAL_Driver/Src/stm32f7xx_hal_uart.o
 .debug_abbrev  0x0000000000002690      0x26c ./Drivers/STM32F7xx_HAL_Driver/Src/stm32f7xx_hal_uart_ex.o

.debug_aranges  0x0000000000000000     0x11e0
 .debug_aranges
                0x0000000000000000      0x110 ./Core/Src/main.o
 .debug_aranges
                0x0000000000000110       0x50 ./Core/Src/stm32f7xx_hal_msp.o
 .debug_aranges
                0x0000000000000160       0xc8 ./Core/Src/stm32f7xx_it.o
 .debug_aranges
                0x0000000000000228       0x28 ./Core/Src/system_stm32f7xx.o
 .debug_aranges
                0x0000000000000250       0x28 ./Core/Startup/startup_stm32f722vctx.o
 .debug_aranges
                0x0000000000000278      0x100 ./Drivers/STM32F7xx_HAL_Driver/Src/stm32f7xx_hal.o
 .debug_aranges
                0x0000000000000378      0x128 ./Drivers/STM32F7xx_HAL_Driver/Src/stm32f7xx_hal_cortex.o
 .debug_aranges
                0x00000000000004a0       0x90 ./Drivers/STM32F7xx_HAL_Driver/Src/stm32f7xx_hal_dma.o
 .debug_aranges
                0x0000000000000530       0xa0 ./Drivers/STM32F7xx_HAL_Driver/Src/stm32f7xx_hal_flash.o
 .debug_aranges
                0x00000000000005d0       0xc0 ./Drivers/STM32F7xx_HAL_Driver/Src/stm32f7xx_hal_flash_ex.o
 .debug_aranges
                0x0000000000000690       0x58 ./Drivers/STM32F7xx_HAL_Driver/Src/stm32f7xx_hal_gpio.o
 .debug_aranges
                0x00000000000006e8       0x80 ./Drivers/STM32F7xx_HAL_Driver/Src/stm32f7xx_hal_pwr_ex.o
 .debug_aranges
                0x0000000000000768       0x88 ./Drivers/STM32F7xx_HAL_Driver/Src/stm32f7xx_hal_rcc.o
 .debug_aranges
                0x00000000000007f0       0x50 ./Drivers/STM32F7xx_HAL_Driver/Src/stm32f7xx_hal_rcc_ex.o
 .debug_aranges
                0x0000000000000840      0x1d8 ./Drivers/STM32F7xx_HAL_Driver/Src/stm32f7xx_hal_spi.o
 .debug_aranges
                0x0000000000000a18      0x3e0 ./Drivers/STM32F7xx_HAL_Driver/Src/stm32f7xx_hal_tim.o
 .debug_aranges
                0x0000000000000df8      0x178 ./Drivers/STM32F7xx_HAL_Driver/Src/stm32f7xx_hal_tim_ex.o
 .debug_aranges
                0x0000000000000f70      0x228 ./Drivers/STM32F7xx_HAL_Driver/Src/stm32f7xx_hal_uart.o
 .debug_aranges
                0x0000000000001198       0x48 ./Drivers/STM32F7xx_HAL_Driver/Src/stm32f7xx_hal_uart_ex.o

.debug_ranges   0x0000000000000000     0x1100
 .debug_ranges  0x0000000000000000      0x118 ./Core/Src/main.o
 .debug_ranges  0x0000000000000118       0x40 ./Core/Src/stm32f7xx_hal_msp.o
 .debug_ranges  0x0000000000000158       0xb8 ./Core/Src/stm32f7xx_it.o
 .debug_ranges  0x0000000000000210       0x18 ./Core/Src/system_stm32f7xx.o
 .debug_ranges  0x0000000000000228       0x20 ./Core/Startup/startup_stm32f722vctx.o
 .debug_ranges  0x0000000000000248       0xf0 ./Drivers/STM32F7xx_HAL_Driver/Src/stm32f7xx_hal.o
 .debug_ranges  0x0000000000000338      0x118 ./Drivers/STM32F7xx_HAL_Driver/Src/stm32f7xx_hal_cortex.o
 .debug_ranges  0x0000000000000450       0x80 ./Drivers/STM32F7xx_HAL_Driver/Src/stm32f7xx_hal_dma.o
 .debug_ranges  0x00000000000004d0       0x90 ./Drivers/STM32F7xx_HAL_Driver/Src/stm32f7xx_hal_flash.o
 .debug_ranges  0x0000000000000560       0xb0 ./Drivers/STM32F7xx_HAL_Driver/Src/stm32f7xx_hal_flash_ex.o
 .debug_ranges  0x0000000000000610       0x48 ./Drivers/STM32F7xx_HAL_Driver/Src/stm32f7xx_hal_gpio.o
 .debug_ranges  0x0000000000000658       0x70 ./Drivers/STM32F7xx_HAL_Driver/Src/stm32f7xx_hal_pwr_ex.o
 .debug_ranges  0x00000000000006c8       0x78 ./Drivers/STM32F7xx_HAL_Driver/Src/stm32f7xx_hal_rcc.o
 .debug_ranges  0x0000000000000740       0x40 ./Drivers/STM32F7xx_HAL_Driver/Src/stm32f7xx_hal_rcc_ex.o
 .debug_ranges  0x0000000000000780      0x1c8 ./Drivers/STM32F7xx_HAL_Driver/Src/stm32f7xx_hal_spi.o
 .debug_ranges  0x0000000000000948      0x3d0 ./Drivers/STM32F7xx_HAL_Driver/Src/stm32f7xx_hal_tim.o
 .debug_ranges  0x0000000000000d18      0x168 ./Drivers/STM32F7xx_HAL_Driver/Src/stm32f7xx_hal_tim_ex.o
 .debug_ranges  0x0000000000000e80      0x248 ./Drivers/STM32F7xx_HAL_Driver/Src/stm32f7xx_hal_uart.o
 .debug_ranges  0x00000000000010c8       0x38 ./Drivers/STM32F7xx_HAL_Driver/Src/stm32f7xx_hal_uart_ex.o

.debug_macro    0x0000000000000000    0x23383
 .debug_macro   0x0000000000000000      0x3e9 ./Core/Src/main.o
 .debug_macro   0x00000000000003e9      0xa78 ./Core/Src/main.o
 .debug_macro   0x0000000000000e61      0x299 ./Core/Src/main.o
 .debug_macro   0x00000000000010fa       0x2e ./Core/Src/main.o
 .debug_macro   0x0000000000001128       0x3b ./Core/Src/main.o
 .debug_macro   0x0000000000001163       0x22 ./Core/Src/main.o
 .debug_macro   0x0000000000001185       0x8e ./Core/Src/main.o
 .debug_macro   0x0000000000001213       0x51 ./Core/Src/main.o
 .debug_macro   0x0000000000001264      0x103 ./Core/Src/main.o
 .debug_macro   0x0000000000001367       0x6a ./Core/Src/main.o
 .debug_macro   0x00000000000013d1      0x1df ./Core/Src/main.o
 .debug_macro   0x00000000000015b0       0x1c ./Core/Src/main.o
 .debug_macro   0x00000000000015cc       0x22 ./Core/Src/main.o
 .debug_macro   0x00000000000015ee       0xd9 ./Core/Src/main.o
 .debug_macro   0x00000000000016c7     0x12cd ./Core/Src/main.o
 .debug_macro   0x0000000000002994      0x11f ./Core/Src/main.o
 .debug_macro   0x0000000000002ab3       0x19 ./Core/Src/main.o
 .debug_macro   0x0000000000002acc    0x15c67 ./Core/Src/main.o
 .debug_macro   0x0000000000018733       0x6d ./Core/Src/main.o
 .debug_macro   0x00000000000187a0     0x375e ./Core/Src/main.o
 .debug_macro   0x000000000001befe      0x174 ./Core/Src/main.o
 .debug_macro   0x000000000001c072       0x63 ./Core/Src/main.o
 .debug_macro   0x000000000001c0d5     0x155e ./Core/Src/main.o
 .debug_macro   0x000000000001d633      0x6c4 ./Core/Src/main.o
 .debug_macro   0x000000000001dcf7      0x17e ./Core/Src/main.o
 .debug_macro   0x000000000001de75      0x115 ./Core/Src/main.o
 .debug_macro   0x000000000001df8a      0x1d8 ./Core/Src/main.o
 .debug_macro   0x000000000001e162       0xa5 ./Core/Src/main.o
 .debug_macro   0x000000000001e207      0x24f ./Core/Src/main.o
 .debug_macro   0x000000000001e456       0x71 ./Core/Src/main.o
 .debug_macro   0x000000000001e4c7       0x58 ./Core/Src/main.o
 .debug_macro   0x000000000001e51f      0x236 ./Core/Src/main.o
 .debug_macro   0x000000000001e755      0x154 ./Core/Src/main.o
 .debug_macro   0x000000000001e8a9      0x2c3 ./Core/Src/main.o
 .debug_macro   0x000000000001eb6c       0x12 ./Core/Src/main.o
 .debug_macro   0x000000000001eb7e      0x22c ./Core/Src/main.o
 .debug_macro   0x000000000001edaa       0x61 ./Core/Src/main.o
 .debug_macro   0x000000000001ee0b       0xa5 ./Core/Src/main.o
 .debug_macro   0x000000000001eeb0      0x12e ./Core/Src/main.o
 .debug_macro   0x000000000001efde      0x108 ./Core/Src/main.o
 .debug_macro   0x000000000001f0e6       0x35 ./Core/Src/main.o
 .debug_macro   0x000000000001f11b      0x2fe ./Core/Src/main.o
 .debug_macro   0x000000000001f419      0xa83 ./Core/Src/main.o
 .debug_macro   0x000000000001fe9c       0x59 ./Core/Src/main.o
 .debug_macro   0x000000000001fef5      0x56d ./Core/Src/main.o
 .debug_macro   0x0000000000020462       0x44 ./Core/Src/main.o
 .debug_macro   0x00000000000204a6      0x14d ./Core/Src/main.o
 .debug_macro   0x00000000000205f3       0x22 ./Core/Src/main.o
 .debug_macro   0x0000000000020615       0x52 ./Core/Src/main.o
 .debug_macro   0x0000000000020667       0x1e ./Core/Src/main.o
 .debug_macro   0x0000000000020685       0x3c ./Core/Src/main.o
 .debug_macro   0x00000000000206c1       0x34 ./Core/Src/main.o
 .debug_macro   0x00000000000206f5       0x16 ./Core/Src/main.o
 .debug_macro   0x000000000002070b       0x43 ./Core/Src/main.o
 .debug_macro   0x000000000002074e       0x34 ./Core/Src/main.o
 .debug_macro   0x0000000000020782       0x10 ./Core/Src/main.o
 .debug_macro   0x0000000000020792       0x58 ./Core/Src/main.o
 .debug_macro   0x00000000000207ea       0x71 ./Core/Src/main.o
 .debug_macro   0x000000000002085b       0x1c ./Core/Src/main.o
 .debug_macro   0x0000000000020877      0x12a ./Core/Src/main.o
 .debug_macro   0x00000000000209a1      0x341 ./Core/Src/main.o
 .debug_macro   0x0000000000020ce2       0x10 ./Core/Src/main.o
 .debug_macro   0x0000000000020cf2       0x35 ./Core/Src/main.o
 .debug_macro   0x0000000000020d27       0x20 ./Core/Src/main.o
 .debug_macro   0x0000000000020d47       0x16 ./Core/Src/main.o
 .debug_macro   0x0000000000020d5d       0x16 ./Core/Src/main.o
 .debug_macro   0x0000000000020d73       0x29 ./Core/Src/main.o
 .debug_macro   0x0000000000020d9c       0x16 ./Core/Src/main.o
 .debug_macro   0x0000000000020db2       0x10 ./Core/Src/main.o
 .debug_macro   0x0000000000020dc2       0x10 ./Core/Src/main.o
 .debug_macro   0x0000000000020dd2       0x1c ./Core/Src/main.o
 .debug_macro   0x0000000000020dee       0x52 ./Core/Src/main.o
 .debug_macro   0x0000000000020e40       0x22 ./Core/Src/main.o
 .debug_macro   0x0000000000020e62       0x10 ./Core/Src/main.o
 .debug_macro   0x0000000000020e72       0x52 ./Core/Src/main.o
 .debug_macro   0x0000000000020ec4       0xd5 ./Core/Src/main.o
 .debug_macro   0x0000000000020f99       0x1c ./Core/Src/main.o
 .debug_macro   0x0000000000020fb5       0x3d ./Core/Src/main.o
 .debug_macro   0x0000000000020ff2       0x16 ./Core/Src/main.o
 .debug_macro   0x0000000000021008      0x145 ./Core/Src/main.o
 .debug_macro   0x000000000002114d      0x201 ./Core/Src/stm32f7xx_hal_msp.o
 .debug_macro   0x000000000002134e      0x20b ./Core/Src/stm32f7xx_it.o
 .debug_macro   0x0000000000021559      0x1f7 ./Core/Src/system_stm32f7xx.o
 .debug_macro   0x0000000000021750      0x21b ./Drivers/STM32F7xx_HAL_Driver/Src/stm32f7xx_hal.o
 .debug_macro   0x000000000002196b      0x1f7 ./Drivers/STM32F7xx_HAL_Driver/Src/stm32f7xx_hal_cortex.o
 .debug_macro   0x0000000000021b62      0x1fd ./Drivers/STM32F7xx_HAL_Driver/Src/stm32f7xx_hal_dma.o
 .debug_macro   0x0000000000021d5f      0x203 ./Drivers/STM32F7xx_HAL_Driver/Src/stm32f7xx_hal_flash.o
 .debug_macro   0x0000000000021f62      0x203 ./Drivers/STM32F7xx_HAL_Driver/Src/stm32f7xx_hal_flash_ex.o
 .debug_macro   0x0000000000022165      0x1fd ./Drivers/STM32F7xx_HAL_Driver/Src/stm32f7xx_hal_gpio.o
 .debug_macro   0x0000000000022362      0x20f ./Drivers/STM32F7xx_HAL_Driver/Src/stm32f7xx_hal_pwr_ex.o
 .debug_macro   0x0000000000022571      0x21b ./Drivers/STM32F7xx_HAL_Driver/Src/stm32f7xx_hal_rcc.o
 .debug_macro   0x000000000002278c      0x1f7 ./Drivers/STM32F7xx_HAL_Driver/Src/stm32f7xx_hal_rcc_ex.o
 .debug_macro   0x0000000000022983      0x206 ./Drivers/STM32F7xx_HAL_Driver/Src/stm32f7xx_hal_spi.o
 .debug_macro   0x0000000000022b89      0x1f8 ./Drivers/STM32F7xx_HAL_Driver/Src/stm32f7xx_hal_tim.o
 .debug_macro   0x0000000000022d81      0x1f7 ./Drivers/STM32F7xx_HAL_Driver/Src/stm32f7xx_hal_tim_ex.o
 .debug_macro   0x0000000000022f78      0x214 ./Drivers/STM32F7xx_HAL_Driver/Src/stm32f7xx_hal_uart.o
 .debug_macro   0x000000000002318c      0x1f7 ./Drivers/STM32F7xx_HAL_Driver/Src/stm32f7xx_hal_uart_ex.o

.debug_line     0x0000000000000000    0x1626f
 .debug_line    0x0000000000000000     0x14b6 ./Core/Src/main.o
 .debug_line    0x00000000000014b6      0xb59 ./Core/Src/stm32f7xx_hal_msp.o
 .debug_line    0x000000000000200f      0xa22 ./Core/Src/stm32f7xx_it.o
 .debug_line    0x0000000000002a31      0x898 ./Core/Src/system_stm32f7xx.o
 .debug_line    0x00000000000032c9       0x88 ./Core/Startup/startup_stm32f722vctx.o
 .debug_line    0x0000000000003351      0xb38 ./Drivers/STM32F7xx_HAL_Driver/Src/stm32f7xx_hal.o
 .debug_line    0x0000000000003e89      0xdec ./Drivers/STM32F7xx_HAL_Driver/Src/stm32f7xx_hal_cortex.o
 .debug_line    0x0000000000004c75     0x1089 ./Drivers/STM32F7xx_HAL_Driver/Src/stm32f7xx_hal_dma.o
 .debug_line    0x0000000000005cfe      0xbe6 ./Drivers/STM32F7xx_HAL_Driver/Src/stm32f7xx_hal_flash.o
 .debug_line    0x00000000000068e4      0xcb5 ./Drivers/STM32F7xx_HAL_Driver/Src/stm32f7xx_hal_flash_ex.o
 .debug_line    0x0000000000007599      0xc8a ./Drivers/STM32F7xx_HAL_Driver/Src/stm32f7xx_hal_gpio.o
 .debug_line    0x0000000000008223      0xaad ./Drivers/STM32F7xx_HAL_Driver/Src/stm32f7xx_hal_pwr_ex.o
 .debug_line    0x0000000000008cd0      0xf7b ./Drivers/STM32F7xx_HAL_Driver/Src/stm32f7xx_hal_rcc.o
 .debug_line    0x0000000000009c4b      0xe88 ./Drivers/STM32F7xx_HAL_Driver/Src/stm32f7xx_hal_rcc_ex.o
 .debug_line    0x000000000000aad3     0x20f7 ./Drivers/STM32F7xx_HAL_Driver/Src/stm32f7xx_hal_spi.o
 .debug_line    0x000000000000cbca     0x3d77 ./Drivers/STM32F7xx_HAL_Driver/Src/stm32f7xx_hal_tim.o
 .debug_line    0x0000000000010941     0x1c24 ./Drivers/STM32F7xx_HAL_Driver/Src/stm32f7xx_hal_tim_ex.o
 .debug_line    0x0000000000012565     0x3227 ./Drivers/STM32F7xx_HAL_Driver/Src/stm32f7xx_hal_uart.o
 .debug_line    0x000000000001578c      0xae3 ./Drivers/STM32F7xx_HAL_Driver/Src/stm32f7xx_hal_uart_ex.o

.debug_str      0x0000000000000000    0xdec03
 .debug_str     0x0000000000000000    0xdadbb ./Core/Src/main.o
                                      0xdb659 (size before relaxing)
 .debug_str     0x00000000000dadbb      0x34c ./Core/Src/stm32f7xx_hal_msp.o
                                      0xd6fb1 (size before relaxing)
 .debug_str     0x00000000000db107      0x220 ./Core/Src/stm32f7xx_it.o
                                      0xd65b0 (size before relaxing)
 .debug_str     0x00000000000db327      0x1a4 ./Core/Src/system_stm32f7xx.o
                                      0xd5e12 (size before relaxing)
 .debug_str     0x00000000000db4cb       0x36 ./Core/Startup/startup_stm32f722vctx.o
                                         0x71 (size before relaxing)
 .debug_str     0x00000000000db501      0x402 ./Drivers/STM32F7xx_HAL_Driver/Src/stm32f7xx_hal.o
                                      0xd66e9 (size before relaxing)
 .debug_str     0x00000000000db903      0x354 ./Drivers/STM32F7xx_HAL_Driver/Src/stm32f7xx_hal_cortex.o
                                      0xd6706 (size before relaxing)
 .debug_str     0x00000000000dbc57      0x2f1 ./Drivers/STM32F7xx_HAL_Driver/Src/stm32f7xx_hal_dma.o
                                      0xd6151 (size before relaxing)
 .debug_str     0x00000000000dbf48      0x2c9 ./Drivers/STM32F7xx_HAL_Driver/Src/stm32f7xx_hal_flash.o
                                      0xd5f3c (size before relaxing)
 .debug_str     0x00000000000dc211      0x30b ./Drivers/STM32F7xx_HAL_Driver/Src/stm32f7xx_hal_flash_ex.o
                                      0xd604f (size before relaxing)
 .debug_str     0x00000000000dc51c       0xf2 ./Drivers/STM32F7xx_HAL_Driver/Src/stm32f7xx_hal_gpio.o
                                      0xd5ed0 (size before relaxing)
 .debug_str     0x00000000000dc60e      0x1d1 ./Drivers/STM32F7xx_HAL_Driver/Src/stm32f7xx_hal_pwr_ex.o
                                      0xd6081 (size before relaxing)
 .debug_str     0x00000000000dc7df      0x224 ./Drivers/STM32F7xx_HAL_Driver/Src/stm32f7xx_hal_rcc.o
                                      0xd617b (size before relaxing)
 .debug_str     0x00000000000dca03      0x13f ./Drivers/STM32F7xx_HAL_Driver/Src/stm32f7xx_hal_rcc_ex.o
                                      0xd60a9 (size before relaxing)
 .debug_str     0x00000000000dcb42      0x57d ./Drivers/STM32F7xx_HAL_Driver/Src/stm32f7xx_hal_spi.o
                                      0xd664c (size before relaxing)
 .debug_str     0x00000000000dd0bf      0xd98 ./Drivers/STM32F7xx_HAL_Driver/Src/stm32f7xx_hal_tim.o
                                      0xd7135 (size before relaxing)
 .debug_str     0x00000000000dde57      0x4dc ./Drivers/STM32F7xx_HAL_Driver/Src/stm32f7xx_hal_tim_ex.o
                                      0xd697b (size before relaxing)
 .debug_str     0x00000000000de333      0x7cf ./Drivers/STM32F7xx_HAL_Driver/Src/stm32f7xx_hal_uart.o
                                      0xd6ac1 (size before relaxing)
 .debug_str     0x00000000000deb02      0x101 ./Drivers/STM32F7xx_HAL_Driver/Src/stm32f7xx_hal_uart_ex.o
                                      0xd6225 (size before relaxing)

.comment        0x0000000000000000       0x50
 .comment       0x0000000000000000       0x50 ./Core/Src/main.o
                                         0x51 (size before relaxing)
 .comment       0x0000000000000050       0x51 ./Core/Src/stm32f7xx_hal_msp.o
 .comment       0x0000000000000050       0x51 ./Core/Src/stm32f7xx_it.o
 .comment       0x0000000000000050       0x51 ./Core/Src/system_stm32f7xx.o
 .comment       0x0000000000000050       0x51 ./Drivers/STM32F7xx_HAL_Driver/Src/stm32f7xx_hal.o
 .comment       0x0000000000000050       0x51 ./Drivers/STM32F7xx_HAL_Driver/Src/stm32f7xx_hal_cortex.o
 .comment       0x0000000000000050       0x51 ./Drivers/STM32F7xx_HAL_Driver/Src/stm32f7xx_hal_dma.o
 .comment       0x0000000000000050       0x51 ./Drivers/STM32F7xx_HAL_Driver/Src/stm32f7xx_hal_flash.o
 .comment       0x0000000000000050       0x51 ./Drivers/STM32F7xx_HAL_Driver/Src/stm32f7xx_hal_flash_ex.o
 .comment       0x0000000000000050       0x51 ./Drivers/STM32F7xx_HAL_Driver/Src/stm32f7xx_hal_gpio.o
 .comment       0x0000000000000050       0x51 ./Drivers/STM32F7xx_HAL_Driver/Src/stm32f7xx_hal_pwr_ex.o
 .comment       0x0000000000000050       0x51 ./Drivers/STM32F7xx_HAL_Driver/Src/stm32f7xx_hal_rcc.o
 .comment       0x0000000000000050       0x51 ./Drivers/STM32F7xx_HAL_Driver/Src/stm32f7xx_hal_rcc_ex.o
 .comment       0x0000000000000050       0x51 ./Drivers/STM32F7xx_HAL_Driver/Src/stm32f7xx_hal_spi.o
 .comment       0x0000000000000050       0x51 ./Drivers/STM32F7xx_HAL_Driver/Src/stm32f7xx_hal_tim.o
 .comment       0x0000000000000050       0x51 ./Drivers/STM32F7xx_HAL_Driver/Src/stm32f7xx_hal_tim_ex.o
 .comment       0x0000000000000050       0x51 ./Drivers/STM32F7xx_HAL_Driver/Src/stm32f7xx_hal_uart.o
 .comment       0x0000000000000050       0x51 ./Drivers/STM32F7xx_HAL_Driver/Src/stm32f7xx_hal_uart_ex.o

.debug_frame    0x0000000000000000     0x4b48
 .debug_frame   0x0000000000000000      0x454 ./Core/Src/main.o
 .debug_frame   0x0000000000000454      0x118 ./Core/Src/stm32f7xx_hal_msp.o
 .debug_frame   0x000000000000056c      0x270 ./Core/Src/stm32f7xx_it.o
 .debug_frame   0x00000000000007dc       0x58 ./Core/Src/system_stm32f7xx.o
 .debug_frame   0x0000000000000834      0x3b4 ./Drivers/STM32F7xx_HAL_Driver/Src/stm32f7xx_hal.o
 .debug_frame   0x0000000000000be8      0x4e8 ./Drivers/STM32F7xx_HAL_Driver/Src/stm32f7xx_hal_cortex.o
 .debug_frame   0x00000000000010d0      0x250 ./Drivers/STM32F7xx_HAL_Driver/Src/stm32f7xx_hal_dma.o
 .debug_frame   0x0000000000001320      0x274 ./Drivers/STM32F7xx_HAL_Driver/Src/stm32f7xx_hal_flash.o
 .debug_frame   0x0000000000001594      0x30c ./Drivers/STM32F7xx_HAL_Driver/Src/stm32f7xx_hal_flash_ex.o
 .debug_frame   0x00000000000018a0      0x14c ./Drivers/STM32F7xx_HAL_Driver/Src/stm32f7xx_hal_gpio.o
 .debug_frame   0x00000000000019ec      0x1c8 ./Drivers/STM32F7xx_HAL_Driver/Src/stm32f7xx_hal_pwr_ex.o
 .debug_frame   0x0000000000001bb4      0x1f8 ./Drivers/STM32F7xx_HAL_Driver/Src/stm32f7xx_hal_rcc.o
 .debug_frame   0x0000000000001dac      0x118 ./Drivers/STM32F7xx_HAL_Driver/Src/stm32f7xx_hal_rcc_ex.o
 .debug_frame   0x0000000000001ec4      0x860 ./Drivers/STM32F7xx_HAL_Driver/Src/stm32f7xx_hal_spi.o
 .debug_frame   0x0000000000002724     0x121c ./Drivers/STM32F7xx_HAL_Driver/Src/stm32f7xx_hal_tim.o
 .debug_frame   0x0000000000003940      0x688 ./Drivers/STM32F7xx_HAL_Driver/Src/stm32f7xx_hal_tim_ex.o
 .debug_frame   0x0000000000003fc8      0x9e8 ./Drivers/STM32F7xx_HAL_Driver/Src/stm32f7xx_hal_uart.o
 .debug_frame   0x00000000000049b0       0xec ./Drivers/STM32F7xx_HAL_Driver/Src/stm32f7xx_hal_uart_ex.o
 .debug_frame   0x0000000000004a9c       0x2c c:/program files/stmicroelectronics/stm32cubeide_1.12.0/stm32cubeide/plugins/com.st.stm32cube.ide.mcu.externaltools.gnu-tools-for-stm32.10.3-2021.10.win32_1.0.200.202301161003/tools/bin/../lib/gcc/arm-none-eabi/10.3.1/../../../../arm-none-eabi/lib/thumb/v7e-m+fp/hard\libc_nano.a(lib_a-init.o)
 .debug_frame   0x0000000000004ac8       0x20 c:/program files/stmicroelectronics/stm32cubeide_1.12.0/stm32cubeide/plugins/com.st.stm32cube.ide.mcu.externaltools.gnu-tools-for-stm32.10.3-2021.10.win32_1.0.200.202301161003/tools/bin/../lib/gcc/arm-none-eabi/10.3.1/../../../../arm-none-eabi/lib/thumb/v7e-m+fp/hard\libc_nano.a(lib_a-memset.o)
 .debug_frame   0x0000000000004ae8       0x2c c:/program files/stmicroelectronics/stm32cubeide_1.12.0/stm32cubeide/plugins/com.st.stm32cube.ide.mcu.externaltools.gnu-tools-for-stm32.10.3-2021.10.win32_1.0.200.202301161003/tools/bin/../lib/gcc/arm-none-eabi/10.3.1/thumb/v7e-m+fp/hard\libgcc.a(_aeabi_uldivmod.o)
 .debug_frame   0x0000000000004b14       0x34 c:/program files/stmicroelectronics/stm32cubeide_1.12.0/stm32cubeide/plugins/com.st.stm32cube.ide.mcu.externaltools.gnu-tools-for-stm32.10.3-2021.10.win32_1.0.200.202301161003/tools/bin/../lib/gcc/arm-none-eabi/10.3.1/thumb/v7e-m+fp/hard\libgcc.a(_udivmoddi4.o)
