../Core/Src/main.c:230:5:main	16	static
../Core/Src/main.c:569:6:SystemClock_Config	88	static
../Core/Src/main.c:622:13:MX_SPI3_Init	8	static
../Core/Src/main.c:662:13:MX_SPI4_Init	8	static
../Core/Src/main.c:702:13:MX_TIM2_Init	40	static
../Core/Src/main.c:747:13:MX_TIM3_Init	40	static
../Core/Src/main.c:792:13:MX_TIM5_Init	40	static
../Core/Src/main.c:837:13:MX_TIM6_Init	24	static
../Core/Src/main.c:875:13:MX_TIM7_Init	24	static
../Core/Src/main.c:913:13:MX_TIM10_Init	8	static
../Core/Src/main.c:944:13:MX_TIM13_Init	8	static
../Core/Src/main.c:975:13:MX_TIM14_Init	8	static
../Core/Src/main.c:1006:13:MX_USART1_UART_Init	8	static
../Core/Src/main.c:1041:13:MX_USART3_UART_Init	8	static
../Core/Src/main.c:1074:13:MX_DMA_Init	16	static
../Core/Src/main.c:1108:13:MX_GPIO_Init	48	static
../Core/Src/main.c:1157:6:parser	24	static
../Core/Src/main.c:1966:6:stepDriver	24	static
../Core/Src/main.c:2002:6:changeMotorDirection	16	static
../Core/Src/main.c:2051:1:__io_putchar	16	static
../Core/Src/main.c:2060:6:HAL_UART_RxCpltCallback	24	static
../Core/Src/main.c:2109:6:HAL_SPI_RxCpltCallback	16	static
../Core/Src/main.c:2130:6:createResponsePacket	24	static
../Core/Src/main.c:2171:6:createDataPacket	16	static
../Core/Src/main.c:2190:10:calculateEncPosition	24	static
../Core/Src/main.c:2224:10:processSSIData	24	static
../Core/Src/main.c:2232:9:getADCAmplifierVal	16	static
../Core/Src/main.c:2256:6:moveToPosition	16	static
../Core/Src/main.c:2278:6:checkCRCPhotodetectorData	4	static
../Core/Src/main.c:2299:6:createErrorResponse	8	static
../Core/Src/main.c:2311:6:handleTestAngleOffset	8	static
../Core/Src/main.c:2329:6:handleMovingToStartOffset	8	static
../Core/Src/main.c:2348:6:handleTestTurn	8	static
../Core/Src/main.c:2363:6:handleHorizontalMeasurement	8	static
../Core/Src/main.c:2498:6:handleHorizontalMeasurementVertPlatf	8	static
../Core/Src/main.c:2630:6:handleVerticalMeasurement	16	static
../Core/Src/main.c:2790:6:reverseHorizontalMeasurement	8	static
../Core/Src/main.c:2875:10:calculateRequiredDataNum	32	static
../Core/Src/main.c:2887:10:getTimeOffset	4	static
../Core/Src/main.c:2901:6:setMotorFrequency	24	static
../Core/Src/main.c:2913:6:convertAdcValues	24	static
../Core/Src/main.c:2921:6:setPlatformParam	16	static
../Core/Src/main.c:2942:6:DeviceInit	8	static
../Core/Src/main.c:2978:6:HAL_UART_ErrorCallback	24	static
../Core/Src/main.c:3008:6:Error_Handler	4	static,ignoring_inline_asm
