../Core/Src/main.c:230:5:main	16	static
../Core/Src/main.c:569:6:SystemClock_Config	88	static
../Core/Src/main.c:622:13:MX_SPI3_Init	8	static
../Core/Src/main.c:662:13:MX_SPI4_Init	8	static
../Core/Src/main.c:702:13:MX_TIM2_Init	40	static
../Core/Src/main.c:747:13:MX_TIM3_Init	40	static
../Core/Src/main.c:792:13:MX_TIM5_Init	40	static
../Core/Src/main.c:837:13:MX_TIM6_Init	24	static
../Core/Src/main.c:875:13:MX_TIM7_Init	24	static
../Core/Src/main.c:913:13:MX_TIM10_Init	8	static
../Core/Src/main.c:944:13:MX_TIM13_Init	8	static
../Core/Src/main.c:975:13:MX_TIM14_Init	8	static
../Core/Src/main.c:1006:13:MX_USART1_UART_Init	8	static
../Core/Src/main.c:1041:13:MX_USART3_UART_Init	8	static
../Core/Src/main.c:1074:13:MX_DMA_Init	16	static
../Core/Src/main.c:1108:13:MX_GPIO_Init	48	static
../Core/Src/main.c:1157:6:parser	24	static
../Core/Src/main.c:1974:6:stepDriver	24	static
../Core/Src/main.c:2010:6:changeMotorDirection	16	static
../Core/Src/main.c:2059:1:__io_putchar	16	static
../Core/Src/main.c:2068:6:HAL_UART_RxCpltCallback	24	static
../Core/Src/main.c:2117:6:HAL_SPI_RxCpltCallback	16	static
../Core/Src/main.c:2138:6:createResponsePacket	24	static
../Core/Src/main.c:2179:6:createDataPacket	16	static
../Core/Src/main.c:2198:10:calculateEncPosition	24	static
../Core/Src/main.c:2232:10:processSSIData	24	static
../Core/Src/main.c:2240:9:getADCAmplifierVal	16	static
../Core/Src/main.c:2264:6:moveToPosition	16	static
../Core/Src/main.c:2286:6:checkCRCPhotodetectorData	4	static
../Core/Src/main.c:2307:6:createErrorResponse	8	static
../Core/Src/main.c:2319:6:handleTestAngleOffset	8	static
../Core/Src/main.c:2337:6:handleMovingToStartOffset	8	static
../Core/Src/main.c:2356:6:handleTestTurn	8	static
../Core/Src/main.c:2371:6:handleHorizontalMeasurement	8	static
../Core/Src/main.c:2506:6:handleHorizontalMeasurementVertPlatf	8	static
../Core/Src/main.c:2638:6:handleVerticalMeasurement	16	static
../Core/Src/main.c:2798:6:reverseHorizontalMeasurement	8	static
../Core/Src/main.c:2883:10:calculateRequiredDataNum	32	static
../Core/Src/main.c:2895:10:getTimeOffset	4	static
../Core/Src/main.c:2909:6:setMotorFrequency	24	static
../Core/Src/main.c:2921:6:convertAdcValues	24	static
../Core/Src/main.c:2929:6:setPlatformParam	16	static
../Core/Src/main.c:2950:6:DeviceInit	8	static
../Core/Src/main.c:2986:6:HAL_UART_ErrorCallback	24	static
../Core/Src/main.c:3016:6:Error_Handler	4	static,ignoring_inline_asm
