../Core/Src/main.c:227:5:main	16	static
../Core/Src/main.c:496:6:SystemClock_Config	88	static
../Core/Src/main.c:549:13:MX_SPI3_Init	8	static
../Core/Src/main.c:589:13:MX_SPI4_Init	8	static
../Core/Src/main.c:629:13:MX_TIM2_Init	40	static
../Core/Src/main.c:674:13:MX_TIM3_Init	40	static
../Core/Src/main.c:719:13:MX_TIM5_Init	40	static
../Core/Src/main.c:764:13:MX_TIM6_Init	24	static
../Core/Src/main.c:802:13:MX_TIM7_Init	24	static
../Core/Src/main.c:840:13:MX_TIM10_Init	8	static
../Core/Src/main.c:871:13:MX_TIM13_Init	8	static
../Core/Src/main.c:902:13:MX_TIM14_Init	8	static
../Core/Src/main.c:933:13:MX_USART1_UART_Init	8	static
../Core/Src/main.c:968:13:MX_USART3_UART_Init	8	static
../Core/Src/main.c:1001:13:MX_DMA_Init	16	static
../Core/Src/main.c:1035:13:MX_GPIO_Init	48	static
../Core/Src/main.c:1084:6:parser	24	static
../Core/Src/main.c:1793:6:stepDriver	24	static
../Core/Src/main.c:1829:6:changeMotorDirection_	16	static
../Core/Src/main.c:1858:6:changeMotorDirection	16	static
../Core/Src/main.c:1907:1:__io_putchar	16	static
../Core/Src/main.c:1916:6:HAL_UART_RxCpltCallback	24	static
../Core/Src/main.c:1965:6:HAL_SPI_RxCpltCallback	16	static
../Core/Src/main.c:1984:6:HAL_TIM_PeriodElapsedCallback	16	static
../Core/Src/main.c:2028:6:createResponsePacket	24	static
../Core/Src/main.c:2069:6:createDataPacket	16	static
../Core/Src/main.c:2088:10:calculateEncPosition	24	static
../Core/Src/main.c:2122:10:processSSIData	24	static
../Core/Src/main.c:2130:6:FlashInit	4	static
../Core/Src/main.c:2137:6:WriteToFlash	40	static
../Core/Src/main.c:2166:6:ReadFlash	32	static
../Core/Src/main.c:2184:6:clearBuffer	24	static
../Core/Src/main.c:2190:6:clearSpecifiedElemOfBuffer	24	static
../Core/Src/main.c:2196:9:getADCAmplifierVal	16	static
../Core/Src/main.c:2220:6:usDelay	16	static
../Core/Src/main.c:2226:6:moveToPosition	16	static
../Core/Src/main.c:2275:6:checkCRCPhotodetectorData	4	static
../Core/Src/main.c:2296:6:createErrorResponse	8	static
../Core/Src/main.c:2308:6:handleTestAngleOffset	8	static
../Core/Src/main.c:2324:6:handleMovingToStartOffset	8	static
../Core/Src/main.c:2342:6:handleTestTurn	8	static
../Core/Src/main.c:2357:6:handleHorizontalMeasurement	8	static
../Core/Src/main.c:2476:6:handleHorizontalMeasurementVertPlatf	8	static
../Core/Src/main.c:2596:6:handleVerticalMeasurement	16	static
../Core/Src/main.c:2756:6:reverseHorizontalMeasurement	8	static
../Core/Src/main.c:2841:10:calculateTimeIntervalError	40	static
../Core/Src/main.c:2858:6:setNVICPriority	16	static
../Core/Src/main.c:2882:6:resetNVICPriority	8	static
../Core/Src/main.c:2903:6:HAL_UART_ErrorCallback	24	static
../Core/Src/main.c:2919:6:Error_Handler	4	static,ignoring_inline_asm
