../Core/Src/main.c:240:5:main	16	static
../Core/Src/main.c:620:6:SystemClock_Config	88	static
../Core/Src/main.c:673:13:MX_SPI3_Init	8	static
../Core/Src/main.c:713:13:MX_SPI4_Init	8	static
../Core/Src/main.c:753:13:MX_TIM2_Init	40	static
../Core/Src/main.c:798:13:MX_TIM3_Init	40	static
../Core/Src/main.c:843:13:MX_TIM4_Init	40	static
../Core/Src/main.c:888:13:MX_TIM5_Init	40	static
../Core/Src/main.c:933:13:MX_TIM6_Init	24	static
../Core/Src/main.c:971:13:MX_TIM7_Init	24	static
../Core/Src/main.c:1009:13:MX_TIM9_Init	8	static
../Core/Src/main.c:1040:13:MX_TIM10_Init	8	static
../Core/Src/main.c:1071:13:MX_TIM13_Init	8	static
../Core/Src/main.c:1102:13:MX_TIM14_Init	8	static
../Core/Src/main.c:1133:13:MX_USART1_UART_Init	8	static
../Core/Src/main.c:1168:13:MX_USART3_UART_Init	8	static
../Core/Src/main.c:1201:13:MX_DMA_Init	16	static
../Core/Src/main.c:1235:13:MX_GPIO_Init	48	static
../Core/Src/main.c:1284:6:parser	24	static
../Core/Src/main.c:2251:6:stepDriver	24	static
../Core/Src/main.c:2287:6:changeMotorDirection	16	static
../Core/Src/main.c:2336:1:__io_putchar	16	static
../Core/Src/main.c:2345:6:HAL_UART_RxCpltCallback	24	static
../Core/Src/main.c:2394:6:HAL_SPI_RxCpltCallback	16	static
../Core/Src/main.c:2415:6:createResponsePacket	24	static
../Core/Src/main.c:2456:6:createDataPacket	16	static
../Core/Src/main.c:2475:10:calculateEncPosition	24	static
../Core/Src/main.c:2509:10:processSSIData	24	static
../Core/Src/main.c:2517:9:getADCAmplifierVal	16	static
../Core/Src/main.c:2541:6:moveToPosition	16	static
../Core/Src/main.c:2563:6:checkCRCPhotodetectorData	4	static
../Core/Src/main.c:2584:6:createErrorResponse	8	static
../Core/Src/main.c:2596:6:handleTestAngleOffset	8	static
../Core/Src/main.c:2616:6:handleMovingToStartOffset	8	static
../Core/Src/main.c:2635:6:handleTestTurn	8	static
../Core/Src/main.c:2650:6:handleHorizontalMeasurement	8	static
../Core/Src/main.c:2807:6:handleHorizontalMeasurementVertPlatf	8	static
../Core/Src/main.c:2958:6:handleVerticalMeasurement	16	static
../Core/Src/main.c:3118:6:reverseHorizontalMeasurement	8	static
../Core/Src/main.c:3203:10:calculateRequiredDataNum	32	static
../Core/Src/main.c:3213:10:getTimeOffset	4	static
../Core/Src/main.c:3227:6:convertAdcValues	24	static
../Core/Src/main.c:3235:6:setPlatformParam	16	static
../Core/Src/main.c:3256:6:DeviceInit	8	static
../Core/Src/main.c:3297:6:HAL_UART_ErrorCallback	24	static
../Core/Src/main.c:3327:6:Error_Handler	4	static,ignoring_inline_asm
