../Core/Src/main.c:254:5:main	16	static
../Core/Src/main.c:648:6:SystemClock_Config	88	static
../Core/Src/main.c:702:13:MX_IWDG_Init	8	static
../Core/Src/main.c:731:13:MX_SPI3_Init	8	static
../Core/Src/main.c:771:13:MX_SPI4_Init	8	static
../Core/Src/main.c:811:13:MX_TIM2_Init	40	static
../Core/Src/main.c:856:13:MX_TIM3_Init	40	static
../Core/Src/main.c:901:13:MX_TIM4_Init	40	static
../Core/Src/main.c:946:13:MX_TIM5_Init	40	static
../Core/Src/main.c:991:13:MX_TIM6_Init	24	static
../Core/Src/main.c:1029:13:MX_TIM7_Init	24	static
../Core/Src/main.c:1067:13:MX_TIM10_Init	8	static
../Core/Src/main.c:1098:13:MX_TIM11_Init	8	static
../Core/Src/main.c:1129:13:MX_TIM12_Init	24	static
../Core/Src/main.c:1167:13:MX_TIM13_Init	8	static
../Core/Src/main.c:1198:13:MX_TIM14_Init	8	static
../Core/Src/main.c:1229:13:MX_USART1_UART_Init	8	static
../Core/Src/main.c:1264:13:MX_USART3_UART_Init	8	static
../Core/Src/main.c:1297:13:MX_DMA_Init	16	static
../Core/Src/main.c:1331:13:MX_GPIO_Init	48	static
../Core/Src/main.c:1380:6:parser	32	static
../Core/Src/main.c:2307:6:stepDriver	24	static
../Core/Src/main.c:2343:6:changeMotorDirection	16	static
../Core/Src/main.c:2392:1:__io_putchar	16	static
../Core/Src/main.c:2401:6:HAL_UART_RxCpltCallback	24	static
../Core/Src/main.c:2448:6:HAL_SPI_RxCpltCallback	16	static
../Core/Src/main.c:2473:6:createResponsePacket	24	static
../Core/Src/main.c:2527:6:createDataPacket	16	static
../Core/Src/main.c:2546:10:calculateEncPosition	24	static
../Core/Src/main.c:2580:10:calculateOffsetEncPosition	24	static
../Core/Src/main.c:2601:10:processSSIData	24	static
../Core/Src/main.c:2609:9:getADCAmplifierVal	16	static
../Core/Src/main.c:2633:9:getADCAmplifierValInverted	16	static
../Core/Src/main.c:2657:6:moveToPosition	16	static
../Core/Src/main.c:2679:6:checkCRCPhotodetectorData	4	static
../Core/Src/main.c:2700:6:createErrorResponse	8	static
../Core/Src/main.c:2712:6:handleTestAngleOffset	8	static
../Core/Src/main.c:2727:6:handleMovingToStartOffset	8	static
../Core/Src/main.c:2746:6:handleTestTurn	8	static
../Core/Src/main.c:2763:6:handleHorizontalMeasurement	8	static
../Core/Src/main.c:2921:6:handleHorizontalMeasurementVertPlatf	8	static
../Core/Src/main.c:3073:6:handleVerticalMeasurement	16	static
../Core/Src/main.c:3231:6:reverseHorizontalMeasurement	8	static
../Core/Src/main.c:3316:10:calculateRequiredDataNum	32	static
../Core/Src/main.c:3326:10:getTimeOffset	4	static
../Core/Src/main.c:3340:6:convertAdcValues	24	static
../Core/Src/main.c:3348:6:setPlatformParam	16	static
../Core/Src/main.c:3384:6:DeviceInit	16	static
../Core/Src/main.c:3456:6:DeviceReset	8	static
../Core/Src/main.c:3544:6:checkCRC_PCData	24	static
../Core/Src/main.c:3562:6:HAL_UART_ErrorCallback	24	static
../Core/Src/main.c:3592:6:Error_Handler	4	static,ignoring_inline_asm
