../Core/Src/main.c:252:5:main	16	static
../Core/Src/main.c:646:6:SystemClock_Config	88	static
../Core/Src/main.c:700:13:MX_IWDG_Init	8	static
../Core/Src/main.c:729:13:MX_SPI3_Init	8	static
../Core/Src/main.c:769:13:MX_SPI4_Init	8	static
../Core/Src/main.c:809:13:MX_TIM2_Init	40	static
../Core/Src/main.c:854:13:MX_TIM3_Init	40	static
../Core/Src/main.c:899:13:MX_TIM4_Init	40	static
../Core/Src/main.c:944:13:MX_TIM5_Init	40	static
../Core/Src/main.c:989:13:MX_TIM6_Init	24	static
../Core/Src/main.c:1027:13:MX_TIM7_Init	24	static
../Core/Src/main.c:1065:13:MX_TIM10_Init	8	static
../Core/Src/main.c:1096:13:MX_TIM11_Init	8	static
../Core/Src/main.c:1127:13:MX_TIM12_Init	24	static
../Core/Src/main.c:1165:13:MX_TIM13_Init	8	static
../Core/Src/main.c:1196:13:MX_TIM14_Init	8	static
../Core/Src/main.c:1227:13:MX_USART1_UART_Init	8	static
../Core/Src/main.c:1262:13:MX_USART3_UART_Init	8	static
../Core/Src/main.c:1295:13:MX_DMA_Init	16	static
../Core/Src/main.c:1329:13:MX_GPIO_Init	48	static
../Core/Src/main.c:1378:6:parser	32	static
../Core/Src/main.c:2315:6:stepDriver	24	static
../Core/Src/main.c:2351:6:changeMotorDirection	16	static
../Core/Src/main.c:2400:1:__io_putchar	16	static
../Core/Src/main.c:2409:6:HAL_UART_RxCpltCallback	24	static
../Core/Src/main.c:2456:6:HAL_SPI_RxCpltCallback	16	static
../Core/Src/main.c:2479:6:createResponsePacket	24	static
../Core/Src/main.c:2527:6:createDataPacket	16	static
../Core/Src/main.c:2546:10:calculateEncPosition	24	static
../Core/Src/main.c:2580:10:processSSIData	24	static
../Core/Src/main.c:2588:9:getADCAmplifierVal	16	static
../Core/Src/main.c:2612:9:getADCAmplifierValInverted	16	static
../Core/Src/main.c:2636:6:moveToPosition	16	static
../Core/Src/main.c:2658:6:checkCRCPhotodetectorData	4	static
../Core/Src/main.c:2679:6:createErrorResponse	8	static
../Core/Src/main.c:2691:6:handleTestAngleOffset	8	static
../Core/Src/main.c:2711:6:handleMovingToStartOffset	8	static
../Core/Src/main.c:2730:6:handleTestTurn	8	static
../Core/Src/main.c:2747:6:handleHorizontalMeasurement	8	static
../Core/Src/main.c:2905:6:handleHorizontalMeasurementVertPlatf	8	static
../Core/Src/main.c:3057:6:handleVerticalMeasurement	16	static
../Core/Src/main.c:3215:6:reverseHorizontalMeasurement	8	static
../Core/Src/main.c:3300:10:calculateRequiredDataNum	32	static
../Core/Src/main.c:3310:10:getTimeOffset	4	static
../Core/Src/main.c:3324:6:convertAdcValues	24	static
../Core/Src/main.c:3332:6:setPlatformParam	16	static
../Core/Src/main.c:3368:6:DeviceInit	16	static
../Core/Src/main.c:3432:6:DeviceReset	8	static
../Core/Src/main.c:3520:6:checkCRC_PCData	24	static
../Core/Src/main.c:3538:6:HAL_UART_ErrorCallback	24	static
../Core/Src/main.c:3568:6:Error_Handler	4	static,ignoring_inline_asm
