../Core/Src/main.c:239:5:main	16	static
../Core/Src/main.c:598:6:SystemClock_Config	88	static
../Core/Src/main.c:651:13:MX_SPI3_Init	8	static
../Core/Src/main.c:691:13:MX_SPI4_Init	8	static
../Core/Src/main.c:731:13:MX_TIM2_Init	40	static
../Core/Src/main.c:776:13:MX_TIM3_Init	40	static
../Core/Src/main.c:821:13:MX_TIM5_Init	40	static
../Core/Src/main.c:866:13:MX_TIM6_Init	24	static
../Core/Src/main.c:904:13:MX_TIM7_Init	24	static
../Core/Src/main.c:942:13:MX_TIM10_Init	8	static
../Core/Src/main.c:973:13:MX_TIM13_Init	8	static
../Core/Src/main.c:1004:13:MX_TIM14_Init	8	static
../Core/Src/main.c:1035:13:MX_USART1_UART_Init	8	static
../Core/Src/main.c:1070:13:MX_USART3_UART_Init	8	static
../Core/Src/main.c:1103:13:MX_DMA_Init	16	static
../Core/Src/main.c:1137:13:MX_GPIO_Init	48	static
../Core/Src/main.c:1186:6:parser	24	static
../Core/Src/main.c:1967:6:stepDriver	24	static
../Core/Src/main.c:2003:6:changeMotorDirection_	16	static
../Core/Src/main.c:2032:6:changeMotorDirection	16	static
../Core/Src/main.c:2081:1:__io_putchar	16	static
../Core/Src/main.c:2090:6:HAL_UART_RxCpltCallback	24	static
../Core/Src/main.c:2139:6:HAL_SPI_RxCpltCallback	16	static
../Core/Src/main.c:2158:6:createResponsePacket	24	static
../Core/Src/main.c:2199:6:createDataPacket	16	static
../Core/Src/main.c:2218:10:calculateEncPosition	24	static
../Core/Src/main.c:2252:10:processSSIData	24	static
../Core/Src/main.c:2262:6:clearBuffer	24	static
../Core/Src/main.c:2268:6:clearSpecifiedElemOfBuffer	24	static
../Core/Src/main.c:2274:9:getADCAmplifierVal	16	static
../Core/Src/main.c:2298:6:usDelay	16	static
../Core/Src/main.c:2304:6:moveToPosition	16	static
../Core/Src/main.c:2326:6:checkCRCPhotodetectorData	4	static
../Core/Src/main.c:2347:6:createErrorResponse	8	static
../Core/Src/main.c:2359:6:handleTestAngleOffset	8	static
../Core/Src/main.c:2377:6:handleMovingToStartOffset	8	static
../Core/Src/main.c:2396:6:handleTestTurn	8	static
../Core/Src/main.c:2411:6:handleHorizontalMeasurement	8	static
../Core/Src/main.c:2543:6:handleHorizontalMeasurementVertPlatf	8	static
../Core/Src/main.c:2673:6:handleVerticalMeasurement	16	static
../Core/Src/main.c:2833:6:reverseHorizontalMeasurement	8	static
../Core/Src/main.c:2918:10:calculateRequiredDataNum	32	static
../Core/Src/main.c:2928:6:setNVICPriority	16	static
../Core/Src/main.c:2979:6:resetNVICPriority	8	static
../Core/Src/main.c:3006:10:getTimeOffset	4	static
../Core/Src/main.c:3020:6:setMotorFrequency	24	static
../Core/Src/main.c:3032:6:convertAdcValues	24	static
../Core/Src/main.c:3040:6:swap	24	static
../Core/Src/main.c:3046:6:bubbleSort	24	static
../Core/Src/main.c:3066:10:calculateMedianVal	56	static
../Core/Src/main.c:3077:6:setPlatformParam	16	static
../Core/Src/main.c:3098:6:setEncoderPollFrequency	16	static
../Core/Src/main.c:3102:6:HAL_UART_ErrorCallback	24	static
../Core/Src/main.c:3132:6:Error_Handler	4	static,ignoring_inline_asm
