../Core/Src/main.c:247:5:main	16	static
../Core/Src/main.c:643:6:SystemClock_Config	88	static
../Core/Src/main.c:696:13:MX_SPI3_Init	8	static
../Core/Src/main.c:736:13:MX_SPI4_Init	8	static
../Core/Src/main.c:776:13:MX_TIM2_Init	40	static
../Core/Src/main.c:821:13:MX_TIM3_Init	40	static
../Core/Src/main.c:866:13:MX_TIM4_Init	40	static
../Core/Src/main.c:911:13:MX_TIM5_Init	40	static
../Core/Src/main.c:956:13:MX_TIM6_Init	24	static
../Core/Src/main.c:994:13:MX_TIM7_Init	24	static
../Core/Src/main.c:1032:13:MX_TIM10_Init	8	static
../Core/Src/main.c:1063:13:MX_TIM11_Init	8	static
../Core/Src/main.c:1094:13:MX_TIM12_Init	24	static
../Core/Src/main.c:1132:13:MX_TIM13_Init	8	static
../Core/Src/main.c:1163:13:MX_TIM14_Init	8	static
../Core/Src/main.c:1194:13:MX_USART1_UART_Init	8	static
../Core/Src/main.c:1229:13:MX_USART3_UART_Init	8	static
../Core/Src/main.c:1262:13:MX_DMA_Init	16	static
../Core/Src/main.c:1296:13:MX_GPIO_Init	48	static
../Core/Src/main.c:1345:6:parser	24	static
../Core/Src/main.c:2348:6:stepDriver	24	static
../Core/Src/main.c:2384:6:changeMotorDirection	16	static
../Core/Src/main.c:2433:1:__io_putchar	16	static
../Core/Src/main.c:2442:6:HAL_UART_RxCpltCallback	24	static
../Core/Src/main.c:2489:6:HAL_SPI_RxCpltCallback	16	static
../Core/Src/main.c:2512:6:createResponsePacket	24	static
../Core/Src/main.c:2554:6:createDataPacket	16	static
../Core/Src/main.c:2573:10:calculateEncPosition	24	static
../Core/Src/main.c:2607:10:processSSIData	24	static
../Core/Src/main.c:2615:9:getADCAmplifierVal	16	static
../Core/Src/main.c:2639:9:getADCAmplifierValInverted	16	static
../Core/Src/main.c:2663:6:moveToPosition	16	static
../Core/Src/main.c:2685:6:checkCRCPhotodetectorData	4	static
../Core/Src/main.c:2706:6:createErrorResponse	8	static
../Core/Src/main.c:2718:6:handleTestAngleOffset	8	static
../Core/Src/main.c:2738:6:handleMovingToStartOffset	8	static
../Core/Src/main.c:2757:6:handleTestTurn	8	static
../Core/Src/main.c:2772:6:handleHorizontalMeasurement	8	static
../Core/Src/main.c:2930:6:handleHorizontalMeasurementVertPlatf	8	static
../Core/Src/main.c:3082:6:handleVerticalMeasurement	16	static
../Core/Src/main.c:3242:6:reverseHorizontalMeasurement	8	static
../Core/Src/main.c:3327:10:calculateRequiredDataNum	32	static
../Core/Src/main.c:3337:10:getTimeOffset	4	static
../Core/Src/main.c:3351:6:convertAdcValues	24	static
../Core/Src/main.c:3359:6:setPlatformParam	16	static
../Core/Src/main.c:3392:6:DeviceInit	8	static
../Core/Src/main.c:3435:6:DeviceReset	8	static
../Core/Src/main.c:3523:6:checkCRC_PCData	24	static
../Core/Src/main.c:3541:6:HAL_UART_ErrorCallback	24	static
../Core/Src/main.c:3571:6:Error_Handler	4	static,ignoring_inline_asm
