../Core/Src/main.c:227:5:main	16	static
../Core/Src/main.c:494:6:SystemClock_Config	88	static
../Core/Src/main.c:547:13:MX_SPI3_Init	8	static
../Core/Src/main.c:587:13:MX_SPI4_Init	8	static
../Core/Src/main.c:627:13:MX_TIM2_Init	40	static
../Core/Src/main.c:672:13:MX_TIM3_Init	40	static
../Core/Src/main.c:717:13:MX_TIM5_Init	40	static
../Core/Src/main.c:762:13:MX_TIM6_Init	24	static
../Core/Src/main.c:800:13:MX_TIM7_Init	24	static
../Core/Src/main.c:838:13:MX_TIM10_Init	8	static
../Core/Src/main.c:869:13:MX_TIM13_Init	8	static
../Core/Src/main.c:900:13:MX_TIM14_Init	8	static
../Core/Src/main.c:931:13:MX_USART1_UART_Init	8	static
../Core/Src/main.c:966:13:MX_USART3_UART_Init	8	static
../Core/Src/main.c:999:13:MX_DMA_Init	16	static
../Core/Src/main.c:1039:13:MX_GPIO_Init	48	static
../Core/Src/main.c:1088:6:parser	24	static
../Core/Src/main.c:1797:6:stepDriver	24	static
../Core/Src/main.c:1833:6:changeMotorDirection_	16	static
../Core/Src/main.c:1862:6:changeMotorDirection	16	static
../Core/Src/main.c:1911:1:__io_putchar	16	static
../Core/Src/main.c:1920:6:HAL_UART_RxCpltCallback	24	static
../Core/Src/main.c:1969:6:HAL_SPI_RxCpltCallback	16	static
../Core/Src/main.c:2046:6:HAL_TIM_PeriodElapsedCallback	16	static
../Core/Src/main.c:2120:6:createResponsePacket	24	static
../Core/Src/main.c:2161:6:createDataPacket	16	static
../Core/Src/main.c:2180:10:calculateEncPosition	24	static
../Core/Src/main.c:2214:10:processSSIData	24	static
../Core/Src/main.c:2222:6:FlashInit	4	static
../Core/Src/main.c:2229:6:WriteToFlash	40	static
../Core/Src/main.c:2258:6:ReadFlash	32	static
../Core/Src/main.c:2276:6:clearBuffer	24	static
../Core/Src/main.c:2282:6:clearSpecifiedElemOfBuffer	24	static
../Core/Src/main.c:2288:9:getADCAmplifierVal	16	static
../Core/Src/main.c:2312:6:usDelay	16	static
../Core/Src/main.c:2318:6:moveToPosition	16	static
../Core/Src/main.c:2367:6:checkCRCPhotodetectorData	4	static
../Core/Src/main.c:2388:6:createErrorResponse	8	static
../Core/Src/main.c:2400:6:handleTestAngleOffset	8	static
../Core/Src/main.c:2416:6:handleMovingToStartOffset	8	static
../Core/Src/main.c:2434:6:handleTestTurn	8	static
../Core/Src/main.c:2449:6:handleHorizontalMeasurement	8	static
../Core/Src/main.c:2568:6:handleHorizontalMeasurementVertPlatf	8	static
../Core/Src/main.c:2688:6:handleVerticalMeasurement	16	static
../Core/Src/main.c:2848:6:reverseHorizontalMeasurement	8	static
../Core/Src/main.c:2933:10:calculateTimeIntervalError	40	static
../Core/Src/main.c:2950:6:HAL_UART_ErrorCallback	24	static
../Core/Src/main.c:2966:6:Error_Handler	4	static,ignoring_inline_asm
