../Core/Src/main.c:243:5:main	16	static
../Core/Src/main.c:594:6:SystemClock_Config	88	static
../Core/Src/main.c:647:13:MX_SPI3_Init	8	static
../Core/Src/main.c:687:13:MX_SPI4_Init	8	static
../Core/Src/main.c:727:13:MX_TIM2_Init	40	static
../Core/Src/main.c:772:13:MX_TIM3_Init	40	static
../Core/Src/main.c:817:13:MX_TIM5_Init	40	static
../Core/Src/main.c:862:13:MX_TIM6_Init	24	static
../Core/Src/main.c:900:13:MX_TIM7_Init	24	static
../Core/Src/main.c:938:13:MX_TIM10_Init	8	static
../Core/Src/main.c:969:13:MX_TIM13_Init	8	static
../Core/Src/main.c:1000:13:MX_TIM14_Init	8	static
../Core/Src/main.c:1031:13:MX_USART1_UART_Init	8	static
../Core/Src/main.c:1066:13:MX_USART3_UART_Init	8	static
../Core/Src/main.c:1099:13:MX_DMA_Init	16	static
../Core/Src/main.c:1133:13:MX_GPIO_Init	48	static
../Core/Src/main.c:1182:6:parser	32	static
../Core/Src/main.c:1959:6:stepDriver	24	static
../Core/Src/main.c:1995:6:changeMotorDirection_	16	static
../Core/Src/main.c:2024:6:changeMotorDirection	16	static
../Core/Src/main.c:2073:1:__io_putchar	16	static
../Core/Src/main.c:2082:6:HAL_UART_RxCpltCallback	24	static
../Core/Src/main.c:2131:6:HAL_SPI_RxCpltCallback	16	static
../Core/Src/main.c:2150:6:createResponsePacket	24	static
../Core/Src/main.c:2191:6:createDataPacket	16	static
../Core/Src/main.c:2210:10:calculateEncPosition	24	static
../Core/Src/main.c:2244:10:processSSIData	24	static
../Core/Src/main.c:2252:6:FlashInit	4	static
../Core/Src/main.c:2259:6:WriteToFlash	40	static
../Core/Src/main.c:2288:6:ReadFlash	32	static
../Core/Src/main.c:2306:6:clearBuffer	24	static
../Core/Src/main.c:2312:6:clearSpecifiedElemOfBuffer	24	static
../Core/Src/main.c:2318:9:getADCAmplifierVal	16	static
../Core/Src/main.c:2342:6:usDelay	16	static
../Core/Src/main.c:2348:6:moveToPosition	16	static
../Core/Src/main.c:2370:6:checkCRCPhotodetectorData	4	static
../Core/Src/main.c:2391:6:createErrorResponse	8	static
../Core/Src/main.c:2403:6:handleTestAngleOffset	8	static
../Core/Src/main.c:2421:6:handleMovingToStartOffset	8	static
../Core/Src/main.c:2440:6:handleTestTurn	8	static
../Core/Src/main.c:2455:6:handleHorizontalMeasurement	8	static
../Core/Src/main.c:2582:6:handleHorizontalMeasurementVertPlatf	8	static
../Core/Src/main.c:2707:6:handleVerticalMeasurement	16	static
../Core/Src/main.c:2867:6:reverseHorizontalMeasurement	8	static
../Core/Src/main.c:2952:10:calculateRequiredDataNum	32	static
../Core/Src/main.c:2962:6:setNVICPriority	16	static
../Core/Src/main.c:3013:6:resetNVICPriority	8	static
../Core/Src/main.c:3040:10:getTimeOffset	4	static
../Core/Src/main.c:3054:6:setMotorFrequency	24	static
../Core/Src/main.c:3066:6:convertAdcValues	24	static
../Core/Src/main.c:3074:6:swap	24	static
../Core/Src/main.c:3080:6:bubbleSort	24	static
../Core/Src/main.c:3100:10:calculateMedianVal	56	static
../Core/Src/main.c:3111:6:HAL_UART_ErrorCallback	24	static
../Core/Src/main.c:3143:6:Error_Handler	4	static,ignoring_inline_asm
