../Core/Src/main.c:161:5:main	8	static
../Core/Src/main.c:238:6:SystemClock_Config	88	static
../Core/Src/main.c:291:13:MX_SPI3_Init	8	static
../Core/Src/main.c:331:13:MX_SPI4_Init	8	static
../Core/Src/main.c:371:13:MX_TIM2_Init	40	static
../Core/Src/main.c:416:13:MX_TIM3_Init	40	static
../Core/Src/main.c:461:13:MX_TIM6_Init	24	static
../Core/Src/main.c:499:13:MX_TIM7_Init	24	static
../Core/Src/main.c:537:13:MX_TIM10_Init	8	static
../Core/Src/main.c:568:13:MX_USART1_UART_Init	8	static
../Core/Src/main.c:603:13:MX_USART3_UART_Init	8	static
../Core/Src/main.c:636:13:MX_DMA_Init	16	static
../Core/Src/main.c:676:13:MX_GPIO_Init	48	static
../Core/Src/main.c:725:6:parser	8	static
../Core/Src/main.c:923:6:stepDriver	24	static
../Core/Src/main.c:957:6:changeMotorDirection	16	static
../Core/Src/main.c:991:1:__io_putchar	16	static
../Core/Src/main.c:1000:6:HAL_UART_RxCpltCallback	16	static
../Core/Src/main.c:1025:6:HAL_SPI_RxCpltCallback	16	static
../Core/Src/main.c:1055:6:HAL_TIM_PeriodElapsedCallback	16	static
../Core/Src/main.c:1082:6:createResponsePacket	24	static
../Core/Src/main.c:1125:10:calculateEncPosition	16	static
../Core/Src/main.c:1139:10:processSSIData	24	static
../Core/Src/main.c:1147:6:FlashInit	4	static
../Core/Src/main.c:1154:6:WriteToFlash_	32	static
../Core/Src/main.c:1189:6:WriteToFlash	48	static
../Core/Src/main.c:1225:6:ReadFlash_	24	static
../Core/Src/main.c:1244:6:ReadFlash	40	static
../Core/Src/main.c:1269:6:clearBuffer	24	static
../Core/Src/main.c:1275:9:getADCAmplifierVal	16	static
../Core/Src/main.c:1299:6:usDelay	16	static
../Core/Src/main.c:1305:6:completeReceivePhotodetector	16	static
../Core/Src/main.c:1326:6:Error_Handler	4	static,ignoring_inline_asm
