../Core/Src/main.c:245:5:main	16	static
../Core/Src/main.c:604:6:SystemClock_Config	88	static
../Core/Src/main.c:657:13:MX_SPI3_Init	8	static
../Core/Src/main.c:697:13:MX_SPI4_Init	8	static
../Core/Src/main.c:737:13:MX_TIM2_Init	40	static
../Core/Src/main.c:782:13:MX_TIM3_Init	40	static
../Core/Src/main.c:827:13:MX_TIM5_Init	40	static
../Core/Src/main.c:872:13:MX_TIM6_Init	24	static
../Core/Src/main.c:910:13:MX_TIM7_Init	24	static
../Core/Src/main.c:948:13:MX_TIM10_Init	8	static
../Core/Src/main.c:979:13:MX_TIM13_Init	8	static
../Core/Src/main.c:1010:13:MX_TIM14_Init	8	static
../Core/Src/main.c:1041:13:MX_USART1_UART_Init	8	static
../Core/Src/main.c:1076:13:MX_USART3_UART_Init	8	static
../Core/Src/main.c:1109:13:MX_DMA_Init	16	static
../Core/Src/main.c:1143:13:MX_GPIO_Init	48	static
../Core/Src/main.c:1192:6:parser	24	static
../Core/Src/main.c:2001:6:stepDriver	24	static
../Core/Src/main.c:2037:6:changeMotorDirection_	16	static
../Core/Src/main.c:2066:6:changeMotorDirection	16	static
../Core/Src/main.c:2115:1:__io_putchar	16	static
../Core/Src/main.c:2124:6:HAL_UART_RxCpltCallback	24	static
../Core/Src/main.c:2173:6:HAL_SPI_RxCpltCallback	16	static
../Core/Src/main.c:2192:6:createResponsePacket	24	static
../Core/Src/main.c:2233:6:createDataPacket	16	static
../Core/Src/main.c:2252:10:calculateEncPosition	24	static
../Core/Src/main.c:2286:10:processSSIData	24	static
../Core/Src/main.c:2296:6:clearBuffer	24	static
../Core/Src/main.c:2302:6:clearSpecifiedElemOfBuffer	24	static
../Core/Src/main.c:2308:9:getADCAmplifierVal	16	static
../Core/Src/main.c:2332:6:moveToPosition	16	static
../Core/Src/main.c:2354:6:checkCRCPhotodetectorData	4	static
../Core/Src/main.c:2375:6:createErrorResponse	8	static
../Core/Src/main.c:2387:6:handleTestAngleOffset	8	static
../Core/Src/main.c:2405:6:handleMovingToStartOffset	8	static
../Core/Src/main.c:2424:6:handleTestTurn	8	static
../Core/Src/main.c:2439:6:handleHorizontalMeasurement	8	static
../Core/Src/main.c:2574:6:handleHorizontalMeasurementVertPlatf	8	static
../Core/Src/main.c:2706:6:handleVerticalMeasurement	16	static
../Core/Src/main.c:2866:6:reverseHorizontalMeasurement	8	static
../Core/Src/main.c:2951:10:calculateRequiredDataNum	32	static
../Core/Src/main.c:2963:10:getTimeOffset	4	static
../Core/Src/main.c:2977:6:setMotorFrequency	24	static
../Core/Src/main.c:2989:6:convertAdcValues	24	static
../Core/Src/main.c:2997:6:swap	24	static
../Core/Src/main.c:3003:6:bubbleSort	24	static
../Core/Src/main.c:3023:10:calculateMedianVal	56	static
../Core/Src/main.c:3034:6:setPlatformParam	16	static
../Core/Src/main.c:3055:6:setEncoderPollFrequency	16	static
../Core/Src/main.c:3059:6:HAL_UART_ErrorCallback	24	static
../Core/Src/main.c:3089:6:Error_Handler	4	static,ignoring_inline_asm
