../Core/Src/main.c:239:5:main	16	static
../Core/Src/main.c:610:6:SystemClock_Config	88	static
../Core/Src/main.c:663:13:MX_SPI3_Init	8	static
../Core/Src/main.c:703:13:MX_SPI4_Init	8	static
../Core/Src/main.c:743:13:MX_TIM2_Init	40	static
../Core/Src/main.c:788:13:MX_TIM3_Init	40	static
../Core/Src/main.c:833:13:MX_TIM4_Init	40	static
../Core/Src/main.c:878:13:MX_TIM5_Init	40	static
../Core/Src/main.c:923:13:MX_TIM6_Init	24	static
../Core/Src/main.c:961:13:MX_TIM7_Init	24	static
../Core/Src/main.c:999:13:MX_TIM9_Init	8	static
../Core/Src/main.c:1030:13:MX_TIM10_Init	8	static
../Core/Src/main.c:1061:13:MX_TIM13_Init	8	static
../Core/Src/main.c:1092:13:MX_TIM14_Init	8	static
../Core/Src/main.c:1123:13:MX_USART1_UART_Init	8	static
../Core/Src/main.c:1158:13:MX_USART3_UART_Init	8	static
../Core/Src/main.c:1191:13:MX_DMA_Init	16	static
../Core/Src/main.c:1225:13:MX_GPIO_Init	48	static
../Core/Src/main.c:1274:6:parser	24	static
../Core/Src/main.c:2161:6:stepDriver	24	static
../Core/Src/main.c:2197:6:changeMotorDirection	16	static
../Core/Src/main.c:2246:1:__io_putchar	16	static
../Core/Src/main.c:2255:6:HAL_UART_RxCpltCallback	24	static
../Core/Src/main.c:2304:6:HAL_SPI_RxCpltCallback	16	static
../Core/Src/main.c:2325:6:createResponsePacket	24	static
../Core/Src/main.c:2366:6:createDataPacket	16	static
../Core/Src/main.c:2385:10:calculateEncPosition	24	static
../Core/Src/main.c:2419:10:processSSIData	24	static
../Core/Src/main.c:2427:9:getADCAmplifierVal	16	static
../Core/Src/main.c:2451:6:moveToPosition	16	static
../Core/Src/main.c:2473:6:checkCRCPhotodetectorData	4	static
../Core/Src/main.c:2494:6:createErrorResponse	8	static
../Core/Src/main.c:2506:6:handleTestAngleOffset	8	static
../Core/Src/main.c:2526:6:handleMovingToStartOffset	8	static
../Core/Src/main.c:2545:6:handleTestTurn	8	static
../Core/Src/main.c:2560:6:handleHorizontalMeasurement	8	static
../Core/Src/main.c:2703:6:handleHorizontalMeasurementVertPlatf	8	static
../Core/Src/main.c:2835:6:handleVerticalMeasurement	16	static
../Core/Src/main.c:2995:6:reverseHorizontalMeasurement	8	static
../Core/Src/main.c:3080:10:calculateRequiredDataNum	32	static
../Core/Src/main.c:3092:10:getTimeOffset	4	static
../Core/Src/main.c:3106:6:convertAdcValues	24	static
../Core/Src/main.c:3114:6:setPlatformParam	16	static
../Core/Src/main.c:3135:6:DeviceInit	8	static
../Core/Src/main.c:3176:6:HAL_UART_ErrorCallback	24	static
../Core/Src/main.c:3206:6:Error_Handler	4	static,ignoring_inline_asm
