../Core/Src/main.c:239:5:main	16	static
../Core/Src/main.c:611:6:SystemClock_Config	88	static
../Core/Src/main.c:664:13:MX_SPI3_Init	8	static
../Core/Src/main.c:704:13:MX_SPI4_Init	8	static
../Core/Src/main.c:744:13:MX_TIM2_Init	40	static
../Core/Src/main.c:789:13:MX_TIM3_Init	40	static
../Core/Src/main.c:834:13:MX_TIM4_Init	40	static
../Core/Src/main.c:879:13:MX_TIM5_Init	40	static
../Core/Src/main.c:924:13:MX_TIM6_Init	24	static
../Core/Src/main.c:962:13:MX_TIM7_Init	24	static
../Core/Src/main.c:1000:13:MX_TIM9_Init	8	static
../Core/Src/main.c:1031:13:MX_TIM10_Init	8	static
../Core/Src/main.c:1062:13:MX_TIM13_Init	8	static
../Core/Src/main.c:1093:13:MX_TIM14_Init	8	static
../Core/Src/main.c:1124:13:MX_USART1_UART_Init	8	static
../Core/Src/main.c:1159:13:MX_USART3_UART_Init	8	static
../Core/Src/main.c:1192:13:MX_DMA_Init	16	static
../Core/Src/main.c:1226:13:MX_GPIO_Init	48	static
../Core/Src/main.c:1275:6:parser	24	static
../Core/Src/main.c:2162:6:stepDriver	24	static
../Core/Src/main.c:2198:6:changeMotorDirection	16	static
../Core/Src/main.c:2247:1:__io_putchar	16	static
../Core/Src/main.c:2256:6:HAL_UART_RxCpltCallback	24	static
../Core/Src/main.c:2305:6:HAL_SPI_RxCpltCallback	16	static
../Core/Src/main.c:2326:6:createResponsePacket	24	static
../Core/Src/main.c:2367:6:createDataPacket	16	static
../Core/Src/main.c:2386:10:calculateEncPosition	24	static
../Core/Src/main.c:2420:10:processSSIData	24	static
../Core/Src/main.c:2428:9:getADCAmplifierVal	16	static
../Core/Src/main.c:2452:6:moveToPosition	16	static
../Core/Src/main.c:2474:6:checkCRCPhotodetectorData	4	static
../Core/Src/main.c:2495:6:createErrorResponse	8	static
../Core/Src/main.c:2507:6:handleTestAngleOffset	8	static
../Core/Src/main.c:2527:6:handleMovingToStartOffset	8	static
../Core/Src/main.c:2546:6:handleTestTurn	8	static
../Core/Src/main.c:2561:6:handleHorizontalMeasurement	8	static
../Core/Src/main.c:2704:6:handleHorizontalMeasurementVertPlatf	8	static
../Core/Src/main.c:2836:6:handleVerticalMeasurement	16	static
../Core/Src/main.c:2996:6:reverseHorizontalMeasurement	8	static
../Core/Src/main.c:3081:10:calculateRequiredDataNum	32	static
../Core/Src/main.c:3093:10:getTimeOffset	4	static
../Core/Src/main.c:3107:6:convertAdcValues	24	static
../Core/Src/main.c:3115:6:setPlatformParam	16	static
../Core/Src/main.c:3136:6:DeviceInit	8	static
../Core/Src/main.c:3177:6:HAL_UART_ErrorCallback	24	static
../Core/Src/main.c:3207:6:Error_Handler	4	static,ignoring_inline_asm
