../Core/Src/main.c:229:5:main	16	static
../Core/Src/main.c:512:6:SystemClock_Config	88	static
../Core/Src/main.c:565:13:MX_SPI3_Init	8	static
../Core/Src/main.c:605:13:MX_SPI4_Init	8	static
../Core/Src/main.c:645:13:MX_TIM2_Init	40	static
../Core/Src/main.c:690:13:MX_TIM3_Init	40	static
../Core/Src/main.c:735:13:MX_TIM5_Init	40	static
../Core/Src/main.c:780:13:MX_TIM6_Init	24	static
../Core/Src/main.c:818:13:MX_TIM7_Init	24	static
../Core/Src/main.c:856:13:MX_TIM10_Init	8	static
../Core/Src/main.c:887:13:MX_TIM13_Init	8	static
../Core/Src/main.c:918:13:MX_TIM14_Init	8	static
../Core/Src/main.c:949:13:MX_USART1_UART_Init	8	static
../Core/Src/main.c:984:13:MX_USART3_UART_Init	8	static
../Core/Src/main.c:1017:13:MX_DMA_Init	16	static
../Core/Src/main.c:1051:13:MX_GPIO_Init	48	static
../Core/Src/main.c:1100:6:parser	24	static
../Core/Src/main.c:1824:6:stepDriver	24	static
../Core/Src/main.c:1860:6:changeMotorDirection_	16	static
../Core/Src/main.c:1889:6:changeMotorDirection	16	static
../Core/Src/main.c:1938:1:__io_putchar	16	static
../Core/Src/main.c:1947:6:HAL_UART_RxCpltCallback	24	static
../Core/Src/main.c:1996:6:HAL_SPI_RxCpltCallback	16	static
../Core/Src/main.c:2015:6:HAL_TIM_PeriodElapsedCallback	16	static
../Core/Src/main.c:2055:6:createResponsePacket	24	static
../Core/Src/main.c:2096:6:createDataPacket	16	static
../Core/Src/main.c:2115:10:calculateEncPosition	24	static
../Core/Src/main.c:2149:10:processSSIData	24	static
../Core/Src/main.c:2157:6:FlashInit	4	static
../Core/Src/main.c:2164:6:WriteToFlash	40	static
../Core/Src/main.c:2193:6:ReadFlash	32	static
../Core/Src/main.c:2211:6:clearBuffer	24	static
../Core/Src/main.c:2217:6:clearSpecifiedElemOfBuffer	24	static
../Core/Src/main.c:2223:9:getADCAmplifierVal	16	static
../Core/Src/main.c:2247:6:usDelay	16	static
../Core/Src/main.c:2253:6:moveToPosition	16	static
../Core/Src/main.c:2302:6:checkCRCPhotodetectorData	4	static
../Core/Src/main.c:2323:6:createErrorResponse	8	static
../Core/Src/main.c:2335:6:handleTestAngleOffset	8	static
../Core/Src/main.c:2351:6:handleMovingToStartOffset	8	static
../Core/Src/main.c:2369:6:handleTestTurn	8	static
../Core/Src/main.c:2384:6:handleHorizontalMeasurement	8	static
../Core/Src/main.c:2503:6:handleHorizontalMeasurementVertPlatf	8	static
../Core/Src/main.c:2623:6:handleVerticalMeasurement	16	static
../Core/Src/main.c:2783:6:reverseHorizontalMeasurement	8	static
../Core/Src/main.c:2868:10:calculateRequiredDataNum	32	static
../Core/Src/main.c:2878:6:setNVICPriority	16	static
../Core/Src/main.c:2905:6:resetNVICPriority	8	static
../Core/Src/main.c:2926:10:getTimeOffset	4	static
../Core/Src/main.c:2940:6:HAL_UART_ErrorCallback	24	static
../Core/Src/main.c:2956:6:Error_Handler	4	static,ignoring_inline_asm
