../Core/Src/main.c:233:5:main	16	static
../Core/Src/main.c:516:6:SystemClock_Config	88	static
../Core/Src/main.c:569:13:MX_SPI3_Init	8	static
../Core/Src/main.c:609:13:MX_SPI4_Init	8	static
../Core/Src/main.c:649:13:MX_TIM2_Init	40	static
../Core/Src/main.c:694:13:MX_TIM3_Init	40	static
../Core/Src/main.c:739:13:MX_TIM5_Init	40	static
../Core/Src/main.c:784:13:MX_TIM6_Init	24	static
../Core/Src/main.c:822:13:MX_TIM7_Init	24	static
../Core/Src/main.c:860:13:MX_TIM10_Init	8	static
../Core/Src/main.c:891:13:MX_TIM13_Init	8	static
../Core/Src/main.c:922:13:MX_TIM14_Init	8	static
../Core/Src/main.c:953:13:MX_USART1_UART_Init	8	static
../Core/Src/main.c:988:13:MX_USART3_UART_Init	8	static
../Core/Src/main.c:1021:13:MX_DMA_Init	16	static
../Core/Src/main.c:1055:13:MX_GPIO_Init	48	static
../Core/Src/main.c:1104:6:parser	32	static
../Core/Src/main.c:1849:6:stepDriver	24	static
../Core/Src/main.c:1885:6:changeMotorDirection_	16	static
../Core/Src/main.c:1914:6:changeMotorDirection	16	static
../Core/Src/main.c:1963:1:__io_putchar	16	static
../Core/Src/main.c:1972:6:HAL_UART_RxCpltCallback	24	static
../Core/Src/main.c:2021:6:HAL_SPI_RxCpltCallback	16	static
../Core/Src/main.c:2040:6:HAL_TIM_PeriodElapsedCallback	16	static
../Core/Src/main.c:2084:6:createResponsePacket	24	static
../Core/Src/main.c:2125:6:createDataPacket	16	static
../Core/Src/main.c:2144:10:calculateEncPosition	24	static
../Core/Src/main.c:2178:10:processSSIData	24	static
../Core/Src/main.c:2186:6:FlashInit	4	static
../Core/Src/main.c:2193:6:WriteToFlash	40	static
../Core/Src/main.c:2222:6:ReadFlash	32	static
../Core/Src/main.c:2240:6:clearBuffer	24	static
../Core/Src/main.c:2246:6:clearSpecifiedElemOfBuffer	24	static
../Core/Src/main.c:2252:9:getADCAmplifierVal	16	static
../Core/Src/main.c:2276:6:usDelay	16	static
../Core/Src/main.c:2282:6:moveToPosition	16	static
../Core/Src/main.c:2331:6:checkCRCPhotodetectorData	4	static
../Core/Src/main.c:2352:6:createErrorResponse	8	static
../Core/Src/main.c:2364:6:handleTestAngleOffset	8	static
../Core/Src/main.c:2382:6:handleMovingToStartOffset	8	static
../Core/Src/main.c:2401:6:handleTestTurn	8	static
../Core/Src/main.c:2416:6:handleHorizontalMeasurement	8	static
../Core/Src/main.c:2537:6:handleHorizontalMeasurementVertPlatf	8	static
../Core/Src/main.c:2657:6:handleVerticalMeasurement	16	static
../Core/Src/main.c:2817:6:reverseHorizontalMeasurement	8	static
../Core/Src/main.c:2902:10:calculateRequiredDataNum	32	static
../Core/Src/main.c:2912:6:setNVICPriority	16	static
../Core/Src/main.c:2962:6:resetNVICPriority	8	static
../Core/Src/main.c:2989:10:getTimeOffset	4	static
../Core/Src/main.c:3003:6:setMotorFrequency	24	static
../Core/Src/main.c:3015:6:HAL_UART_ErrorCallback	24	static
../Core/Src/main.c:3046:6:Error_Handler	4	static,ignoring_inline_asm
