../Core/Src/main.c:253:5:main	16	static
../Core/Src/main.c:647:6:SystemClock_Config	88	static
../Core/Src/main.c:701:13:MX_IWDG_Init	8	static
../Core/Src/main.c:730:13:MX_SPI3_Init	8	static
../Core/Src/main.c:770:13:MX_SPI4_Init	8	static
../Core/Src/main.c:810:13:MX_TIM2_Init	40	static
../Core/Src/main.c:855:13:MX_TIM3_Init	40	static
../Core/Src/main.c:900:13:MX_TIM4_Init	40	static
../Core/Src/main.c:945:13:MX_TIM5_Init	40	static
../Core/Src/main.c:990:13:MX_TIM6_Init	24	static
../Core/Src/main.c:1028:13:MX_TIM7_Init	24	static
../Core/Src/main.c:1066:13:MX_TIM10_Init	8	static
../Core/Src/main.c:1097:13:MX_TIM11_Init	8	static
../Core/Src/main.c:1128:13:MX_TIM12_Init	24	static
../Core/Src/main.c:1166:13:MX_TIM13_Init	8	static
../Core/Src/main.c:1197:13:MX_TIM14_Init	8	static
../Core/Src/main.c:1228:13:MX_USART1_UART_Init	8	static
../Core/Src/main.c:1263:13:MX_USART3_UART_Init	8	static
../Core/Src/main.c:1296:13:MX_DMA_Init	16	static
../Core/Src/main.c:1330:13:MX_GPIO_Init	48	static
../Core/Src/main.c:1379:6:parser	32	static
../Core/Src/main.c:2316:6:stepDriver	24	static
../Core/Src/main.c:2352:6:changeMotorDirection	16	static
../Core/Src/main.c:2401:1:__io_putchar	16	static
../Core/Src/main.c:2410:6:HAL_UART_RxCpltCallback	24	static
../Core/Src/main.c:2457:6:HAL_SPI_RxCpltCallback	16	static
../Core/Src/main.c:2480:6:createResponsePacket	24	static
../Core/Src/main.c:2534:6:createDataPacket	16	static
../Core/Src/main.c:2553:10:calculateEncPosition	24	static
../Core/Src/main.c:2587:10:processSSIData	24	static
../Core/Src/main.c:2595:9:getADCAmplifierVal	16	static
../Core/Src/main.c:2619:9:getADCAmplifierValInverted	16	static
../Core/Src/main.c:2643:6:moveToPosition	16	static
../Core/Src/main.c:2665:6:checkCRCPhotodetectorData	4	static
../Core/Src/main.c:2686:6:createErrorResponse	8	static
../Core/Src/main.c:2698:6:handleTestAngleOffset	8	static
../Core/Src/main.c:2718:6:handleMovingToStartOffset	8	static
../Core/Src/main.c:2737:6:handleTestTurn	8	static
../Core/Src/main.c:2754:6:handleHorizontalMeasurement	8	static
../Core/Src/main.c:2912:6:handleHorizontalMeasurementVertPlatf	8	static
../Core/Src/main.c:3064:6:handleVerticalMeasurement	16	static
../Core/Src/main.c:3222:6:reverseHorizontalMeasurement	8	static
../Core/Src/main.c:3307:10:calculateRequiredDataNum	32	static
../Core/Src/main.c:3317:10:getTimeOffset	4	static
../Core/Src/main.c:3331:6:convertAdcValues	24	static
../Core/Src/main.c:3339:6:setPlatformParam	16	static
../Core/Src/main.c:3375:6:DeviceInit	16	static
../Core/Src/main.c:3445:6:DeviceReset	8	static
../Core/Src/main.c:3533:6:checkCRC_PCData	24	static
../Core/Src/main.c:3551:6:HAL_UART_ErrorCallback	24	static
../Core/Src/main.c:3581:6:Error_Handler	4	static,ignoring_inline_asm
