../Core/Src/main.c:252:5:main	16	static
../Core/Src/main.c:649:6:SystemClock_Config	88	static
../Core/Src/main.c:703:13:MX_IWDG_Init	8	static
../Core/Src/main.c:732:13:MX_SPI3_Init	8	static
../Core/Src/main.c:772:13:MX_SPI4_Init	8	static
../Core/Src/main.c:812:13:MX_TIM2_Init	40	static
../Core/Src/main.c:857:13:MX_TIM3_Init	40	static
../Core/Src/main.c:902:13:MX_TIM4_Init	40	static
../Core/Src/main.c:947:13:MX_TIM5_Init	40	static
../Core/Src/main.c:992:13:MX_TIM6_Init	24	static
../Core/Src/main.c:1030:13:MX_TIM7_Init	24	static
../Core/Src/main.c:1068:13:MX_TIM10_Init	8	static
../Core/Src/main.c:1099:13:MX_TIM11_Init	8	static
../Core/Src/main.c:1130:13:MX_TIM12_Init	24	static
../Core/Src/main.c:1168:13:MX_TIM13_Init	8	static
../Core/Src/main.c:1199:13:MX_TIM14_Init	8	static
../Core/Src/main.c:1230:13:MX_USART1_UART_Init	8	static
../Core/Src/main.c:1265:13:MX_USART3_UART_Init	8	static
../Core/Src/main.c:1298:13:MX_DMA_Init	16	static
../Core/Src/main.c:1332:13:MX_GPIO_Init	48	static
../Core/Src/main.c:1381:6:parser	32	static
../Core/Src/main.c:2371:6:stepDriver	24	static
../Core/Src/main.c:2407:6:changeMotorDirection	16	static
../Core/Src/main.c:2456:1:__io_putchar	16	static
../Core/Src/main.c:2465:6:HAL_UART_RxCpltCallback	24	static
../Core/Src/main.c:2512:6:HAL_SPI_RxCpltCallback	16	static
../Core/Src/main.c:2535:6:createResponsePacket	24	static
../Core/Src/main.c:2583:6:createDataPacket	16	static
../Core/Src/main.c:2602:10:calculateEncPosition	24	static
../Core/Src/main.c:2636:10:processSSIData	24	static
../Core/Src/main.c:2644:9:getADCAmplifierVal	16	static
../Core/Src/main.c:2668:9:getADCAmplifierValInverted	16	static
../Core/Src/main.c:2692:6:moveToPosition	16	static
../Core/Src/main.c:2714:6:checkCRCPhotodetectorData	4	static
../Core/Src/main.c:2735:6:createErrorResponse	8	static
../Core/Src/main.c:2747:6:handleTestAngleOffset	8	static
../Core/Src/main.c:2767:6:handleMovingToStartOffset	8	static
../Core/Src/main.c:2786:6:handleTestTurn	8	static
../Core/Src/main.c:2801:6:handleHorizontalMeasurement	8	static
../Core/Src/main.c:2959:6:handleHorizontalMeasurementVertPlatf	8	static
../Core/Src/main.c:3111:6:handleVerticalMeasurement	16	static
../Core/Src/main.c:3269:6:reverseHorizontalMeasurement	8	static
../Core/Src/main.c:3354:10:calculateRequiredDataNum	32	static
../Core/Src/main.c:3364:10:getTimeOffset	4	static
../Core/Src/main.c:3378:6:convertAdcValues	24	static
../Core/Src/main.c:3386:6:setPlatformParam	16	static
../Core/Src/main.c:3422:6:DeviceInit	16	static
../Core/Src/main.c:3486:6:DeviceReset	8	static
../Core/Src/main.c:3574:6:checkCRC_PCData	24	static
../Core/Src/main.c:3592:6:HAL_UART_ErrorCallback	24	static
../Core/Src/main.c:3622:6:Error_Handler	4	static,ignoring_inline_asm
