../Core/Src/main.c:179:5:main	16	static
../Core/Src/main.c:370:6:SystemClock_Config	88	static
../Core/Src/main.c:423:13:MX_SPI3_Init	8	static
../Core/Src/main.c:463:13:MX_SPI4_Init	8	static
../Core/Src/main.c:503:13:MX_TIM2_Init	40	static
../Core/Src/main.c:548:13:MX_TIM3_Init	40	static
../Core/Src/main.c:593:13:MX_TIM6_Init	24	static
../Core/Src/main.c:631:13:MX_TIM7_Init	24	static
../Core/Src/main.c:669:13:MX_TIM10_Init	8	static
../Core/Src/main.c:700:13:MX_USART1_UART_Init	8	static
../Core/Src/main.c:735:13:MX_USART3_UART_Init	8	static
../Core/Src/main.c:768:13:MX_DMA_Init	16	static
../Core/Src/main.c:808:13:MX_GPIO_Init	48	static
../Core/Src/main.c:857:6:parser	24	static
../Core/Src/main.c:1258:6:stepDriver	24	static
../Core/Src/main.c:1294:6:changeMotorDirection_	16	static
../Core/Src/main.c:1323:6:changeMotorDirection	16	static
../Core/Src/main.c:1372:1:__io_putchar	16	static
../Core/Src/main.c:1381:6:HAL_UART_RxCpltCallback	24	static
../Core/Src/main.c:1435:6:HAL_SPI_RxCpltCallback	16	static
../Core/Src/main.c:1508:6:HAL_TIM_PeriodElapsedCallback	16	static
../Core/Src/main.c:1545:6:createResponsePacket	24	static
../Core/Src/main.c:1589:6:createDataPacket	16	static
../Core/Src/main.c:1608:10:calculateEncPosition	16	static
../Core/Src/main.c:1624:10:processSSIData	24	static
../Core/Src/main.c:1632:6:FlashInit	4	static
../Core/Src/main.c:1639:6:WriteToFlash	40	static
../Core/Src/main.c:1668:6:ReadFlash	32	static
../Core/Src/main.c:1686:6:clearBuffer	24	static
../Core/Src/main.c:1692:9:getADCAmplifierVal	16	static
../Core/Src/main.c:1716:6:usDelay	16	static
../Core/Src/main.c:1722:6:moveToPosition	16	static
../Core/Src/main.c:1744:6:completeReceivePhotodetector	16	static
../Core/Src/main.c:1759:6:createErrorResponse	8	static
../Core/Src/main.c:1771:6:HAL_UART_ErrorCallback	24	static
../Core/Src/main.c:1787:6:Error_Handler	4	static,ignoring_inline_asm
