main.c:239:5:main	40
main.c:580:6:SystemClock_Config	4
main.c:633:13:MX_SPI3_Init	2
main.c:673:13:MX_SPI4_Init	2
main.c:713:13:MX_TIM2_Init	4
main.c:758:13:MX_TIM3_Init	4
main.c:803:13:MX_TIM5_Init	4
main.c:848:13:MX_TIM6_Init	3
main.c:886:13:MX_TIM7_Init	3
main.c:924:13:MX_TIM10_Init	2
main.c:955:13:MX_TIM13_Init	2
main.c:986:13:MX_TIM14_Init	2
main.c:1017:13:MX_USART1_UART_Init	2
main.c:1052:13:MX_USART3_UART_Init	2
main.c:1085:13:MX_DMA_Init	1
main.c:1119:13:MX_GPIO_Init	1
main.c:1168:6:parser	58
main.c:1941:6:stepDriver	4
main.c:1977:6:changeMotorDirection_	4
main.c:2006:6:changeMotorDirection	8
main.c:2055:1:__io_putchar	1
main.c:2064:6:HAL_UART_RxCpltCallback	8
main.c:2113:6:HAL_SPI_RxCpltCallback	3
main.c:2132:6:HAL_TIM_PeriodElapsedCallback	1
main.c:2176:6:createResponsePacket	3
main.c:2217:6:createDataPacket	2
main.c:2236:10:calculateEncPosition	6
main.c:2270:10:processSSIData	1
main.c:2278:6:FlashInit	1
main.c:2285:6:WriteToFlash	6
main.c:2314:6:ReadFlash	4
main.c:2332:6:clearBuffer	2
main.c:2338:6:clearSpecifiedElemOfBuffer	2
main.c:2344:9:getADCAmplifierVal	12
main.c:2368:6:usDelay	2
main.c:2374:6:moveToPosition	2
main.c:2423:6:checkCRCPhotodetectorData	4
main.c:2444:6:createErrorResponse	1
main.c:2456:6:handleTestAngleOffset	6
main.c:2474:6:handleMovingToStartOffset	6
main.c:2493:6:handleTestTurn	6
main.c:2508:6:handleHorizontalMeasurement	19
main.c:2633:6:handleHorizontalMeasurementVertPlatf	19
main.c:2758:6:handleVerticalMeasurement	22
main.c:2918:6:reverseHorizontalMeasurement	15
main.c:3003:10:calculateRequiredDataNum	1
main.c:3013:6:setNVICPriority	4
main.c:3064:6:resetNVICPriority	1
main.c:3091:10:getTimeOffset	3
main.c:3105:6:setMotorFrequency	2
main.c:3117:6:convertAdcValues	2
main.c:3125:6:swap	1
main.c:3131:6:bubbleSort	5
main.c:3151:10:calculateMedianVal	2
main.c:3162:6:HAL_UART_ErrorCallback	4
main.c:3193:6:Error_Handler	1
