../Core/Src/main.c:200:5:main	16	static
../Core/Src/main.c:343:6:SystemClock_Config	88	static
../Core/Src/main.c:396:13:MX_SPI3_Init	8	static
../Core/Src/main.c:436:13:MX_SPI4_Init	8	static
../Core/Src/main.c:476:13:MX_TIM2_Init	40	static
../Core/Src/main.c:521:13:MX_TIM3_Init	40	static
../Core/Src/main.c:566:13:MX_TIM6_Init	24	static
../Core/Src/main.c:604:13:MX_TIM7_Init	24	static
../Core/Src/main.c:642:13:MX_TIM10_Init	8	static
../Core/Src/main.c:673:13:MX_USART1_UART_Init	8	static
../Core/Src/main.c:708:13:MX_USART3_UART_Init	8	static
../Core/Src/main.c:741:13:MX_DMA_Init	16	static
../Core/Src/main.c:781:13:MX_GPIO_Init	48	static
../Core/Src/main.c:830:6:parser	24	static
../Core/Src/main.c:1409:6:stepDriver	24	static
../Core/Src/main.c:1445:6:changeMotorDirection_	16	static
../Core/Src/main.c:1474:6:changeMotorDirection	16	static
../Core/Src/main.c:1523:1:__io_putchar	16	static
../Core/Src/main.c:1532:6:HAL_UART_RxCpltCallback	24	static
../Core/Src/main.c:1586:6:HAL_SPI_RxCpltCallback	16	static
../Core/Src/main.c:1659:6:HAL_TIM_PeriodElapsedCallback	16	static
../Core/Src/main.c:1696:6:createResponsePacket	24	static
../Core/Src/main.c:1737:6:createDataPacket	16	static
../Core/Src/main.c:1756:10:calculateEncPosition	24	static
../Core/Src/main.c:1790:10:processSSIData	24	static
../Core/Src/main.c:1798:6:FlashInit	4	static
../Core/Src/main.c:1805:6:WriteToFlash	40	static
../Core/Src/main.c:1834:6:ReadFlash	32	static
../Core/Src/main.c:1852:6:clearBuffer	24	static
../Core/Src/main.c:1858:6:clearSpecifiedElemOfBuffer	24	static
../Core/Src/main.c:1864:9:getADCAmplifierVal	16	static
../Core/Src/main.c:1888:6:usDelay	16	static
../Core/Src/main.c:1894:6:moveToPosition	16	static
../Core/Src/main.c:1916:6:checkCRCPhotodetectorData	16	static
../Core/Src/main.c:1938:6:createErrorResponse	8	static
../Core/Src/main.c:1950:6:handleTestAngleOffset	8	static
../Core/Src/main.c:1966:6:handleMovingToStartOffset	8	static
../Core/Src/main.c:1984:6:handleTestTurn	8	static
../Core/Src/main.c:1999:6:handleHorizontalMeasurement	8	static
../Core/Src/main.c:2084:6:handleVerticalMeasurement	8	static
../Core/Src/main.c:2176:6:HAL_UART_ErrorCallback	24	static
../Core/Src/main.c:2192:6:Error_Handler	4	static,ignoring_inline_asm
