../Core/Src/main.c:214:5:main	16	static
../Core/Src/main.c:393:6:SystemClock_Config	88	static
../Core/Src/main.c:446:13:MX_SPI3_Init	8	static
../Core/Src/main.c:486:13:MX_SPI4_Init	8	static
../Core/Src/main.c:526:13:MX_TIM2_Init	40	static
../Core/Src/main.c:571:13:MX_TIM3_Init	40	static
../Core/Src/main.c:616:13:MX_TIM5_Init	40	static
../Core/Src/main.c:661:13:MX_TIM6_Init	24	static
../Core/Src/main.c:699:13:MX_TIM7_Init	24	static
../Core/Src/main.c:737:13:MX_TIM10_Init	8	static
../Core/Src/main.c:768:13:MX_TIM14_Init	8	static
../Core/Src/main.c:799:13:MX_USART1_UART_Init	8	static
../Core/Src/main.c:834:13:MX_USART3_UART_Init	8	static
../Core/Src/main.c:867:13:MX_DMA_Init	16	static
../Core/Src/main.c:907:13:MX_GPIO_Init	48	static
../Core/Src/main.c:956:6:parser	24	static
../Core/Src/main.c:1672:6:stepDriver	24	static
../Core/Src/main.c:1708:6:changeMotorDirection_	16	static
../Core/Src/main.c:1737:6:changeMotorDirection	16	static
../Core/Src/main.c:1786:1:__io_putchar	16	static
../Core/Src/main.c:1795:6:HAL_UART_RxCpltCallback	24	static
../Core/Src/main.c:1849:6:HAL_SPI_RxCpltCallback	16	static
../Core/Src/main.c:1926:6:HAL_TIM_PeriodElapsedCallback	16	static
../Core/Src/main.c:2014:6:createResponsePacket	24	static
../Core/Src/main.c:2055:6:createDataPacket	16	static
../Core/Src/main.c:2074:10:calculateEncPosition	24	static
../Core/Src/main.c:2108:10:processSSIData	24	static
../Core/Src/main.c:2116:6:FlashInit	4	static
../Core/Src/main.c:2123:6:WriteToFlash	40	static
../Core/Src/main.c:2152:6:ReadFlash	32	static
../Core/Src/main.c:2170:6:clearBuffer	24	static
../Core/Src/main.c:2176:6:clearSpecifiedElemOfBuffer	24	static
../Core/Src/main.c:2182:9:getADCAmplifierVal	16	static
../Core/Src/main.c:2206:6:usDelay	16	static
../Core/Src/main.c:2212:6:moveToPosition	16	static
../Core/Src/main.c:2235:6:checkCRCPhotodetectorData	16	static
../Core/Src/main.c:2257:6:createErrorResponse	8	static
../Core/Src/main.c:2269:6:handleTestAngleOffset	8	static
../Core/Src/main.c:2285:6:handleMovingToStartOffset	8	static
../Core/Src/main.c:2303:6:handleTestTurn	8	static
../Core/Src/main.c:2318:6:handleHorizontalMeasurement	8	static
../Core/Src/main.c:2437:6:handleHorizontalMeasurementVertPlatf	8	static
../Core/Src/main.c:2557:6:handleVerticalMeasurement	16	static
../Core/Src/main.c:2717:6:reverseHorizontalMeasurement	8	static
../Core/Src/main.c:2802:6:HAL_UART_ErrorCallback	24	static
../Core/Src/main.c:2818:6:Error_Handler	4	static,ignoring_inline_asm
