../Core/Src/main.c:153:5:main	8	static
../Core/Src/main.c:225:6:SystemClock_Config	88	static
../Core/Src/main.c:278:13:MX_SPI3_Init	8	static
../Core/Src/main.c:318:13:MX_SPI4_Init	8	static
../Core/Src/main.c:358:13:MX_TIM2_Init	40	static
../Core/Src/main.c:403:13:MX_TIM3_Init	40	static
../Core/Src/main.c:448:13:MX_TIM6_Init	24	static
../Core/Src/main.c:486:13:MX_TIM7_Init	24	static
../Core/Src/main.c:524:13:MX_USART1_UART_Init	8	static
../Core/Src/main.c:559:13:MX_USART3_UART_Init	8	static
../Core/Src/main.c:592:13:MX_DMA_Init	16	static
../Core/Src/main.c:632:13:MX_GPIO_Init	48	static
../Core/Src/main.c:681:6:parser	16	static
../Core/Src/main.c:869:6:stepDriver	24	static
../Core/Src/main.c:903:6:changeMotorDirection	16	static
../Core/Src/main.c:937:1:__io_putchar	16	static
../Core/Src/main.c:946:6:HAL_UART_RxCpltCallback	16	static
../Core/Src/main.c:966:6:HAL_SPI_RxCpltCallback	16	static
../Core/Src/main.c:996:6:HAL_TIM_PeriodElapsedCallback	16	static
../Core/Src/main.c:1011:6:createResponsePacket	24	static
../Core/Src/main.c:1054:10:calculateEncPosition	16	static
../Core/Src/main.c:1068:10:processSSIData	24	static
../Core/Src/main.c:1076:6:FlashInit	4	static
../Core/Src/main.c:1083:6:WriteToFlash_	32	static
../Core/Src/main.c:1120:6:WriteToFlash	48	static
../Core/Src/main.c:1156:6:ReadFlash_	24	static
../Core/Src/main.c:1175:6:ReadFlash	40	static
../Core/Src/main.c:1200:6:clearBuffer	24	static
../Core/Src/main.c:1206:9:getADCAmplifierVal	16	static
../Core/Src/main.c:1230:6:usDelay	16	static
../Core/Src/main.c:1242:6:Error_Handler	4	static,ignoring_inline_asm
