../Core/Src/main.c:206:5:main	16	static
../Core/Src/main.c:382:6:SystemClock_Config	88	static
../Core/Src/main.c:435:13:MX_SPI3_Init	8	static
../Core/Src/main.c:475:13:MX_SPI4_Init	8	static
../Core/Src/main.c:515:13:MX_TIM2_Init	40	static
../Core/Src/main.c:560:13:MX_TIM3_Init	40	static
../Core/Src/main.c:605:13:MX_TIM6_Init	24	static
../Core/Src/main.c:643:13:MX_TIM7_Init	24	static
../Core/Src/main.c:681:13:MX_TIM10_Init	8	static
../Core/Src/main.c:712:13:MX_USART1_UART_Init	8	static
../Core/Src/main.c:747:13:MX_USART3_UART_Init	8	static
../Core/Src/main.c:780:13:MX_DMA_Init	16	static
../Core/Src/main.c:820:13:MX_GPIO_Init	48	static
../Core/Src/main.c:869:6:parser	24	static
../Core/Src/main.c:1479:6:stepDriver	24	static
../Core/Src/main.c:1515:6:changeMotorDirection_	16	static
../Core/Src/main.c:1544:6:changeMotorDirection	16	static
../Core/Src/main.c:1593:1:__io_putchar	16	static
../Core/Src/main.c:1602:6:HAL_UART_RxCpltCallback	24	static
../Core/Src/main.c:1656:6:HAL_SPI_RxCpltCallback	16	static
../Core/Src/main.c:1729:6:HAL_TIM_PeriodElapsedCallback	16	static
../Core/Src/main.c:1766:6:createResponsePacket	24	static
../Core/Src/main.c:1807:6:createDataPacket	16	static
../Core/Src/main.c:1826:10:calculateEncPosition	24	static
../Core/Src/main.c:1860:10:processSSIData	24	static
../Core/Src/main.c:1868:6:FlashInit	4	static
../Core/Src/main.c:1875:6:WriteToFlash	40	static
../Core/Src/main.c:1904:6:ReadFlash	32	static
../Core/Src/main.c:1922:6:clearBuffer	24	static
../Core/Src/main.c:1928:6:clearSpecifiedElemOfBuffer	24	static
../Core/Src/main.c:1934:9:getADCAmplifierVal	16	static
../Core/Src/main.c:1958:6:usDelay	16	static
../Core/Src/main.c:1964:6:moveToPosition	16	static
../Core/Src/main.c:1987:6:checkCRCPhotodetectorData	16	static
../Core/Src/main.c:2009:6:createErrorResponse	8	static
../Core/Src/main.c:2021:6:handleTestAngleOffset	8	static
../Core/Src/main.c:2037:6:handleMovingToStartOffset	8	static
../Core/Src/main.c:2055:6:handleTestTurn	8	static
../Core/Src/main.c:2070:6:handleHorizontalMeasurement	8	static
../Core/Src/main.c:2155:6:handleVerticalMeasurement	16	static
../Core/Src/main.c:2315:6:reverseHorizontalMeasurement	8	static
../Core/Src/main.c:2400:6:HAL_UART_ErrorCallback	24	static
../Core/Src/main.c:2416:6:Error_Handler	4	static,ignoring_inline_asm
