../Core/Src/main.c:232:5:main	16	static
../Core/Src/main.c:594:6:SystemClock_Config	88	static
../Core/Src/main.c:647:13:MX_SPI3_Init	8	static
../Core/Src/main.c:687:13:MX_SPI4_Init	8	static
../Core/Src/main.c:727:13:MX_TIM2_Init	40	static
../Core/Src/main.c:772:13:MX_TIM3_Init	40	static
../Core/Src/main.c:817:13:MX_TIM5_Init	40	static
../Core/Src/main.c:862:13:MX_TIM6_Init	24	static
../Core/Src/main.c:900:13:MX_TIM7_Init	24	static
../Core/Src/main.c:938:13:MX_TIM10_Init	8	static
../Core/Src/main.c:969:13:MX_TIM13_Init	8	static
../Core/Src/main.c:1000:13:MX_TIM14_Init	8	static
../Core/Src/main.c:1031:13:MX_USART1_UART_Init	8	static
../Core/Src/main.c:1066:13:MX_USART3_UART_Init	8	static
../Core/Src/main.c:1099:13:MX_DMA_Init	16	static
../Core/Src/main.c:1133:13:MX_GPIO_Init	48	static
../Core/Src/main.c:1182:6:parser	24	static
../Core/Src/main.c:1991:6:stepDriver	24	static
../Core/Src/main.c:2027:6:changeMotorDirection	16	static
../Core/Src/main.c:2076:1:__io_putchar	16	static
../Core/Src/main.c:2085:6:HAL_UART_RxCpltCallback	24	static
../Core/Src/main.c:2134:6:HAL_SPI_RxCpltCallback	16	static
../Core/Src/main.c:2155:6:createResponsePacket	24	static
../Core/Src/main.c:2196:6:createDataPacket	16	static
../Core/Src/main.c:2215:10:calculateEncPosition	24	static
../Core/Src/main.c:2249:10:processSSIData	24	static
../Core/Src/main.c:2257:9:getADCAmplifierVal	16	static
../Core/Src/main.c:2281:6:moveToPosition	16	static
../Core/Src/main.c:2303:6:checkCRCPhotodetectorData	4	static
../Core/Src/main.c:2324:6:createErrorResponse	8	static
../Core/Src/main.c:2336:6:handleTestAngleOffset	8	static
../Core/Src/main.c:2354:6:handleMovingToStartOffset	8	static
../Core/Src/main.c:2373:6:handleTestTurn	8	static
../Core/Src/main.c:2388:6:handleHorizontalMeasurement	8	static
../Core/Src/main.c:2523:6:handleHorizontalMeasurementVertPlatf	8	static
../Core/Src/main.c:2655:6:handleVerticalMeasurement	16	static
../Core/Src/main.c:2815:6:reverseHorizontalMeasurement	8	static
../Core/Src/main.c:2900:10:calculateRequiredDataNum	32	static
../Core/Src/main.c:2912:10:getTimeOffset	4	static
../Core/Src/main.c:2926:6:setMotorFrequency	24	static
../Core/Src/main.c:2938:6:convertAdcValues	24	static
../Core/Src/main.c:2946:6:setPlatformParam	16	static
../Core/Src/main.c:2967:6:setEncoderPollFrequency	16	static
../Core/Src/main.c:2971:6:DeviceInit	8	static
../Core/Src/main.c:3007:6:HAL_UART_ErrorCallback	24	static
../Core/Src/main.c:3037:6:Error_Handler	4	static,ignoring_inline_asm
