../Core/Src/main.c:223:5:main	16	static
../Core/Src/main.c:464:6:SystemClock_Config	88	static
../Core/Src/main.c:517:13:MX_SPI3_Init	8	static
../Core/Src/main.c:557:13:MX_SPI4_Init	8	static
../Core/Src/main.c:597:13:MX_TIM2_Init	40	static
../Core/Src/main.c:642:13:MX_TIM3_Init	40	static
../Core/Src/main.c:687:13:MX_TIM5_Init	40	static
../Core/Src/main.c:732:13:MX_TIM6_Init	24	static
../Core/Src/main.c:770:13:MX_TIM7_Init	24	static
../Core/Src/main.c:808:13:MX_TIM10_Init	8	static
../Core/Src/main.c:839:13:MX_TIM14_Init	8	static
../Core/Src/main.c:870:13:MX_USART1_UART_Init	8	static
../Core/Src/main.c:905:13:MX_USART3_UART_Init	8	static
../Core/Src/main.c:938:13:MX_DMA_Init	16	static
../Core/Src/main.c:978:13:MX_GPIO_Init	48	static
../Core/Src/main.c:1027:6:parser	32	static
../Core/Src/main.c:1734:6:stepDriver	24	static
../Core/Src/main.c:1770:6:changeMotorDirection_	16	static
../Core/Src/main.c:1799:6:changeMotorDirection	16	static
../Core/Src/main.c:1848:1:__io_putchar	16	static
../Core/Src/main.c:1857:6:HAL_UART_RxCpltCallback	24	static
../Core/Src/main.c:1906:6:HAL_SPI_RxCpltCallback	16	static
../Core/Src/main.c:1983:6:HAL_TIM_PeriodElapsedCallback	16	static
../Core/Src/main.c:2064:6:createResponsePacket	24	static
../Core/Src/main.c:2105:6:createDataPacket	16	static
../Core/Src/main.c:2124:10:calculateEncPosition	24	static
../Core/Src/main.c:2158:10:processSSIData	24	static
../Core/Src/main.c:2166:6:FlashInit	4	static
../Core/Src/main.c:2173:6:WriteToFlash	40	static
../Core/Src/main.c:2202:6:ReadFlash	32	static
../Core/Src/main.c:2220:6:clearBuffer	24	static
../Core/Src/main.c:2226:6:clearSpecifiedElemOfBuffer	24	static
../Core/Src/main.c:2232:9:getADCAmplifierVal	16	static
../Core/Src/main.c:2256:6:usDelay	16	static
../Core/Src/main.c:2262:6:moveToPosition	16	static
../Core/Src/main.c:2311:6:checkCRCPhotodetectorData	4	static
../Core/Src/main.c:2332:6:createErrorResponse	8	static
../Core/Src/main.c:2344:6:handleTestAngleOffset	8	static
../Core/Src/main.c:2360:6:handleMovingToStartOffset	8	static
../Core/Src/main.c:2378:6:handleTestTurn	8	static
../Core/Src/main.c:2393:6:handleHorizontalMeasurement	8	static
../Core/Src/main.c:2512:6:handleHorizontalMeasurementVertPlatf	8	static
../Core/Src/main.c:2632:6:handleVerticalMeasurement	16	static
../Core/Src/main.c:2792:6:reverseHorizontalMeasurement	8	static
../Core/Src/main.c:2877:10:calculateTimeIntervalError	40	static
../Core/Src/main.c:2894:6:HAL_UART_ErrorCallback	24	static
../Core/Src/main.c:2910:6:Error_Handler	4	static,ignoring_inline_asm
