../Core/Src/main.c:161:5:main	8	static
../Core/Src/main.c:244:6:SystemClock_Config	88	static
../Core/Src/main.c:297:13:MX_SPI3_Init	8	static
../Core/Src/main.c:337:13:MX_SPI4_Init	8	static
../Core/Src/main.c:377:13:MX_TIM2_Init	40	static
../Core/Src/main.c:422:13:MX_TIM3_Init	40	static
../Core/Src/main.c:467:13:MX_TIM6_Init	24	static
../Core/Src/main.c:505:13:MX_TIM7_Init	24	static
../Core/Src/main.c:543:13:MX_TIM10_Init	8	static
../Core/Src/main.c:574:13:MX_USART1_UART_Init	8	static
../Core/Src/main.c:609:13:MX_USART3_UART_Init	8	static
../Core/Src/main.c:642:13:MX_DMA_Init	16	static
../Core/Src/main.c:682:13:MX_GPIO_Init	48	static
../Core/Src/main.c:731:6:parser	16	static
../Core/Src/main.c:966:6:stepDriver	24	static
../Core/Src/main.c:1000:6:changeMotorDirection	16	static
../Core/Src/main.c:1034:1:__io_putchar	16	static
../Core/Src/main.c:1043:6:HAL_UART_RxCpltCallback	16	static
../Core/Src/main.c:1068:6:HAL_SPI_RxCpltCallback	16	static
../Core/Src/main.c:1098:6:HAL_TIM_PeriodElapsedCallback	16	static
../Core/Src/main.c:1125:6:createResponsePacket	24	static
../Core/Src/main.c:1168:10:calculateEncPosition	16	static
../Core/Src/main.c:1184:10:processSSIData	24	static
../Core/Src/main.c:1192:6:FlashInit	4	static
../Core/Src/main.c:1199:6:WriteToFlash	40	static
../Core/Src/main.c:1228:6:ReadFlash	32	static
../Core/Src/main.c:1246:6:clearBuffer	24	static
../Core/Src/main.c:1252:9:getADCAmplifierVal	16	static
../Core/Src/main.c:1276:6:usDelay	16	static
../Core/Src/main.c:1282:6:completeReceivePhotodetector	16	static
../Core/Src/main.c:1303:6:Error_Handler	4	static,ignoring_inline_asm
