../Core/Src/main.c:244:5:main	16	static
../Core/Src/main.c:603:6:SystemClock_Config	88	static
../Core/Src/main.c:656:13:MX_SPI3_Init	8	static
../Core/Src/main.c:696:13:MX_SPI4_Init	8	static
../Core/Src/main.c:736:13:MX_TIM2_Init	40	static
../Core/Src/main.c:781:13:MX_TIM3_Init	40	static
../Core/Src/main.c:826:13:MX_TIM5_Init	40	static
../Core/Src/main.c:871:13:MX_TIM6_Init	24	static
../Core/Src/main.c:909:13:MX_TIM7_Init	24	static
../Core/Src/main.c:947:13:MX_TIM10_Init	8	static
../Core/Src/main.c:978:13:MX_TIM13_Init	8	static
../Core/Src/main.c:1009:13:MX_TIM14_Init	8	static
../Core/Src/main.c:1040:13:MX_USART1_UART_Init	8	static
../Core/Src/main.c:1075:13:MX_USART3_UART_Init	8	static
../Core/Src/main.c:1108:13:MX_DMA_Init	16	static
../Core/Src/main.c:1142:13:MX_GPIO_Init	48	static
../Core/Src/main.c:1191:6:parser	24	static
../Core/Src/main.c:2000:6:stepDriver	24	static
../Core/Src/main.c:2036:6:changeMotorDirection_	16	static
../Core/Src/main.c:2065:6:changeMotorDirection	16	static
../Core/Src/main.c:2114:1:__io_putchar	16	static
../Core/Src/main.c:2123:6:HAL_UART_RxCpltCallback	24	static
../Core/Src/main.c:2172:6:HAL_SPI_RxCpltCallback	16	static
../Core/Src/main.c:2191:6:createResponsePacket	24	static
../Core/Src/main.c:2232:6:createDataPacket	16	static
../Core/Src/main.c:2251:10:calculateEncPosition	24	static
../Core/Src/main.c:2285:10:processSSIData	24	static
../Core/Src/main.c:2295:6:clearBuffer	24	static
../Core/Src/main.c:2301:6:clearSpecifiedElemOfBuffer	24	static
../Core/Src/main.c:2307:9:getADCAmplifierVal	16	static
../Core/Src/main.c:2331:6:moveToPosition	16	static
../Core/Src/main.c:2353:6:checkCRCPhotodetectorData	4	static
../Core/Src/main.c:2374:6:createErrorResponse	8	static
../Core/Src/main.c:2386:6:handleTestAngleOffset	8	static
../Core/Src/main.c:2404:6:handleMovingToStartOffset	8	static
../Core/Src/main.c:2423:6:handleTestTurn	8	static
../Core/Src/main.c:2438:6:handleHorizontalMeasurement	8	static
../Core/Src/main.c:2573:6:handleHorizontalMeasurementVertPlatf	8	static
../Core/Src/main.c:2705:6:handleVerticalMeasurement	16	static
../Core/Src/main.c:2865:6:reverseHorizontalMeasurement	8	static
../Core/Src/main.c:2950:10:calculateRequiredDataNum	32	static
../Core/Src/main.c:2962:10:getTimeOffset	4	static
../Core/Src/main.c:2976:6:setMotorFrequency	24	static
../Core/Src/main.c:2988:6:convertAdcValues	24	static
../Core/Src/main.c:2996:6:swap	24	static
../Core/Src/main.c:3002:6:bubbleSort	24	static
../Core/Src/main.c:3022:10:calculateMedianVal	56	static
../Core/Src/main.c:3033:6:setPlatformParam	16	static
../Core/Src/main.c:3054:6:setEncoderPollFrequency	16	static
../Core/Src/main.c:3058:6:HAL_UART_ErrorCallback	24	static
../Core/Src/main.c:3088:6:Error_Handler	4	static,ignoring_inline_asm
