../Core/Src/main.c:241:5:main	16	static
../Core/Src/main.c:621:6:SystemClock_Config	88	static
../Core/Src/main.c:674:13:MX_SPI3_Init	8	static
../Core/Src/main.c:714:13:MX_SPI4_Init	8	static
../Core/Src/main.c:754:13:MX_TIM2_Init	40	static
../Core/Src/main.c:799:13:MX_TIM3_Init	40	static
../Core/Src/main.c:844:13:MX_TIM4_Init	40	static
../Core/Src/main.c:889:13:MX_TIM5_Init	40	static
../Core/Src/main.c:934:13:MX_TIM6_Init	24	static
../Core/Src/main.c:972:13:MX_TIM7_Init	24	static
../Core/Src/main.c:1010:13:MX_TIM9_Init	8	static
../Core/Src/main.c:1041:13:MX_TIM10_Init	8	static
../Core/Src/main.c:1072:13:MX_TIM13_Init	8	static
../Core/Src/main.c:1103:13:MX_TIM14_Init	8	static
../Core/Src/main.c:1134:13:MX_USART1_UART_Init	8	static
../Core/Src/main.c:1169:13:MX_USART3_UART_Init	8	static
../Core/Src/main.c:1202:13:MX_DMA_Init	16	static
../Core/Src/main.c:1236:13:MX_GPIO_Init	48	static
../Core/Src/main.c:1285:6:parser	24	static
../Core/Src/main.c:2267:6:stepDriver	24	static
../Core/Src/main.c:2303:6:changeMotorDirection	16	static
../Core/Src/main.c:2352:1:__io_putchar	16	static
../Core/Src/main.c:2361:6:HAL_UART_RxCpltCallback	24	static
../Core/Src/main.c:2408:6:HAL_SPI_RxCpltCallback	16	static
../Core/Src/main.c:2429:6:createResponsePacket	24	static
../Core/Src/main.c:2470:6:createDataPacket	16	static
../Core/Src/main.c:2489:10:calculateEncPosition	24	static
../Core/Src/main.c:2523:10:processSSIData	24	static
../Core/Src/main.c:2531:9:getADCAmplifierVal	16	static
../Core/Src/main.c:2555:9:getADCAmplifierValInverted	16	static
../Core/Src/main.c:2579:6:moveToPosition	16	static
../Core/Src/main.c:2601:6:checkCRCPhotodetectorData	4	static
../Core/Src/main.c:2622:6:createErrorResponse	8	static
../Core/Src/main.c:2634:6:handleTestAngleOffset	8	static
../Core/Src/main.c:2654:6:handleMovingToStartOffset	8	static
../Core/Src/main.c:2673:6:handleTestTurn	8	static
../Core/Src/main.c:2688:6:handleHorizontalMeasurement	8	static
../Core/Src/main.c:2845:6:handleHorizontalMeasurementVertPlatf	8	static
../Core/Src/main.c:2996:6:handleVerticalMeasurement	16	static
../Core/Src/main.c:3156:6:reverseHorizontalMeasurement	8	static
../Core/Src/main.c:3241:10:calculateRequiredDataNum	32	static
../Core/Src/main.c:3251:10:getTimeOffset	4	static
../Core/Src/main.c:3265:6:convertAdcValues	24	static
../Core/Src/main.c:3273:6:setPlatformParam	16	static
../Core/Src/main.c:3306:6:DeviceInit	8	static
../Core/Src/main.c:3347:6:HAL_UART_ErrorCallback	24	static
../Core/Src/main.c:3377:6:Error_Handler	4	static,ignoring_inline_asm
