../Core/Src/main.c:236:5:main	16	static
../Core/Src/main.c:595:6:SystemClock_Config	88	static
../Core/Src/main.c:648:13:MX_SPI3_Init	8	static
../Core/Src/main.c:688:13:MX_SPI4_Init	8	static
../Core/Src/main.c:728:13:MX_TIM2_Init	40	static
../Core/Src/main.c:773:13:MX_TIM3_Init	40	static
../Core/Src/main.c:818:13:MX_TIM5_Init	40	static
../Core/Src/main.c:863:13:MX_TIM6_Init	24	static
../Core/Src/main.c:901:13:MX_TIM7_Init	24	static
../Core/Src/main.c:939:13:MX_TIM10_Init	8	static
../Core/Src/main.c:970:13:MX_TIM13_Init	8	static
../Core/Src/main.c:1001:13:MX_TIM14_Init	8	static
../Core/Src/main.c:1032:13:MX_USART1_UART_Init	8	static
../Core/Src/main.c:1067:13:MX_USART3_UART_Init	8	static
../Core/Src/main.c:1100:13:MX_DMA_Init	16	static
../Core/Src/main.c:1134:13:MX_GPIO_Init	48	static
../Core/Src/main.c:1183:6:parser	24	static
../Core/Src/main.c:1964:6:stepDriver	24	static
../Core/Src/main.c:2000:6:changeMotorDirection_	16	static
../Core/Src/main.c:2029:6:changeMotorDirection	16	static
../Core/Src/main.c:2078:1:__io_putchar	16	static
../Core/Src/main.c:2087:6:HAL_UART_RxCpltCallback	24	static
../Core/Src/main.c:2136:6:HAL_SPI_RxCpltCallback	16	static
../Core/Src/main.c:2155:6:createResponsePacket	24	static
../Core/Src/main.c:2196:6:createDataPacket	16	static
../Core/Src/main.c:2215:10:calculateEncPosition	24	static
../Core/Src/main.c:2249:10:processSSIData	24	static
../Core/Src/main.c:2259:6:clearBuffer	24	static
../Core/Src/main.c:2265:6:clearSpecifiedElemOfBuffer	24	static
../Core/Src/main.c:2271:9:getADCAmplifierVal	16	static
../Core/Src/main.c:2295:6:usDelay	16	static
../Core/Src/main.c:2301:6:moveToPosition	16	static
../Core/Src/main.c:2323:6:checkCRCPhotodetectorData	4	static
../Core/Src/main.c:2344:6:createErrorResponse	8	static
../Core/Src/main.c:2356:6:handleTestAngleOffset	8	static
../Core/Src/main.c:2374:6:handleMovingToStartOffset	8	static
../Core/Src/main.c:2393:6:handleTestTurn	8	static
../Core/Src/main.c:2408:6:handleHorizontalMeasurement	8	static
../Core/Src/main.c:2540:6:handleHorizontalMeasurementVertPlatf	8	static
../Core/Src/main.c:2670:6:handleVerticalMeasurement	16	static
../Core/Src/main.c:2830:6:reverseHorizontalMeasurement	8	static
../Core/Src/main.c:2915:10:calculateRequiredDataNum	32	static
../Core/Src/main.c:2925:6:setNVICPriority	16	static
../Core/Src/main.c:2976:6:resetNVICPriority	8	static
../Core/Src/main.c:3003:10:getTimeOffset	4	static
../Core/Src/main.c:3017:6:setMotorFrequency	24	static
../Core/Src/main.c:3029:6:convertAdcValues	24	static
../Core/Src/main.c:3037:6:swap	24	static
../Core/Src/main.c:3043:6:bubbleSort	24	static
../Core/Src/main.c:3063:10:calculateMedianVal	56	static
../Core/Src/main.c:3074:6:setPlatformParam	16	static
../Core/Src/main.c:3095:6:setEncoderPollFrequency	16	static
../Core/Src/main.c:3099:6:HAL_UART_ErrorCallback	24	static
../Core/Src/main.c:3129:6:Error_Handler	4	static,ignoring_inline_asm
