../Core/Src/main.c:242:5:main	16	static
../Core/Src/main.c:622:6:SystemClock_Config	88	static
../Core/Src/main.c:675:13:MX_SPI3_Init	8	static
../Core/Src/main.c:715:13:MX_SPI4_Init	8	static
../Core/Src/main.c:755:13:MX_TIM2_Init	40	static
../Core/Src/main.c:800:13:MX_TIM3_Init	40	static
../Core/Src/main.c:845:13:MX_TIM4_Init	40	static
../Core/Src/main.c:890:13:MX_TIM5_Init	40	static
../Core/Src/main.c:935:13:MX_TIM6_Init	24	static
../Core/Src/main.c:973:13:MX_TIM7_Init	24	static
../Core/Src/main.c:1011:13:MX_TIM9_Init	8	static
../Core/Src/main.c:1042:13:MX_TIM10_Init	8	static
../Core/Src/main.c:1073:13:MX_TIM13_Init	8	static
../Core/Src/main.c:1104:13:MX_TIM14_Init	8	static
../Core/Src/main.c:1135:13:MX_USART1_UART_Init	8	static
../Core/Src/main.c:1170:13:MX_USART3_UART_Init	8	static
../Core/Src/main.c:1203:13:MX_DMA_Init	16	static
../Core/Src/main.c:1237:13:MX_GPIO_Init	48	static
../Core/Src/main.c:1286:6:parser	24	static
../Core/Src/main.c:2209:6:stepDriver	24	static
../Core/Src/main.c:2245:6:changeMotorDirection	16	static
../Core/Src/main.c:2294:1:__io_putchar	16	static
../Core/Src/main.c:2303:6:HAL_UART_RxCpltCallback	24	static
../Core/Src/main.c:2352:6:HAL_SPI_RxCpltCallback	16	static
../Core/Src/main.c:2373:6:createResponsePacket	24	static
../Core/Src/main.c:2415:10:rand_32	16	static
../Core/Src/main.c:2419:6:createDataPacket	24	static
../Core/Src/main.c:2442:10:calculateEncPosition	24	static
../Core/Src/main.c:2476:10:processSSIData	24	static
../Core/Src/main.c:2484:9:getADCAmplifierVal	16	static
../Core/Src/main.c:2508:6:moveToPosition	16	static
../Core/Src/main.c:2530:6:checkCRCPhotodetectorData	4	static
../Core/Src/main.c:2551:6:createErrorResponse	8	static
../Core/Src/main.c:2563:6:handleTestAngleOffset	8	static
../Core/Src/main.c:2583:6:handleMovingToStartOffset	8	static
../Core/Src/main.c:2602:6:handleTestTurn	8	static
../Core/Src/main.c:2617:6:handleHorizontalMeasurement	8	static
../Core/Src/main.c:2774:6:handleHorizontalMeasurementVertPlatf	8	static
../Core/Src/main.c:2913:6:handleVerticalMeasurement	16	static
../Core/Src/main.c:3073:6:reverseHorizontalMeasurement	8	static
../Core/Src/main.c:3158:10:calculateRequiredDataNum	32	static
../Core/Src/main.c:3168:10:getTimeOffset	4	static
../Core/Src/main.c:3182:6:convertAdcValues	24	static
../Core/Src/main.c:3190:6:setPlatformParam	16	static
../Core/Src/main.c:3211:6:DeviceInit	8	static
../Core/Src/main.c:3252:6:HAL_UART_ErrorCallback	24	static
../Core/Src/main.c:3282:6:Error_Handler	4	static,ignoring_inline_asm
