../Core/Src/main.c:169:5:main	8	static
../Core/Src/main.c:260:6:SystemClock_Config	88	static
../Core/Src/main.c:313:13:MX_SPI3_Init	8	static
../Core/Src/main.c:353:13:MX_SPI4_Init	8	static
../Core/Src/main.c:393:13:MX_TIM2_Init	40	static
../Core/Src/main.c:438:13:MX_TIM3_Init	40	static
../Core/Src/main.c:483:13:MX_TIM6_Init	24	static
../Core/Src/main.c:521:13:MX_TIM7_Init	24	static
../Core/Src/main.c:559:13:MX_TIM10_Init	8	static
../Core/Src/main.c:590:13:MX_USART1_UART_Init	8	static
../Core/Src/main.c:625:13:MX_USART3_UART_Init	8	static
../Core/Src/main.c:658:13:MX_DMA_Init	16	static
../Core/Src/main.c:698:13:MX_GPIO_Init	48	static
../Core/Src/main.c:747:6:parser	24	static
../Core/Src/main.c:1118:6:stepDriver	24	static
../Core/Src/main.c:1154:6:changeMotorDirection_	16	static
../Core/Src/main.c:1183:6:changeMotorDirection	16	static
../Core/Src/main.c:1232:1:__io_putchar	16	static
../Core/Src/main.c:1241:6:HAL_UART_RxCpltCallback	24	static
../Core/Src/main.c:1295:6:HAL_SPI_RxCpltCallback	16	static
../Core/Src/main.c:1355:6:HAL_TIM_PeriodElapsedCallback	16	static
../Core/Src/main.c:1392:6:createResponsePacket	24	static
../Core/Src/main.c:1435:10:calculateEncPosition	16	static
../Core/Src/main.c:1451:10:processSSIData	24	static
../Core/Src/main.c:1459:6:FlashInit	4	static
../Core/Src/main.c:1466:6:WriteToFlash	40	static
../Core/Src/main.c:1495:6:ReadFlash	32	static
../Core/Src/main.c:1513:6:clearBuffer	24	static
../Core/Src/main.c:1519:9:getADCAmplifierVal	16	static
../Core/Src/main.c:1543:6:usDelay	16	static
../Core/Src/main.c:1549:6:moveToPosition	16	static
../Core/Src/main.c:1571:6:completeReceivePhotodetector	16	static
../Core/Src/main.c:1586:6:createErrorResponse	8	static
../Core/Src/main.c:1598:6:HAL_UART_ErrorCallback	24	static
../Core/Src/main.c:1614:6:Error_Handler	4	static,ignoring_inline_asm
