../Core/Src/main.c:245:5:main	16	static
../Core/Src/main.c:635:6:SystemClock_Config	88	static
../Core/Src/main.c:688:13:MX_SPI3_Init	8	static
../Core/Src/main.c:728:13:MX_SPI4_Init	8	static
../Core/Src/main.c:768:13:MX_TIM2_Init	40	static
../Core/Src/main.c:813:13:MX_TIM3_Init	40	static
../Core/Src/main.c:858:13:MX_TIM4_Init	40	static
../Core/Src/main.c:903:13:MX_TIM5_Init	40	static
../Core/Src/main.c:948:13:MX_TIM6_Init	24	static
../Core/Src/main.c:986:13:MX_TIM7_Init	24	static
../Core/Src/main.c:1024:13:MX_TIM9_Init	8	static
../Core/Src/main.c:1055:13:MX_TIM10_Init	8	static
../Core/Src/main.c:1086:13:MX_TIM12_Init	24	static
../Core/Src/main.c:1124:13:MX_TIM13_Init	8	static
../Core/Src/main.c:1155:13:MX_TIM14_Init	8	static
../Core/Src/main.c:1186:13:MX_USART1_UART_Init	8	static
../Core/Src/main.c:1221:13:MX_USART3_UART_Init	8	static
../Core/Src/main.c:1254:13:MX_DMA_Init	16	static
../Core/Src/main.c:1288:13:MX_GPIO_Init	48	static
../Core/Src/main.c:1337:6:parser	24	static
../Core/Src/main.c:2260:6:stepDriver	24	static
../Core/Src/main.c:2296:6:changeMotorDirection	16	static
../Core/Src/main.c:2345:1:__io_putchar	16	static
../Core/Src/main.c:2354:6:HAL_UART_RxCpltCallback	24	static
../Core/Src/main.c:2403:6:HAL_SPI_RxCpltCallback	16	static
../Core/Src/main.c:2424:6:createResponsePacket	24	static
../Core/Src/main.c:2466:10:rand_32	16	static
../Core/Src/main.c:2470:6:createDataPacket	24	static
../Core/Src/main.c:2493:10:calculateEncPosition	24	static
../Core/Src/main.c:2527:10:processSSIData	24	static
../Core/Src/main.c:2535:9:getADCAmplifierVal	16	static
../Core/Src/main.c:2559:6:moveToPosition	16	static
../Core/Src/main.c:2581:6:checkCRCPhotodetectorData	4	static
../Core/Src/main.c:2602:6:createErrorResponse	8	static
../Core/Src/main.c:2614:6:handleTestAngleOffset	8	static
../Core/Src/main.c:2634:6:handleMovingToStartOffset	8	static
../Core/Src/main.c:2653:6:handleTestTurn	8	static
../Core/Src/main.c:2668:6:handleHorizontalMeasurement	8	static
../Core/Src/main.c:2825:6:handleHorizontalMeasurementVertPlatf	8	static
../Core/Src/main.c:2964:6:handleVerticalMeasurement	16	static
../Core/Src/main.c:3124:6:reverseHorizontalMeasurement	8	static
../Core/Src/main.c:3209:10:calculateRequiredDataNum	32	static
../Core/Src/main.c:3219:10:getTimeOffset	4	static
../Core/Src/main.c:3233:6:convertAdcValues	24	static
../Core/Src/main.c:3241:6:setPlatformParam	16	static
../Core/Src/main.c:3262:6:DeviceInit	8	static
../Core/Src/main.c:3303:6:HAL_UART_ErrorCallback	24	static
../Core/Src/main.c:3333:6:Error_Handler	4	static,ignoring_inline_asm
