../Core/Src/main.c:239:5:main	16	static
../Core/Src/main.c:588:6:SystemClock_Config	88	static
../Core/Src/main.c:641:13:MX_SPI3_Init	8	static
../Core/Src/main.c:681:13:MX_SPI4_Init	8	static
../Core/Src/main.c:721:13:MX_TIM2_Init	40	static
../Core/Src/main.c:766:13:MX_TIM3_Init	40	static
../Core/Src/main.c:811:13:MX_TIM5_Init	40	static
../Core/Src/main.c:856:13:MX_TIM6_Init	24	static
../Core/Src/main.c:894:13:MX_TIM7_Init	24	static
../Core/Src/main.c:932:13:MX_TIM10_Init	8	static
../Core/Src/main.c:963:13:MX_TIM13_Init	8	static
../Core/Src/main.c:994:13:MX_TIM14_Init	8	static
../Core/Src/main.c:1025:13:MX_USART1_UART_Init	8	static
../Core/Src/main.c:1060:13:MX_USART3_UART_Init	8	static
../Core/Src/main.c:1093:13:MX_DMA_Init	16	static
../Core/Src/main.c:1127:13:MX_GPIO_Init	48	static
../Core/Src/main.c:1176:6:parser	32	static
../Core/Src/main.c:1949:6:stepDriver	24	static
../Core/Src/main.c:1985:6:changeMotorDirection_	16	static
../Core/Src/main.c:2014:6:changeMotorDirection	16	static
../Core/Src/main.c:2063:1:__io_putchar	16	static
../Core/Src/main.c:2072:6:HAL_UART_RxCpltCallback	24	static
../Core/Src/main.c:2121:6:HAL_SPI_RxCpltCallback	16	static
../Core/Src/main.c:2140:6:HAL_TIM_PeriodElapsedCallback	16	static
../Core/Src/main.c:2184:6:createResponsePacket	24	static
../Core/Src/main.c:2225:6:createDataPacket	16	static
../Core/Src/main.c:2244:10:calculateEncPosition	24	static
../Core/Src/main.c:2278:10:processSSIData	24	static
../Core/Src/main.c:2286:6:FlashInit	4	static
../Core/Src/main.c:2293:6:WriteToFlash	40	static
../Core/Src/main.c:2322:6:ReadFlash	32	static
../Core/Src/main.c:2340:6:clearBuffer	24	static
../Core/Src/main.c:2346:6:clearSpecifiedElemOfBuffer	24	static
../Core/Src/main.c:2352:9:getADCAmplifierVal	16	static
../Core/Src/main.c:2376:6:usDelay	16	static
../Core/Src/main.c:2382:6:moveToPosition	16	static
../Core/Src/main.c:2431:6:checkCRCPhotodetectorData	4	static
../Core/Src/main.c:2452:6:createErrorResponse	8	static
../Core/Src/main.c:2464:6:handleTestAngleOffset	8	static
../Core/Src/main.c:2482:6:handleMovingToStartOffset	8	static
../Core/Src/main.c:2501:6:handleTestTurn	8	static
../Core/Src/main.c:2516:6:handleHorizontalMeasurement	8	static
../Core/Src/main.c:2641:6:handleHorizontalMeasurementVertPlatf	8	static
../Core/Src/main.c:2766:6:handleVerticalMeasurement	16	static
../Core/Src/main.c:2926:6:reverseHorizontalMeasurement	8	static
../Core/Src/main.c:3011:10:calculateRequiredDataNum	32	static
../Core/Src/main.c:3021:6:setNVICPriority	16	static
../Core/Src/main.c:3072:6:resetNVICPriority	8	static
../Core/Src/main.c:3099:10:getTimeOffset	4	static
../Core/Src/main.c:3113:6:setMotorFrequency	24	static
../Core/Src/main.c:3125:6:convertAdcValues	24	static
../Core/Src/main.c:3133:6:swap	24	static
../Core/Src/main.c:3139:6:bubbleSort	24	static
../Core/Src/main.c:3159:10:calculateMedianVal	56	static
../Core/Src/main.c:3170:6:HAL_UART_ErrorCallback	24	static
../Core/Src/main.c:3201:6:Error_Handler	4	static,ignoring_inline_asm
