../Core/Src/main.c:248:5:main	16	static
../Core/Src/main.c:638:6:SystemClock_Config	88	static
../Core/Src/main.c:691:13:MX_SPI3_Init	8	static
../Core/Src/main.c:731:13:MX_SPI4_Init	8	static
../Core/Src/main.c:771:13:MX_TIM2_Init	40	static
../Core/Src/main.c:816:13:MX_TIM3_Init	40	static
../Core/Src/main.c:861:13:MX_TIM4_Init	40	static
../Core/Src/main.c:906:13:MX_TIM5_Init	40	static
../Core/Src/main.c:951:13:MX_TIM6_Init	24	static
../Core/Src/main.c:989:13:MX_TIM7_Init	24	static
../Core/Src/main.c:1027:13:MX_TIM9_Init	8	static
../Core/Src/main.c:1058:13:MX_TIM10_Init	8	static
../Core/Src/main.c:1089:13:MX_TIM12_Init	24	static
../Core/Src/main.c:1127:13:MX_TIM13_Init	8	static
../Core/Src/main.c:1158:13:MX_TIM14_Init	8	static
../Core/Src/main.c:1189:13:MX_USART1_UART_Init	8	static
../Core/Src/main.c:1224:13:MX_USART3_UART_Init	8	static
../Core/Src/main.c:1257:13:MX_DMA_Init	16	static
../Core/Src/main.c:1291:13:MX_GPIO_Init	48	static
../Core/Src/main.c:1340:6:parser	24	static
../Core/Src/main.c:2257:6:stepDriver	24	static
../Core/Src/main.c:2293:6:changeMotorDirection	16	static
../Core/Src/main.c:2342:1:__io_putchar	16	static
../Core/Src/main.c:2351:6:HAL_UART_RxCpltCallback	24	static
../Core/Src/main.c:2400:6:HAL_SPI_RxCpltCallback	16	static
../Core/Src/main.c:2423:6:createResponsePacket	24	static
../Core/Src/main.c:2471:10:rand_32	16	static
../Core/Src/main.c:2475:6:createDataPacket	24	static
../Core/Src/main.c:2498:10:calculateEncPosition	24	static
../Core/Src/main.c:2532:10:processSSIData	24	static
../Core/Src/main.c:2540:9:getADCAmplifierVal	16	static
../Core/Src/main.c:2564:6:moveToPosition	16	static
../Core/Src/main.c:2586:6:checkCRCPhotodetectorData	4	static
../Core/Src/main.c:2607:6:createErrorResponse	8	static
../Core/Src/main.c:2619:6:handleTestAngleOffset	8	static
../Core/Src/main.c:2639:6:handleMovingToStartOffset	8	static
../Core/Src/main.c:2658:6:handleTestTurn	8	static
../Core/Src/main.c:2673:6:handleHorizontalMeasurement	8	static
../Core/Src/main.c:2830:6:handleHorizontalMeasurementVertPlatf	8	static
../Core/Src/main.c:2969:6:handleVerticalMeasurement	16	static
../Core/Src/main.c:3129:6:reverseHorizontalMeasurement	8	static
../Core/Src/main.c:3214:10:calculateRequiredDataNum	32	static
../Core/Src/main.c:3224:10:getTimeOffset	4	static
../Core/Src/main.c:3238:6:convertAdcValues	24	static
../Core/Src/main.c:3246:6:setPlatformParam	16	static
../Core/Src/main.c:3267:6:DeviceInit	8	static
../Core/Src/main.c:3308:6:HAL_UART_ErrorCallback	24	static
../Core/Src/main.c:3338:6:Error_Handler	4	static,ignoring_inline_asm
