../Core/Src/main.c:244:5:main	16	static
../Core/Src/main.c:638:6:SystemClock_Config	88	static
../Core/Src/main.c:691:13:MX_SPI3_Init	8	static
../Core/Src/main.c:731:13:MX_SPI4_Init	8	static
../Core/Src/main.c:771:13:MX_TIM2_Init	40	static
../Core/Src/main.c:816:13:MX_TIM3_Init	40	static
../Core/Src/main.c:861:13:MX_TIM4_Init	40	static
../Core/Src/main.c:906:13:MX_TIM5_Init	40	static
../Core/Src/main.c:951:13:MX_TIM6_Init	24	static
../Core/Src/main.c:989:13:MX_TIM7_Init	24	static
../Core/Src/main.c:1027:13:MX_TIM10_Init	8	static
../Core/Src/main.c:1058:13:MX_TIM11_Init	8	static
../Core/Src/main.c:1089:13:MX_TIM12_Init	24	static
../Core/Src/main.c:1127:13:MX_TIM13_Init	8	static
../Core/Src/main.c:1158:13:MX_TIM14_Init	8	static
../Core/Src/main.c:1189:13:MX_USART1_UART_Init	8	static
../Core/Src/main.c:1224:13:MX_USART3_UART_Init	8	static
../Core/Src/main.c:1257:13:MX_DMA_Init	16	static
../Core/Src/main.c:1291:13:MX_GPIO_Init	48	static
../Core/Src/main.c:1340:6:parser	24	static
../Core/Src/main.c:2342:6:stepDriver	24	static
../Core/Src/main.c:2378:6:changeMotorDirection	16	static
../Core/Src/main.c:2427:1:__io_putchar	16	static
../Core/Src/main.c:2436:6:HAL_UART_RxCpltCallback	24	static
../Core/Src/main.c:2483:6:HAL_SPI_RxCpltCallback	16	static
../Core/Src/main.c:2504:6:createResponsePacket	24	static
../Core/Src/main.c:2545:6:createDataPacket	16	static
../Core/Src/main.c:2564:10:calculateEncPosition	24	static
../Core/Src/main.c:2598:10:processSSIData	24	static
../Core/Src/main.c:2606:9:getADCAmplifierVal	16	static
../Core/Src/main.c:2630:9:getADCAmplifierValInverted	16	static
../Core/Src/main.c:2654:6:moveToPosition	16	static
../Core/Src/main.c:2676:6:checkCRCPhotodetectorData	4	static
../Core/Src/main.c:2697:6:createErrorResponse	8	static
../Core/Src/main.c:2709:6:handleTestAngleOffset	8	static
../Core/Src/main.c:2729:6:handleMovingToStartOffset	8	static
../Core/Src/main.c:2748:6:handleTestTurn	8	static
../Core/Src/main.c:2763:6:handleHorizontalMeasurement	8	static
../Core/Src/main.c:2920:6:handleHorizontalMeasurementVertPlatf	8	static
../Core/Src/main.c:3071:6:handleVerticalMeasurement	16	static
../Core/Src/main.c:3231:6:reverseHorizontalMeasurement	8	static
../Core/Src/main.c:3316:10:calculateRequiredDataNum	32	static
../Core/Src/main.c:3326:10:getTimeOffset	4	static
../Core/Src/main.c:3340:6:convertAdcValues	24	static
../Core/Src/main.c:3348:6:setPlatformParam	16	static
../Core/Src/main.c:3381:6:DeviceInit	8	static
../Core/Src/main.c:3424:6:DeviceReset	8	static
../Core/Src/main.c:3507:6:HAL_UART_ErrorCallback	24	static
../Core/Src/main.c:3537:6:Error_Handler	4	static,ignoring_inline_asm
