../Core/Src/main.c:240:5:main	16	static
../Core/Src/main.c:599:6:SystemClock_Config	88	static
../Core/Src/main.c:652:13:MX_SPI3_Init	8	static
../Core/Src/main.c:692:13:MX_SPI4_Init	8	static
../Core/Src/main.c:732:13:MX_TIM2_Init	40	static
../Core/Src/main.c:777:13:MX_TIM3_Init	40	static
../Core/Src/main.c:822:13:MX_TIM5_Init	40	static
../Core/Src/main.c:867:13:MX_TIM6_Init	24	static
../Core/Src/main.c:905:13:MX_TIM7_Init	24	static
../Core/Src/main.c:943:13:MX_TIM10_Init	8	static
../Core/Src/main.c:974:13:MX_TIM13_Init	8	static
../Core/Src/main.c:1005:13:MX_TIM14_Init	8	static
../Core/Src/main.c:1036:13:MX_USART1_UART_Init	8	static
../Core/Src/main.c:1071:13:MX_USART3_UART_Init	8	static
../Core/Src/main.c:1104:13:MX_DMA_Init	16	static
../Core/Src/main.c:1138:13:MX_GPIO_Init	48	static
../Core/Src/main.c:1187:6:parser	24	static
../Core/Src/main.c:1996:6:stepDriver	24	static
../Core/Src/main.c:2032:6:changeMotorDirection_	16	static
../Core/Src/main.c:2061:6:changeMotorDirection	16	static
../Core/Src/main.c:2110:1:__io_putchar	16	static
../Core/Src/main.c:2119:6:HAL_UART_RxCpltCallback	24	static
../Core/Src/main.c:2168:6:HAL_SPI_RxCpltCallback	16	static
../Core/Src/main.c:2187:6:createResponsePacket	24	static
../Core/Src/main.c:2228:6:createDataPacket	16	static
../Core/Src/main.c:2247:10:calculateEncPosition	24	static
../Core/Src/main.c:2281:10:processSSIData	24	static
../Core/Src/main.c:2291:6:clearBuffer	24	static
../Core/Src/main.c:2297:6:clearSpecifiedElemOfBuffer	24	static
../Core/Src/main.c:2303:9:getADCAmplifierVal	16	static
../Core/Src/main.c:2327:6:usDelay	16	static
../Core/Src/main.c:2333:6:moveToPosition	16	static
../Core/Src/main.c:2355:6:checkCRCPhotodetectorData	4	static
../Core/Src/main.c:2376:6:createErrorResponse	8	static
../Core/Src/main.c:2388:6:handleTestAngleOffset	8	static
../Core/Src/main.c:2406:6:handleMovingToStartOffset	8	static
../Core/Src/main.c:2425:6:handleTestTurn	8	static
../Core/Src/main.c:2440:6:handleHorizontalMeasurement	8	static
../Core/Src/main.c:2575:6:handleHorizontalMeasurementVertPlatf	8	static
../Core/Src/main.c:2707:6:handleVerticalMeasurement	16	static
../Core/Src/main.c:2867:6:reverseHorizontalMeasurement	8	static
../Core/Src/main.c:2952:10:calculateRequiredDataNum	32	static
../Core/Src/main.c:2962:6:setNVICPriority	16	static
../Core/Src/main.c:3013:6:resetNVICPriority	8	static
../Core/Src/main.c:3040:10:getTimeOffset	4	static
../Core/Src/main.c:3054:6:setMotorFrequency	24	static
../Core/Src/main.c:3066:6:convertAdcValues	24	static
../Core/Src/main.c:3074:6:swap	24	static
../Core/Src/main.c:3080:6:bubbleSort	24	static
../Core/Src/main.c:3100:10:calculateMedianVal	56	static
../Core/Src/main.c:3111:6:setPlatformParam	16	static
../Core/Src/main.c:3132:6:setEncoderPollFrequency	16	static
../Core/Src/main.c:3136:6:HAL_UART_ErrorCallback	24	static
../Core/Src/main.c:3166:6:Error_Handler	4	static,ignoring_inline_asm
