../Core/Src/main.c:243:5:main	16	static
../Core/Src/main.c:602:6:SystemClock_Config	88	static
../Core/Src/main.c:655:13:MX_SPI3_Init	8	static
../Core/Src/main.c:695:13:MX_SPI4_Init	8	static
../Core/Src/main.c:735:13:MX_TIM2_Init	40	static
../Core/Src/main.c:780:13:MX_TIM3_Init	40	static
../Core/Src/main.c:825:13:MX_TIM5_Init	40	static
../Core/Src/main.c:870:13:MX_TIM6_Init	24	static
../Core/Src/main.c:908:13:MX_TIM7_Init	24	static
../Core/Src/main.c:946:13:MX_TIM10_Init	8	static
../Core/Src/main.c:977:13:MX_TIM13_Init	8	static
../Core/Src/main.c:1008:13:MX_TIM14_Init	8	static
../Core/Src/main.c:1039:13:MX_USART1_UART_Init	8	static
../Core/Src/main.c:1074:13:MX_USART3_UART_Init	8	static
../Core/Src/main.c:1107:13:MX_DMA_Init	16	static
../Core/Src/main.c:1141:13:MX_GPIO_Init	48	static
../Core/Src/main.c:1190:6:parser	24	static
../Core/Src/main.c:1971:6:stepDriver	24	static
../Core/Src/main.c:2007:6:changeMotorDirection_	16	static
../Core/Src/main.c:2036:6:changeMotorDirection	16	static
../Core/Src/main.c:2085:1:__io_putchar	16	static
../Core/Src/main.c:2094:6:HAL_UART_RxCpltCallback	24	static
../Core/Src/main.c:2143:6:HAL_SPI_RxCpltCallback	16	static
../Core/Src/main.c:2162:6:createResponsePacket	24	static
../Core/Src/main.c:2203:6:createDataPacket	16	static
../Core/Src/main.c:2222:10:calculateEncPosition	24	static
../Core/Src/main.c:2256:10:processSSIData	24	static
../Core/Src/main.c:2264:6:FlashInit	4	static
../Core/Src/main.c:2271:6:WriteToFlash	40	static
../Core/Src/main.c:2300:6:ReadFlash	32	static
../Core/Src/main.c:2318:6:clearBuffer	24	static
../Core/Src/main.c:2324:6:clearSpecifiedElemOfBuffer	24	static
../Core/Src/main.c:2330:9:getADCAmplifierVal	16	static
../Core/Src/main.c:2354:6:usDelay	16	static
../Core/Src/main.c:2360:6:moveToPosition	16	static
../Core/Src/main.c:2382:6:checkCRCPhotodetectorData	4	static
../Core/Src/main.c:2403:6:createErrorResponse	8	static
../Core/Src/main.c:2415:6:handleTestAngleOffset	8	static
../Core/Src/main.c:2433:6:handleMovingToStartOffset	8	static
../Core/Src/main.c:2452:6:handleTestTurn	8	static
../Core/Src/main.c:2467:6:handleHorizontalMeasurement	8	static
../Core/Src/main.c:2599:6:handleHorizontalMeasurementVertPlatf	8	static
../Core/Src/main.c:2729:6:handleVerticalMeasurement	16	static
../Core/Src/main.c:2889:6:reverseHorizontalMeasurement	8	static
../Core/Src/main.c:2974:10:calculateRequiredDataNum	32	static
../Core/Src/main.c:2984:6:setNVICPriority	16	static
../Core/Src/main.c:3035:6:resetNVICPriority	8	static
../Core/Src/main.c:3062:10:getTimeOffset	4	static
../Core/Src/main.c:3076:6:setMotorFrequency	24	static
../Core/Src/main.c:3088:6:convertAdcValues	24	static
../Core/Src/main.c:3096:6:swap	24	static
../Core/Src/main.c:3102:6:bubbleSort	24	static
../Core/Src/main.c:3122:10:calculateMedianVal	56	static
../Core/Src/main.c:3133:6:setPlatformParam	16	static
../Core/Src/main.c:3154:6:setEncoderPollFrequency	16	static
../Core/Src/main.c:3158:6:HAL_UART_ErrorCallback	24	static
../Core/Src/main.c:3188:6:Error_Handler	4	static,ignoring_inline_asm
