../Core/Src/main.c:242:5:main	16	static
../Core/Src/main.c:623:6:SystemClock_Config	88	static
../Core/Src/main.c:676:13:MX_SPI3_Init	8	static
../Core/Src/main.c:716:13:MX_SPI4_Init	8	static
../Core/Src/main.c:756:13:MX_TIM2_Init	40	static
../Core/Src/main.c:801:13:MX_TIM3_Init	40	static
../Core/Src/main.c:846:13:MX_TIM4_Init	40	static
../Core/Src/main.c:891:13:MX_TIM5_Init	40	static
../Core/Src/main.c:936:13:MX_TIM6_Init	24	static
../Core/Src/main.c:974:13:MX_TIM7_Init	24	static
../Core/Src/main.c:1012:13:MX_TIM10_Init	8	static
../Core/Src/main.c:1043:13:MX_TIM11_Init	8	static
../Core/Src/main.c:1074:13:MX_TIM13_Init	8	static
../Core/Src/main.c:1105:13:MX_TIM14_Init	8	static
../Core/Src/main.c:1136:13:MX_USART1_UART_Init	8	static
../Core/Src/main.c:1171:13:MX_USART3_UART_Init	8	static
../Core/Src/main.c:1204:13:MX_DMA_Init	16	static
../Core/Src/main.c:1238:13:MX_GPIO_Init	48	static
../Core/Src/main.c:1287:6:parser	24	static
../Core/Src/main.c:2273:6:stepDriver	24	static
../Core/Src/main.c:2309:6:changeMotorDirection	16	static
../Core/Src/main.c:2358:1:__io_putchar	16	static
../Core/Src/main.c:2367:6:HAL_UART_RxCpltCallback	24	static
../Core/Src/main.c:2414:6:HAL_SPI_RxCpltCallback	16	static
../Core/Src/main.c:2435:6:createResponsePacket	24	static
../Core/Src/main.c:2476:6:createDataPacket	16	static
../Core/Src/main.c:2495:10:calculateEncPosition	24	static
../Core/Src/main.c:2529:10:processSSIData	24	static
../Core/Src/main.c:2537:9:getADCAmplifierVal	16	static
../Core/Src/main.c:2561:9:getADCAmplifierValInverted	16	static
../Core/Src/main.c:2585:6:moveToPosition	16	static
../Core/Src/main.c:2607:6:checkCRCPhotodetectorData	4	static
../Core/Src/main.c:2628:6:createErrorResponse	8	static
../Core/Src/main.c:2640:6:handleTestAngleOffset	8	static
../Core/Src/main.c:2660:6:handleMovingToStartOffset	8	static
../Core/Src/main.c:2679:6:handleTestTurn	8	static
../Core/Src/main.c:2694:6:handleHorizontalMeasurement	8	static
../Core/Src/main.c:2851:6:handleHorizontalMeasurementVertPlatf	8	static
../Core/Src/main.c:3002:6:handleVerticalMeasurement	16	static
../Core/Src/main.c:3162:6:reverseHorizontalMeasurement	8	static
../Core/Src/main.c:3247:10:calculateRequiredDataNum	32	static
../Core/Src/main.c:3257:10:getTimeOffset	4	static
../Core/Src/main.c:3271:6:convertAdcValues	24	static
../Core/Src/main.c:3279:6:setPlatformParam	16	static
../Core/Src/main.c:3312:6:DeviceInit	8	static
../Core/Src/main.c:3355:6:DeviceReset	8	static
../Core/Src/main.c:3414:6:HAL_UART_ErrorCallback	24	static
../Core/Src/main.c:3444:6:Error_Handler	4	static,ignoring_inline_asm
