../Core/Src/main.c:229:5:main	16	static
../Core/Src/main.c:506:6:SystemClock_Config	88	static
../Core/Src/main.c:559:13:MX_SPI3_Init	8	static
../Core/Src/main.c:599:13:MX_SPI4_Init	8	static
../Core/Src/main.c:639:13:MX_TIM2_Init	40	static
../Core/Src/main.c:684:13:MX_TIM3_Init	40	static
../Core/Src/main.c:729:13:MX_TIM5_Init	40	static
../Core/Src/main.c:774:13:MX_TIM6_Init	24	static
../Core/Src/main.c:812:13:MX_TIM7_Init	24	static
../Core/Src/main.c:850:13:MX_TIM10_Init	8	static
../Core/Src/main.c:881:13:MX_TIM13_Init	8	static
../Core/Src/main.c:912:13:MX_TIM14_Init	8	static
../Core/Src/main.c:943:13:MX_USART1_UART_Init	8	static
../Core/Src/main.c:978:13:MX_USART3_UART_Init	8	static
../Core/Src/main.c:1011:13:MX_DMA_Init	16	static
../Core/Src/main.c:1045:13:MX_GPIO_Init	48	static
../Core/Src/main.c:1094:6:parser	24	static
../Core/Src/main.c:1806:6:stepDriver	24	static
../Core/Src/main.c:1842:6:changeMotorDirection_	16	static
../Core/Src/main.c:1871:6:changeMotorDirection	16	static
../Core/Src/main.c:1920:1:__io_putchar	16	static
../Core/Src/main.c:1929:6:HAL_UART_RxCpltCallback	24	static
../Core/Src/main.c:1978:6:HAL_SPI_RxCpltCallback	16	static
../Core/Src/main.c:1997:6:HAL_TIM_PeriodElapsedCallback	16	static
../Core/Src/main.c:2037:6:createResponsePacket	24	static
../Core/Src/main.c:2078:6:createDataPacket	16	static
../Core/Src/main.c:2097:10:calculateEncPosition	24	static
../Core/Src/main.c:2131:10:processSSIData	24	static
../Core/Src/main.c:2139:6:FlashInit	4	static
../Core/Src/main.c:2146:6:WriteToFlash	40	static
../Core/Src/main.c:2175:6:ReadFlash	32	static
../Core/Src/main.c:2193:6:clearBuffer	24	static
../Core/Src/main.c:2199:6:clearSpecifiedElemOfBuffer	24	static
../Core/Src/main.c:2205:9:getADCAmplifierVal	16	static
../Core/Src/main.c:2229:6:usDelay	16	static
../Core/Src/main.c:2235:6:moveToPosition	16	static
../Core/Src/main.c:2284:6:checkCRCPhotodetectorData	4	static
../Core/Src/main.c:2305:6:createErrorResponse	8	static
../Core/Src/main.c:2317:6:handleTestAngleOffset	8	static
../Core/Src/main.c:2333:6:handleMovingToStartOffset	8	static
../Core/Src/main.c:2351:6:handleTestTurn	8	static
../Core/Src/main.c:2366:6:handleHorizontalMeasurement	8	static
../Core/Src/main.c:2485:6:handleHorizontalMeasurementVertPlatf	8	static
../Core/Src/main.c:2605:6:handleVerticalMeasurement	16	static
../Core/Src/main.c:2765:6:reverseHorizontalMeasurement	8	static
../Core/Src/main.c:2850:10:calculateTimeIntervalError	40	static
../Core/Src/main.c:2867:6:setNVICPriority	16	static
../Core/Src/main.c:2894:6:resetNVICPriority	8	static
../Core/Src/main.c:2915:10:getTimeOffset	4	static
../Core/Src/main.c:2931:6:HAL_UART_ErrorCallback	24	static
../Core/Src/main.c:2947:6:Error_Handler	4	static,ignoring_inline_asm
