../Core/Src/main.c:232:5:main	16	static
../Core/Src/main.c:515:6:SystemClock_Config	88	static
../Core/Src/main.c:568:13:MX_SPI3_Init	8	static
../Core/Src/main.c:608:13:MX_SPI4_Init	8	static
../Core/Src/main.c:648:13:MX_TIM2_Init	40	static
../Core/Src/main.c:693:13:MX_TIM3_Init	40	static
../Core/Src/main.c:738:13:MX_TIM5_Init	40	static
../Core/Src/main.c:783:13:MX_TIM6_Init	24	static
../Core/Src/main.c:821:13:MX_TIM7_Init	24	static
../Core/Src/main.c:859:13:MX_TIM10_Init	8	static
../Core/Src/main.c:890:13:MX_TIM13_Init	8	static
../Core/Src/main.c:921:13:MX_TIM14_Init	8	static
../Core/Src/main.c:952:13:MX_USART1_UART_Init	8	static
../Core/Src/main.c:987:13:MX_USART3_UART_Init	8	static
../Core/Src/main.c:1020:13:MX_DMA_Init	16	static
../Core/Src/main.c:1054:13:MX_GPIO_Init	48	static
../Core/Src/main.c:1103:6:parser	24	static
../Core/Src/main.c:1833:6:stepDriver	24	static
../Core/Src/main.c:1869:6:changeMotorDirection_	16	static
../Core/Src/main.c:1898:6:changeMotorDirection	16	static
../Core/Src/main.c:1947:1:__io_putchar	16	static
../Core/Src/main.c:1956:6:HAL_UART_RxCpltCallback	24	static
../Core/Src/main.c:2005:6:HAL_SPI_RxCpltCallback	16	static
../Core/Src/main.c:2024:6:HAL_TIM_PeriodElapsedCallback	16	static
../Core/Src/main.c:2068:6:createResponsePacket	24	static
../Core/Src/main.c:2109:6:createDataPacket	16	static
../Core/Src/main.c:2128:10:calculateEncPosition	24	static
../Core/Src/main.c:2162:10:processSSIData	24	static
../Core/Src/main.c:2170:6:FlashInit	4	static
../Core/Src/main.c:2177:6:WriteToFlash	40	static
../Core/Src/main.c:2206:6:ReadFlash	32	static
../Core/Src/main.c:2224:6:clearBuffer	24	static
../Core/Src/main.c:2230:6:clearSpecifiedElemOfBuffer	24	static
../Core/Src/main.c:2236:9:getADCAmplifierVal	16	static
../Core/Src/main.c:2260:6:usDelay	16	static
../Core/Src/main.c:2266:6:moveToPosition	16	static
../Core/Src/main.c:2315:6:checkCRCPhotodetectorData	4	static
../Core/Src/main.c:2336:6:createErrorResponse	8	static
../Core/Src/main.c:2348:6:handleTestAngleOffset	8	static
../Core/Src/main.c:2364:6:handleMovingToStartOffset	8	static
../Core/Src/main.c:2382:6:handleTestTurn	8	static
../Core/Src/main.c:2397:6:handleHorizontalMeasurement	8	static
../Core/Src/main.c:2518:6:handleHorizontalMeasurementVertPlatf	8	static
../Core/Src/main.c:2638:6:handleVerticalMeasurement	16	static
../Core/Src/main.c:2798:6:reverseHorizontalMeasurement	8	static
../Core/Src/main.c:2883:10:calculateRequiredDataNum	32	static
../Core/Src/main.c:2893:6:setNVICPriority	16	static
../Core/Src/main.c:2943:6:resetNVICPriority	8	static
../Core/Src/main.c:2970:10:getTimeOffset	4	static
../Core/Src/main.c:2984:6:setMotorFrequency	24	static
../Core/Src/main.c:2996:6:HAL_UART_ErrorCallback	24	static
../Core/Src/main.c:3027:6:Error_Handler	4	static,ignoring_inline_asm
