../Core/Src/main.c:230:5:main	16	static
../Core/Src/main.c:513:6:SystemClock_Config	88	static
../Core/Src/main.c:566:13:MX_SPI3_Init	8	static
../Core/Src/main.c:606:13:MX_SPI4_Init	8	static
../Core/Src/main.c:646:13:MX_TIM2_Init	40	static
../Core/Src/main.c:691:13:MX_TIM3_Init	40	static
../Core/Src/main.c:736:13:MX_TIM5_Init	40	static
../Core/Src/main.c:781:13:MX_TIM6_Init	24	static
../Core/Src/main.c:819:13:MX_TIM7_Init	24	static
../Core/Src/main.c:857:13:MX_TIM10_Init	8	static
../Core/Src/main.c:888:13:MX_TIM13_Init	8	static
../Core/Src/main.c:919:13:MX_TIM14_Init	8	static
../Core/Src/main.c:950:13:MX_USART1_UART_Init	8	static
../Core/Src/main.c:985:13:MX_USART3_UART_Init	8	static
../Core/Src/main.c:1018:13:MX_DMA_Init	16	static
../Core/Src/main.c:1052:13:MX_GPIO_Init	48	static
../Core/Src/main.c:1101:6:parser	24	static
../Core/Src/main.c:1827:6:stepDriver	24	static
../Core/Src/main.c:1863:6:changeMotorDirection_	16	static
../Core/Src/main.c:1892:6:changeMotorDirection	16	static
../Core/Src/main.c:1941:1:__io_putchar	16	static
../Core/Src/main.c:1950:6:HAL_UART_RxCpltCallback	24	static
../Core/Src/main.c:1999:6:HAL_SPI_RxCpltCallback	16	static
../Core/Src/main.c:2018:6:HAL_TIM_PeriodElapsedCallback	16	static
../Core/Src/main.c:2062:6:createResponsePacket	24	static
../Core/Src/main.c:2103:6:createDataPacket	16	static
../Core/Src/main.c:2122:10:calculateEncPosition	24	static
../Core/Src/main.c:2156:10:processSSIData	24	static
../Core/Src/main.c:2164:6:FlashInit	4	static
../Core/Src/main.c:2171:6:WriteToFlash	40	static
../Core/Src/main.c:2200:6:ReadFlash	32	static
../Core/Src/main.c:2218:6:clearBuffer	24	static
../Core/Src/main.c:2224:6:clearSpecifiedElemOfBuffer	24	static
../Core/Src/main.c:2230:9:getADCAmplifierVal	16	static
../Core/Src/main.c:2254:6:usDelay	16	static
../Core/Src/main.c:2260:6:moveToPosition	16	static
../Core/Src/main.c:2309:6:checkCRCPhotodetectorData	4	static
../Core/Src/main.c:2330:6:createErrorResponse	8	static
../Core/Src/main.c:2342:6:handleTestAngleOffset	8	static
../Core/Src/main.c:2358:6:handleMovingToStartOffset	8	static
../Core/Src/main.c:2376:6:handleTestTurn	8	static
../Core/Src/main.c:2391:6:handleHorizontalMeasurement	8	static
../Core/Src/main.c:2510:6:handleHorizontalMeasurementVertPlatf	8	static
../Core/Src/main.c:2630:6:handleVerticalMeasurement	16	static
../Core/Src/main.c:2790:6:reverseHorizontalMeasurement	8	static
../Core/Src/main.c:2875:10:calculateRequiredDataNum	32	static
../Core/Src/main.c:2885:6:setNVICPriority	16	static
../Core/Src/main.c:2912:6:resetNVICPriority	8	static
../Core/Src/main.c:2933:10:getTimeOffset	4	static
../Core/Src/main.c:2947:6:HAL_UART_ErrorCallback	24	static
../Core/Src/main.c:2978:6:Error_Handler	4	static,ignoring_inline_asm
