main.c:259:5:main	50
main.c:653:6:SystemClock_Config	4
main.c:707:13:MX_IWDG_Init	2
main.c:736:13:MX_SPI3_Init	2
main.c:776:13:MX_SPI4_Init	2
main.c:816:13:MX_TIM2_Init	4
main.c:861:13:MX_TIM3_Init	4
main.c:906:13:MX_TIM4_Init	4
main.c:951:13:MX_TIM5_Init	4
main.c:996:13:MX_TIM6_Init	3
main.c:1034:13:MX_TIM7_Init	3
main.c:1072:13:MX_TIM10_Init	2
main.c:1103:13:MX_TIM11_Init	2
main.c:1134:13:MX_TIM12_Init	3
main.c:1172:13:MX_TIM13_Init	2
main.c:1203:13:MX_TIM14_Init	2
main.c:1234:13:MX_USART1_UART_Init	2
main.c:1269:13:MX_USART3_UART_Init	2
main.c:1303:13:MX_DMA_Init	1
main.c:1337:13:MX_GPIO_Init	1
main.c:1386:6:parser	68
main.c:2267:6:stepDriver	4
main.c:2303:6:changeMotorDirection	8
main.c:2352:1:__io_putchar	1
main.c:2361:6:HAL_UART_RxCpltCallback	12
main.c:2429:6:HAL_SPI_RxCpltCallback	3
main.c:2454:6:createResponsePacket	3
main.c:2508:6:createDataPacket	2
main.c:2528:10:calculateEncPosition	6
main.c:2562:10:calculateOffsetEncPosition	4
main.c:2583:10:processSSIData	1
main.c:2591:9:getADCAmplifierVal	12
main.c:2615:9:getADCAmplifierValInverted	12
main.c:2639:6:moveToPosition	2
main.c:2661:6:checkCRCPhotodetectorData	4
main.c:2682:6:createErrorResponse	1
main.c:2694:6:handleTestAngleOffset	6
main.c:2709:6:handleMovingToStartOffset	6
main.c:2728:6:handleTestTurn	6
main.c:2745:6:handleHorizontalMeasurement	23
main.c:2904:6:handleHorizontalMeasurementVertPlatf	23
main.c:3057:6:handleVerticalMeasurement	22
main.c:3215:6:reverseHorizontalMeasurement	15
main.c:3300:10:calculateRequiredDataNum	1
main.c:3310:10:getTimeOffset	3
main.c:3324:6:convertAdcValues	2
main.c:3332:6:setPlatformParam	14
main.c:3368:6:DeviceInit	3
main.c:3440:6:DeviceReset	9
main.c:3519:6:checkCRC_PCData	3
main.c:3537:6:HAL_UART_ErrorCallback	7
main.c:3574:6:Error_Handler	1
