../Core/Src/main.c:161:5:main	8	static
../Core/Src/main.c:235:6:SystemClock_Config	88	static
../Core/Src/main.c:288:13:MX_SPI3_Init	8	static
../Core/Src/main.c:328:13:MX_SPI4_Init	8	static
../Core/Src/main.c:368:13:MX_TIM2_Init	40	static
../Core/Src/main.c:413:13:MX_TIM3_Init	40	static
../Core/Src/main.c:458:13:MX_TIM6_Init	24	static
../Core/Src/main.c:496:13:MX_TIM7_Init	24	static
../Core/Src/main.c:534:13:MX_TIM10_Init	8	static
../Core/Src/main.c:565:13:MX_USART1_UART_Init	8	static
../Core/Src/main.c:600:13:MX_USART3_UART_Init	8	static
../Core/Src/main.c:633:13:MX_DMA_Init	16	static
../Core/Src/main.c:673:13:MX_GPIO_Init	48	static
../Core/Src/main.c:722:6:parser	8	static
../Core/Src/main.c:913:6:stepDriver	24	static
../Core/Src/main.c:947:6:changeMotorDirection	16	static
../Core/Src/main.c:981:1:__io_putchar	16	static
../Core/Src/main.c:990:6:HAL_UART_RxCpltCallback	16	static
../Core/Src/main.c:1015:6:HAL_SPI_RxCpltCallback	16	static
../Core/Src/main.c:1045:6:HAL_TIM_PeriodElapsedCallback	16	static
../Core/Src/main.c:1072:6:createResponsePacket	24	static
../Core/Src/main.c:1115:10:calculateEncPosition	16	static
../Core/Src/main.c:1129:10:processSSIData	24	static
../Core/Src/main.c:1137:6:FlashInit	4	static
../Core/Src/main.c:1144:6:WriteToFlash_	32	static
../Core/Src/main.c:1179:6:WriteToFlash	48	static
../Core/Src/main.c:1215:6:ReadFlash_	24	static
../Core/Src/main.c:1234:6:ReadFlash	40	static
../Core/Src/main.c:1259:6:clearBuffer	24	static
../Core/Src/main.c:1265:9:getADCAmplifierVal	16	static
../Core/Src/main.c:1289:6:usDelay	16	static
../Core/Src/main.c:1295:6:completeReceivePhotodetector	16	static
../Core/Src/main.c:1316:6:Error_Handler	4	static,ignoring_inline_asm
