../Core/Src/main.c:241:5:main	16	static
../Core/Src/main.c:592:6:SystemClock_Config	88	static
../Core/Src/main.c:645:13:MX_SPI3_Init	8	static
../Core/Src/main.c:685:13:MX_SPI4_Init	8	static
../Core/Src/main.c:725:13:MX_TIM2_Init	40	static
../Core/Src/main.c:770:13:MX_TIM3_Init	40	static
../Core/Src/main.c:815:13:MX_TIM5_Init	40	static
../Core/Src/main.c:860:13:MX_TIM6_Init	24	static
../Core/Src/main.c:898:13:MX_TIM7_Init	24	static
../Core/Src/main.c:936:13:MX_TIM10_Init	8	static
../Core/Src/main.c:967:13:MX_TIM13_Init	8	static
../Core/Src/main.c:998:13:MX_TIM14_Init	8	static
../Core/Src/main.c:1029:13:MX_USART1_UART_Init	8	static
../Core/Src/main.c:1064:13:MX_USART3_UART_Init	8	static
../Core/Src/main.c:1097:13:MX_DMA_Init	16	static
../Core/Src/main.c:1131:13:MX_GPIO_Init	48	static
../Core/Src/main.c:1180:6:parser	32	static
../Core/Src/main.c:1955:6:stepDriver	24	static
../Core/Src/main.c:1991:6:changeMotorDirection_	16	static
../Core/Src/main.c:2020:6:changeMotorDirection	16	static
../Core/Src/main.c:2069:1:__io_putchar	16	static
../Core/Src/main.c:2078:6:HAL_UART_RxCpltCallback	24	static
../Core/Src/main.c:2127:6:HAL_SPI_RxCpltCallback	16	static
../Core/Src/main.c:2146:6:HAL_TIM_PeriodElapsedCallback	16	static
../Core/Src/main.c:2190:6:createResponsePacket	24	static
../Core/Src/main.c:2231:6:createDataPacket	16	static
../Core/Src/main.c:2250:10:calculateEncPosition	24	static
../Core/Src/main.c:2284:10:processSSIData	24	static
../Core/Src/main.c:2292:6:FlashInit	4	static
../Core/Src/main.c:2299:6:WriteToFlash	40	static
../Core/Src/main.c:2328:6:ReadFlash	32	static
../Core/Src/main.c:2346:6:clearBuffer	24	static
../Core/Src/main.c:2352:6:clearSpecifiedElemOfBuffer	24	static
../Core/Src/main.c:2358:9:getADCAmplifierVal	16	static
../Core/Src/main.c:2382:6:usDelay	16	static
../Core/Src/main.c:2388:6:moveToPosition	16	static
../Core/Src/main.c:2437:6:checkCRCPhotodetectorData	4	static
../Core/Src/main.c:2458:6:createErrorResponse	8	static
../Core/Src/main.c:2470:6:handleTestAngleOffset	8	static
../Core/Src/main.c:2488:6:handleMovingToStartOffset	8	static
../Core/Src/main.c:2507:6:handleTestTurn	8	static
../Core/Src/main.c:2522:6:handleHorizontalMeasurement	8	static
../Core/Src/main.c:2647:6:handleHorizontalMeasurementVertPlatf	8	static
../Core/Src/main.c:2772:6:handleVerticalMeasurement	16	static
../Core/Src/main.c:2932:6:reverseHorizontalMeasurement	8	static
../Core/Src/main.c:3017:10:calculateRequiredDataNum	32	static
../Core/Src/main.c:3027:6:setNVICPriority	16	static
../Core/Src/main.c:3078:6:resetNVICPriority	8	static
../Core/Src/main.c:3105:10:getTimeOffset	4	static
../Core/Src/main.c:3119:6:setMotorFrequency	24	static
../Core/Src/main.c:3131:6:convertAdcValues	24	static
../Core/Src/main.c:3139:6:swap	24	static
../Core/Src/main.c:3145:6:bubbleSort	24	static
../Core/Src/main.c:3165:10:calculateMedianVal	56	static
../Core/Src/main.c:3176:6:HAL_UART_ErrorCallback	24	static
../Core/Src/main.c:3207:6:Error_Handler	4	static,ignoring_inline_asm
