../Core/Src/main.c:161:5:main	8	static
../Core/Src/main.c:244:6:SystemClock_Config	88	static
../Core/Src/main.c:297:13:MX_SPI3_Init	8	static
../Core/Src/main.c:337:13:MX_SPI4_Init	8	static
../Core/Src/main.c:377:13:MX_TIM2_Init	40	static
../Core/Src/main.c:422:13:MX_TIM3_Init	40	static
../Core/Src/main.c:467:13:MX_TIM6_Init	24	static
../Core/Src/main.c:505:13:MX_TIM7_Init	24	static
../Core/Src/main.c:543:13:MX_TIM10_Init	8	static
../Core/Src/main.c:574:13:MX_USART1_UART_Init	8	static
../Core/Src/main.c:609:13:MX_USART3_UART_Init	8	static
../Core/Src/main.c:642:13:MX_DMA_Init	16	static
../Core/Src/main.c:682:13:MX_GPIO_Init	48	static
../Core/Src/main.c:731:6:parser	8	static
../Core/Src/main.c:925:6:stepDriver	24	static
../Core/Src/main.c:959:6:changeMotorDirection	16	static
../Core/Src/main.c:993:1:__io_putchar	16	static
../Core/Src/main.c:1002:6:HAL_UART_RxCpltCallback	16	static
../Core/Src/main.c:1027:6:HAL_SPI_RxCpltCallback	16	static
../Core/Src/main.c:1057:6:HAL_TIM_PeriodElapsedCallback	16	static
../Core/Src/main.c:1084:6:createResponsePacket	24	static
../Core/Src/main.c:1127:10:calculateEncPosition	16	static
../Core/Src/main.c:1143:10:processSSIData	24	static
../Core/Src/main.c:1151:6:FlashInit	4	static
../Core/Src/main.c:1158:6:WriteToFlash	40	static
../Core/Src/main.c:1187:6:ReadFlash	32	static
../Core/Src/main.c:1205:6:clearBuffer	24	static
../Core/Src/main.c:1211:9:getADCAmplifierVal	16	static
../Core/Src/main.c:1235:6:usDelay	16	static
../Core/Src/main.c:1241:6:completeReceivePhotodetector	16	static
../Core/Src/main.c:1262:6:Error_Handler	4	static,ignoring_inline_asm
