../Core/Src/main.c:233:5:main	16	static
../Core/Src/main.c:573:6:SystemClock_Config	88	static
../Core/Src/main.c:626:13:MX_SPI3_Init	8	static
../Core/Src/main.c:666:13:MX_SPI4_Init	8	static
../Core/Src/main.c:706:13:MX_TIM2_Init	40	static
../Core/Src/main.c:751:13:MX_TIM3_Init	40	static
../Core/Src/main.c:796:13:MX_TIM5_Init	40	static
../Core/Src/main.c:841:13:MX_TIM6_Init	24	static
../Core/Src/main.c:879:13:MX_TIM7_Init	24	static
../Core/Src/main.c:917:13:MX_TIM10_Init	8	static
../Core/Src/main.c:948:13:MX_TIM13_Init	8	static
../Core/Src/main.c:979:13:MX_TIM14_Init	8	static
../Core/Src/main.c:1010:13:MX_USART1_UART_Init	8	static
../Core/Src/main.c:1045:13:MX_USART3_UART_Init	8	static
../Core/Src/main.c:1078:13:MX_DMA_Init	16	static
../Core/Src/main.c:1112:13:MX_GPIO_Init	48	static
../Core/Src/main.c:1161:6:parser	24	static
../Core/Src/main.c:2032:6:stepDriver	24	static
../Core/Src/main.c:2068:6:changeMotorDirection	16	static
../Core/Src/main.c:2117:1:__io_putchar	16	static
../Core/Src/main.c:2126:6:HAL_UART_RxCpltCallback	24	static
../Core/Src/main.c:2175:6:HAL_SPI_RxCpltCallback	16	static
../Core/Src/main.c:2196:6:createResponsePacket	24	static
../Core/Src/main.c:2237:6:createDataPacket	16	static
../Core/Src/main.c:2256:10:calculateEncPosition	24	static
../Core/Src/main.c:2290:10:processSSIData	24	static
../Core/Src/main.c:2298:9:getADCAmplifierVal	16	static
../Core/Src/main.c:2322:6:moveToPosition	16	static
../Core/Src/main.c:2344:6:checkCRCPhotodetectorData	4	static
../Core/Src/main.c:2365:6:createErrorResponse	8	static
../Core/Src/main.c:2377:6:handleTestAngleOffset	8	static
../Core/Src/main.c:2395:6:handleMovingToStartOffset	8	static
../Core/Src/main.c:2414:6:handleTestTurn	8	static
../Core/Src/main.c:2429:6:handleHorizontalMeasurement	8	static
../Core/Src/main.c:2564:6:handleHorizontalMeasurementVertPlatf	8	static
../Core/Src/main.c:2696:6:handleVerticalMeasurement	16	static
../Core/Src/main.c:2856:6:reverseHorizontalMeasurement	8	static
../Core/Src/main.c:2941:10:calculateRequiredDataNum	32	static
../Core/Src/main.c:2953:10:getTimeOffset	4	static
../Core/Src/main.c:2967:6:setMotorFrequency	24	static
../Core/Src/main.c:2984:6:convertAdcValues	24	static
../Core/Src/main.c:2992:6:setPlatformParam	16	static
../Core/Src/main.c:3013:6:DeviceInit	8	static
../Core/Src/main.c:3052:6:HAL_UART_ErrorCallback	24	static
../Core/Src/main.c:3082:6:Error_Handler	4	static,ignoring_inline_asm
