../Core/Src/main.c:206:5:main	16	static
../Core/Src/main.c:383:6:SystemClock_Config	88	static
../Core/Src/main.c:436:13:MX_SPI3_Init	8	static
../Core/Src/main.c:476:13:MX_SPI4_Init	8	static
../Core/Src/main.c:516:13:MX_TIM2_Init	40	static
../Core/Src/main.c:561:13:MX_TIM3_Init	40	static
../Core/Src/main.c:606:13:MX_TIM6_Init	24	static
../Core/Src/main.c:644:13:MX_TIM7_Init	24	static
../Core/Src/main.c:682:13:MX_TIM10_Init	8	static
../Core/Src/main.c:713:13:MX_USART1_UART_Init	8	static
../Core/Src/main.c:748:13:MX_USART3_UART_Init	8	static
../Core/Src/main.c:781:13:MX_DMA_Init	16	static
../Core/Src/main.c:821:13:MX_GPIO_Init	48	static
../Core/Src/main.c:870:6:parser	24	static
../Core/Src/main.c:1484:6:stepDriver	24	static
../Core/Src/main.c:1520:6:changeMotorDirection_	16	static
../Core/Src/main.c:1549:6:changeMotorDirection	16	static
../Core/Src/main.c:1598:1:__io_putchar	16	static
../Core/Src/main.c:1607:6:HAL_UART_RxCpltCallback	24	static
../Core/Src/main.c:1661:6:HAL_SPI_RxCpltCallback	16	static
../Core/Src/main.c:1734:6:HAL_TIM_PeriodElapsedCallback	16	static
../Core/Src/main.c:1771:6:createResponsePacket	24	static
../Core/Src/main.c:1812:6:createDataPacket	16	static
../Core/Src/main.c:1831:10:calculateEncPosition	24	static
../Core/Src/main.c:1865:10:processSSIData	24	static
../Core/Src/main.c:1873:6:FlashInit	4	static
../Core/Src/main.c:1880:6:WriteToFlash	40	static
../Core/Src/main.c:1909:6:ReadFlash	32	static
../Core/Src/main.c:1927:6:clearBuffer	24	static
../Core/Src/main.c:1933:6:clearSpecifiedElemOfBuffer	24	static
../Core/Src/main.c:1939:9:getADCAmplifierVal	16	static
../Core/Src/main.c:1963:6:usDelay	16	static
../Core/Src/main.c:1969:6:moveToPosition	16	static
../Core/Src/main.c:1992:6:checkCRCPhotodetectorData	16	static
../Core/Src/main.c:2014:6:createErrorResponse	8	static
../Core/Src/main.c:2026:6:handleTestAngleOffset	8	static
../Core/Src/main.c:2042:6:handleMovingToStartOffset	8	static
../Core/Src/main.c:2060:6:handleTestTurn	8	static
../Core/Src/main.c:2075:6:handleHorizontalMeasurement	8	static
../Core/Src/main.c:2194:6:handleVerticalMeasurement	16	static
../Core/Src/main.c:2354:6:reverseHorizontalMeasurement	8	static
../Core/Src/main.c:2439:6:HAL_UART_ErrorCallback	24	static
../Core/Src/main.c:2455:6:Error_Handler	4	static,ignoring_inline_asm
