../Core/Src/main.c:232:5:main	16	static
../Core/Src/main.c:515:6:SystemClock_Config	88	static
../Core/Src/main.c:568:13:MX_SPI3_Init	8	static
../Core/Src/main.c:608:13:MX_SPI4_Init	8	static
../Core/Src/main.c:648:13:MX_TIM2_Init	40	static
../Core/Src/main.c:693:13:MX_TIM3_Init	40	static
../Core/Src/main.c:738:13:MX_TIM5_Init	40	static
../Core/Src/main.c:783:13:MX_TIM6_Init	24	static
../Core/Src/main.c:821:13:MX_TIM7_Init	24	static
../Core/Src/main.c:859:13:MX_TIM10_Init	8	static
../Core/Src/main.c:890:13:MX_TIM13_Init	8	static
../Core/Src/main.c:921:13:MX_TIM14_Init	8	static
../Core/Src/main.c:952:13:MX_USART1_UART_Init	8	static
../Core/Src/main.c:987:13:MX_USART3_UART_Init	8	static
../Core/Src/main.c:1020:13:MX_DMA_Init	16	static
../Core/Src/main.c:1054:13:MX_GPIO_Init	48	static
../Core/Src/main.c:1103:6:parser	24	static
../Core/Src/main.c:1836:6:stepDriver	24	static
../Core/Src/main.c:1872:6:changeMotorDirection_	16	static
../Core/Src/main.c:1901:6:changeMotorDirection	16	static
../Core/Src/main.c:1950:1:__io_putchar	16	static
../Core/Src/main.c:1959:6:HAL_UART_RxCpltCallback	24	static
../Core/Src/main.c:2008:6:HAL_SPI_RxCpltCallback	16	static
../Core/Src/main.c:2027:6:HAL_TIM_PeriodElapsedCallback	16	static
../Core/Src/main.c:2071:6:createResponsePacket	24	static
../Core/Src/main.c:2112:6:createDataPacket	16	static
../Core/Src/main.c:2131:10:calculateEncPosition	24	static
../Core/Src/main.c:2165:10:processSSIData	24	static
../Core/Src/main.c:2173:6:FlashInit	4	static
../Core/Src/main.c:2180:6:WriteToFlash	40	static
../Core/Src/main.c:2209:6:ReadFlash	32	static
../Core/Src/main.c:2227:6:clearBuffer	24	static
../Core/Src/main.c:2233:6:clearSpecifiedElemOfBuffer	24	static
../Core/Src/main.c:2239:9:getADCAmplifierVal	16	static
../Core/Src/main.c:2263:6:usDelay	16	static
../Core/Src/main.c:2269:6:moveToPosition	16	static
../Core/Src/main.c:2318:6:checkCRCPhotodetectorData	4	static
../Core/Src/main.c:2339:6:createErrorResponse	8	static
../Core/Src/main.c:2351:6:handleTestAngleOffset	8	static
../Core/Src/main.c:2369:6:handleMovingToStartOffset	8	static
../Core/Src/main.c:2388:6:handleTestTurn	8	static
../Core/Src/main.c:2403:6:handleHorizontalMeasurement	8	static
../Core/Src/main.c:2524:6:handleHorizontalMeasurementVertPlatf	8	static
../Core/Src/main.c:2644:6:handleVerticalMeasurement	16	static
../Core/Src/main.c:2804:6:reverseHorizontalMeasurement	8	static
../Core/Src/main.c:2889:10:calculateRequiredDataNum	32	static
../Core/Src/main.c:2899:6:setNVICPriority	16	static
../Core/Src/main.c:2949:6:resetNVICPriority	8	static
../Core/Src/main.c:2976:10:getTimeOffset	4	static
../Core/Src/main.c:2990:6:setMotorFrequency	24	static
../Core/Src/main.c:3002:6:HAL_UART_ErrorCallback	24	static
../Core/Src/main.c:3033:6:Error_Handler	4	static,ignoring_inline_asm
