../Core/Src/main.c:222:5:main	16	static
../Core/Src/main.c:462:6:SystemClock_Config	88	static
../Core/Src/main.c:515:13:MX_SPI3_Init	8	static
../Core/Src/main.c:555:13:MX_SPI4_Init	8	static
../Core/Src/main.c:595:13:MX_TIM2_Init	40	static
../Core/Src/main.c:640:13:MX_TIM3_Init	40	static
../Core/Src/main.c:685:13:MX_TIM5_Init	40	static
../Core/Src/main.c:730:13:MX_TIM6_Init	24	static
../Core/Src/main.c:768:13:MX_TIM7_Init	24	static
../Core/Src/main.c:806:13:MX_TIM10_Init	8	static
../Core/Src/main.c:837:13:MX_TIM14_Init	8	static
../Core/Src/main.c:868:13:MX_USART1_UART_Init	8	static
../Core/Src/main.c:903:13:MX_USART3_UART_Init	8	static
../Core/Src/main.c:936:13:MX_DMA_Init	16	static
../Core/Src/main.c:976:13:MX_GPIO_Init	48	static
../Core/Src/main.c:1025:6:parser	24	static
../Core/Src/main.c:1731:6:stepDriver	24	static
../Core/Src/main.c:1767:6:changeMotorDirection_	16	static
../Core/Src/main.c:1796:6:changeMotorDirection	16	static
../Core/Src/main.c:1845:1:__io_putchar	16	static
../Core/Src/main.c:1854:6:HAL_UART_RxCpltCallback	24	static
../Core/Src/main.c:1903:6:HAL_SPI_RxCpltCallback	16	static
../Core/Src/main.c:1980:6:HAL_TIM_PeriodElapsedCallback	16	static
../Core/Src/main.c:2061:6:createResponsePacket	24	static
../Core/Src/main.c:2102:6:createDataPacket	16	static
../Core/Src/main.c:2121:10:calculateEncPosition	24	static
../Core/Src/main.c:2155:10:processSSIData	24	static
../Core/Src/main.c:2163:6:FlashInit	4	static
../Core/Src/main.c:2170:6:WriteToFlash	40	static
../Core/Src/main.c:2199:6:ReadFlash	32	static
../Core/Src/main.c:2217:6:clearBuffer	24	static
../Core/Src/main.c:2223:6:clearSpecifiedElemOfBuffer	24	static
../Core/Src/main.c:2229:9:getADCAmplifierVal	16	static
../Core/Src/main.c:2253:6:usDelay	16	static
../Core/Src/main.c:2259:6:moveToPosition	16	static
../Core/Src/main.c:2308:6:checkCRCPhotodetectorData	4	static
../Core/Src/main.c:2329:6:createErrorResponse	8	static
../Core/Src/main.c:2341:6:handleTestAngleOffset	8	static
../Core/Src/main.c:2357:6:handleMovingToStartOffset	8	static
../Core/Src/main.c:2375:6:handleTestTurn	8	static
../Core/Src/main.c:2390:6:handleHorizontalMeasurement	8	static
../Core/Src/main.c:2509:6:handleHorizontalMeasurementVertPlatf	8	static
../Core/Src/main.c:2629:6:handleVerticalMeasurement	16	static
../Core/Src/main.c:2789:6:reverseHorizontalMeasurement	8	static
../Core/Src/main.c:2874:6:HAL_UART_ErrorCallback	24	static
../Core/Src/main.c:2890:6:Error_Handler	4	static,ignoring_inline_asm
