../Core/Src/main.c:163:5:main	8	static
../Core/Src/main.c:246:6:SystemClock_Config	88	static
../Core/Src/main.c:299:13:MX_SPI3_Init	8	static
../Core/Src/main.c:339:13:MX_SPI4_Init	8	static
../Core/Src/main.c:379:13:MX_TIM2_Init	40	static
../Core/Src/main.c:424:13:MX_TIM3_Init	40	static
../Core/Src/main.c:469:13:MX_TIM6_Init	24	static
../Core/Src/main.c:507:13:MX_TIM7_Init	24	static
../Core/Src/main.c:545:13:MX_TIM10_Init	8	static
../Core/Src/main.c:576:13:MX_USART1_UART_Init	8	static
../Core/Src/main.c:611:13:MX_USART3_UART_Init	8	static
../Core/Src/main.c:644:13:MX_DMA_Init	16	static
../Core/Src/main.c:684:13:MX_GPIO_Init	48	static
../Core/Src/main.c:733:6:parser	16	static
../Core/Src/main.c:974:6:stepDriver	24	static
../Core/Src/main.c:1008:6:changeMotorDirection	16	static
../Core/Src/main.c:1042:1:__io_putchar	16	static
../Core/Src/main.c:1051:6:HAL_UART_RxCpltCallback	24	static
../Core/Src/main.c:1105:6:HAL_SPI_RxCpltCallback	16	static
../Core/Src/main.c:1135:6:HAL_TIM_PeriodElapsedCallback	16	static
../Core/Src/main.c:1162:6:createResponsePacket	24	static
../Core/Src/main.c:1205:10:calculateEncPosition	16	static
../Core/Src/main.c:1221:10:processSSIData	24	static
../Core/Src/main.c:1229:6:FlashInit	4	static
../Core/Src/main.c:1236:6:WriteToFlash	40	static
../Core/Src/main.c:1265:6:ReadFlash	32	static
../Core/Src/main.c:1283:6:clearBuffer	24	static
../Core/Src/main.c:1289:9:getADCAmplifierVal	16	static
../Core/Src/main.c:1313:6:usDelay	16	static
../Core/Src/main.c:1319:6:completeReceivePhotodetector	16	static
../Core/Src/main.c:1334:6:createErrorResponse	8	static
../Core/Src/main.c:1352:6:Error_Handler	4	static,ignoring_inline_asm
