../Core/Src/main.c:253:5:main	16	static
../Core/Src/main.c:655:6:SystemClock_Config	88	static
../Core/Src/main.c:708:13:MX_SPI3_Init	8	static
../Core/Src/main.c:748:13:MX_SPI4_Init	8	static
../Core/Src/main.c:788:13:MX_TIM2_Init	40	static
../Core/Src/main.c:833:13:MX_TIM3_Init	40	static
../Core/Src/main.c:878:13:MX_TIM4_Init	40	static
../Core/Src/main.c:923:13:MX_TIM5_Init	40	static
../Core/Src/main.c:968:13:MX_TIM6_Init	24	static
../Core/Src/main.c:1006:13:MX_TIM7_Init	24	static
../Core/Src/main.c:1044:13:MX_TIM9_Init	24	static
../Core/Src/main.c:1082:13:MX_TIM10_Init	8	static
../Core/Src/main.c:1113:13:MX_TIM11_Init	8	static
../Core/Src/main.c:1144:13:MX_TIM12_Init	24	static
../Core/Src/main.c:1182:13:MX_TIM13_Init	8	static
../Core/Src/main.c:1213:13:MX_TIM14_Init	8	static
../Core/Src/main.c:1244:13:MX_USART1_UART_Init	8	static
../Core/Src/main.c:1279:13:MX_USART3_UART_Init	8	static
../Core/Src/main.c:1312:13:MX_DMA_Init	16	static
../Core/Src/main.c:1346:13:MX_GPIO_Init	48	static
../Core/Src/main.c:1395:6:parser	24	static
../Core/Src/main.c:2392:6:stepDriver	24	static
../Core/Src/main.c:2428:6:changeMotorDirection	16	static
../Core/Src/main.c:2477:1:__io_putchar	16	static
../Core/Src/main.c:2486:6:HAL_UART_RxCpltCallback	24	static
../Core/Src/main.c:2533:6:HAL_SPI_RxCpltCallback	16	static
../Core/Src/main.c:2556:6:createResponsePacket	24	static
../Core/Src/main.c:2604:10:rand_32	16	static
../Core/Src/main.c:2608:6:createDataPacket	24	static
../Core/Src/main.c:2631:10:calculateEncPosition	24	static
../Core/Src/main.c:2665:10:processSSIData	24	static
../Core/Src/main.c:2673:9:getADCAmplifierVal	16	static
../Core/Src/main.c:2697:9:getADCAmplifierValInverted	16	static
../Core/Src/main.c:2721:6:moveToPosition	16	static
../Core/Src/main.c:2743:6:checkCRCPhotodetectorData	4	static
../Core/Src/main.c:2764:6:createErrorResponse	8	static
../Core/Src/main.c:2776:6:handleTestAngleOffset	8	static
../Core/Src/main.c:2796:6:handleMovingToStartOffset	8	static
../Core/Src/main.c:2815:6:handleTestTurn	8	static
../Core/Src/main.c:2830:6:handleHorizontalMeasurement	8	static
../Core/Src/main.c:2988:6:handleHorizontalMeasurementVertPlatf	8	static
../Core/Src/main.c:3140:6:handleVerticalMeasurement	16	static
../Core/Src/main.c:3300:6:reverseHorizontalMeasurement	8	static
../Core/Src/main.c:3385:10:calculateRequiredDataNum	32	static
../Core/Src/main.c:3395:10:getTimeOffset	4	static
../Core/Src/main.c:3409:6:convertAdcValues	24	static
../Core/Src/main.c:3417:6:setPlatformParam	16	static
../Core/Src/main.c:3450:6:DeviceInit	8	static
../Core/Src/main.c:3494:6:DeviceReset	8	static
../Core/Src/main.c:3582:6:HAL_UART_ErrorCallback	24	static
../Core/Src/main.c:3612:6:Error_Handler	4	static,ignoring_inline_asm
