../Core/Src/main.c:175:5:main	16	static
../Core/Src/main.c:289:6:SystemClock_Config	88	static
../Core/Src/main.c:342:13:MX_SPI3_Init	8	static
../Core/Src/main.c:382:13:MX_SPI4_Init	8	static
../Core/Src/main.c:422:13:MX_TIM2_Init	40	static
../Core/Src/main.c:467:13:MX_TIM3_Init	40	static
../Core/Src/main.c:512:13:MX_TIM6_Init	24	static
../Core/Src/main.c:550:13:MX_TIM7_Init	24	static
../Core/Src/main.c:588:13:MX_TIM10_Init	8	static
../Core/Src/main.c:619:13:MX_USART1_UART_Init	8	static
../Core/Src/main.c:654:13:MX_USART3_UART_Init	8	static
../Core/Src/main.c:687:13:MX_DMA_Init	16	static
../Core/Src/main.c:727:13:MX_GPIO_Init	48	static
../Core/Src/main.c:776:6:parser	24	static
../Core/Src/main.c:1155:6:stepDriver	24	static
../Core/Src/main.c:1191:6:changeMotorDirection_	16	static
../Core/Src/main.c:1220:6:changeMotorDirection	16	static
../Core/Src/main.c:1269:1:__io_putchar	16	static
../Core/Src/main.c:1278:6:HAL_UART_RxCpltCallback	24	static
../Core/Src/main.c:1332:6:HAL_SPI_RxCpltCallback	16	static
../Core/Src/main.c:1397:6:HAL_TIM_PeriodElapsedCallback	16	static
../Core/Src/main.c:1434:6:createResponsePacket	24	static
../Core/Src/main.c:1477:6:createDataPacket	16	static
../Core/Src/main.c:1494:10:calculateEncPosition	16	static
../Core/Src/main.c:1510:10:processSSIData	24	static
../Core/Src/main.c:1518:6:FlashInit	4	static
../Core/Src/main.c:1525:6:WriteToFlash	40	static
../Core/Src/main.c:1554:6:ReadFlash	32	static
../Core/Src/main.c:1572:6:clearBuffer	24	static
../Core/Src/main.c:1578:9:getADCAmplifierVal	16	static
../Core/Src/main.c:1602:6:usDelay	16	static
../Core/Src/main.c:1608:6:moveToPosition	16	static
../Core/Src/main.c:1630:6:completeReceivePhotodetector	16	static
../Core/Src/main.c:1645:6:createErrorResponse	8	static
../Core/Src/main.c:1657:6:HAL_UART_ErrorCallback	24	static
../Core/Src/main.c:1673:6:Error_Handler	4	static,ignoring_inline_asm
