../Core/Src/main.c:239:5:main	16	static
../Core/Src/main.c:584:6:SystemClock_Config	88	static
../Core/Src/main.c:637:13:MX_SPI3_Init	8	static
../Core/Src/main.c:677:13:MX_SPI4_Init	8	static
../Core/Src/main.c:717:13:MX_TIM2_Init	40	static
../Core/Src/main.c:762:13:MX_TIM3_Init	40	static
../Core/Src/main.c:807:13:MX_TIM5_Init	40	static
../Core/Src/main.c:852:13:MX_TIM6_Init	24	static
../Core/Src/main.c:890:13:MX_TIM7_Init	24	static
../Core/Src/main.c:928:13:MX_TIM10_Init	8	static
../Core/Src/main.c:959:13:MX_TIM13_Init	8	static
../Core/Src/main.c:990:13:MX_TIM14_Init	8	static
../Core/Src/main.c:1021:13:MX_USART1_UART_Init	8	static
../Core/Src/main.c:1056:13:MX_USART3_UART_Init	8	static
../Core/Src/main.c:1089:13:MX_DMA_Init	16	static
../Core/Src/main.c:1123:13:MX_GPIO_Init	48	static
../Core/Src/main.c:1172:6:parser	32	static
../Core/Src/main.c:1945:6:stepDriver	24	static
../Core/Src/main.c:1981:6:changeMotorDirection_	16	static
../Core/Src/main.c:2010:6:changeMotorDirection	16	static
../Core/Src/main.c:2059:1:__io_putchar	16	static
../Core/Src/main.c:2068:6:HAL_UART_RxCpltCallback	24	static
../Core/Src/main.c:2117:6:HAL_SPI_RxCpltCallback	16	static
../Core/Src/main.c:2136:6:HAL_TIM_PeriodElapsedCallback	16	static
../Core/Src/main.c:2180:6:createResponsePacket	24	static
../Core/Src/main.c:2221:6:createDataPacket	16	static
../Core/Src/main.c:2240:10:calculateEncPosition	24	static
../Core/Src/main.c:2274:10:processSSIData	24	static
../Core/Src/main.c:2282:6:FlashInit	4	static
../Core/Src/main.c:2289:6:WriteToFlash	40	static
../Core/Src/main.c:2318:6:ReadFlash	32	static
../Core/Src/main.c:2336:6:clearBuffer	24	static
../Core/Src/main.c:2342:6:clearSpecifiedElemOfBuffer	24	static
../Core/Src/main.c:2348:9:getADCAmplifierVal	16	static
../Core/Src/main.c:2372:6:usDelay	16	static
../Core/Src/main.c:2378:6:moveToPosition	16	static
../Core/Src/main.c:2427:6:checkCRCPhotodetectorData	4	static
../Core/Src/main.c:2448:6:createErrorResponse	8	static
../Core/Src/main.c:2460:6:handleTestAngleOffset	8	static
../Core/Src/main.c:2478:6:handleMovingToStartOffset	8	static
../Core/Src/main.c:2497:6:handleTestTurn	8	static
../Core/Src/main.c:2512:6:handleHorizontalMeasurement	8	static
../Core/Src/main.c:2637:6:handleHorizontalMeasurementVertPlatf	8	static
../Core/Src/main.c:2762:6:handleVerticalMeasurement	16	static
../Core/Src/main.c:2922:6:reverseHorizontalMeasurement	8	static
../Core/Src/main.c:3007:10:calculateRequiredDataNum	32	static
../Core/Src/main.c:3017:6:setNVICPriority	16	static
../Core/Src/main.c:3068:6:resetNVICPriority	8	static
../Core/Src/main.c:3095:10:getTimeOffset	4	static
../Core/Src/main.c:3109:6:setMotorFrequency	24	static
../Core/Src/main.c:3121:6:convertAdcValues	24	static
../Core/Src/main.c:3129:6:swap	24	static
../Core/Src/main.c:3135:6:bubbleSort	24	static
../Core/Src/main.c:3155:10:calculateMedianVal	56	static
../Core/Src/main.c:3166:6:HAL_UART_ErrorCallback	24	static
../Core/Src/main.c:3197:6:Error_Handler	4	static,ignoring_inline_asm
