../Core/Src/main.c:246:5:main	16	static
../Core/Src/main.c:605:6:SystemClock_Config	88	static
../Core/Src/main.c:658:13:MX_SPI3_Init	8	static
../Core/Src/main.c:698:13:MX_SPI4_Init	8	static
../Core/Src/main.c:738:13:MX_TIM2_Init	40	static
../Core/Src/main.c:783:13:MX_TIM3_Init	40	static
../Core/Src/main.c:828:13:MX_TIM5_Init	40	static
../Core/Src/main.c:873:13:MX_TIM6_Init	24	static
../Core/Src/main.c:911:13:MX_TIM7_Init	24	static
../Core/Src/main.c:949:13:MX_TIM10_Init	8	static
../Core/Src/main.c:980:13:MX_TIM13_Init	8	static
../Core/Src/main.c:1011:13:MX_TIM14_Init	8	static
../Core/Src/main.c:1042:13:MX_USART1_UART_Init	8	static
../Core/Src/main.c:1077:13:MX_USART3_UART_Init	8	static
../Core/Src/main.c:1110:13:MX_DMA_Init	16	static
../Core/Src/main.c:1144:13:MX_GPIO_Init	48	static
../Core/Src/main.c:1193:6:parser	24	static
../Core/Src/main.c:2002:6:stepDriver	24	static
../Core/Src/main.c:2069:6:changeMotorDirection	16	static
../Core/Src/main.c:2118:1:__io_putchar	16	static
../Core/Src/main.c:2127:6:HAL_UART_RxCpltCallback	24	static
../Core/Src/main.c:2176:6:HAL_SPI_RxCpltCallback	16	static
../Core/Src/main.c:2195:6:createResponsePacket	24	static
../Core/Src/main.c:2236:6:createDataPacket	16	static
../Core/Src/main.c:2255:10:calculateEncPosition	24	static
../Core/Src/main.c:2289:10:processSSIData	24	static
../Core/Src/main.c:2311:9:getADCAmplifierVal	16	static
../Core/Src/main.c:2335:6:moveToPosition	16	static
../Core/Src/main.c:2357:6:checkCRCPhotodetectorData	4	static
../Core/Src/main.c:2378:6:createErrorResponse	8	static
../Core/Src/main.c:2390:6:handleTestAngleOffset	8	static
../Core/Src/main.c:2408:6:handleMovingToStartOffset	8	static
../Core/Src/main.c:2427:6:handleTestTurn	8	static
../Core/Src/main.c:2442:6:handleHorizontalMeasurement	8	static
../Core/Src/main.c:2577:6:handleHorizontalMeasurementVertPlatf	8	static
../Core/Src/main.c:2709:6:handleVerticalMeasurement	16	static
../Core/Src/main.c:2869:6:reverseHorizontalMeasurement	8	static
../Core/Src/main.c:2954:10:calculateRequiredDataNum	32	static
../Core/Src/main.c:2966:10:getTimeOffset	4	static
../Core/Src/main.c:2980:6:setMotorFrequency	24	static
../Core/Src/main.c:2992:6:convertAdcValues	24	static
../Core/Src/main.c:3042:6:setPlatformParam	16	static
../Core/Src/main.c:3063:6:setEncoderPollFrequency	16	static
../Core/Src/main.c:3067:6:HAL_UART_ErrorCallback	24	static
../Core/Src/main.c:3097:6:Error_Handler	4	static,ignoring_inline_asm
