../Core/Src/main.c:209:5:main	16	static
../Core/Src/main.c:387:6:SystemClock_Config	88	static
../Core/Src/main.c:440:13:MX_SPI3_Init	8	static
../Core/Src/main.c:480:13:MX_SPI4_Init	8	static
../Core/Src/main.c:520:13:MX_TIM2_Init	40	static
../Core/Src/main.c:565:13:MX_TIM3_Init	40	static
../Core/Src/main.c:610:13:MX_TIM5_Init	40	static
../Core/Src/main.c:655:13:MX_TIM6_Init	24	static
../Core/Src/main.c:693:13:MX_TIM7_Init	24	static
../Core/Src/main.c:731:13:MX_TIM10_Init	8	static
../Core/Src/main.c:762:13:MX_USART1_UART_Init	8	static
../Core/Src/main.c:797:13:MX_USART3_UART_Init	8	static
../Core/Src/main.c:830:13:MX_DMA_Init	16	static
../Core/Src/main.c:870:13:MX_GPIO_Init	48	static
../Core/Src/main.c:919:6:parser	24	static
../Core/Src/main.c:1556:6:stepDriver	24	static
../Core/Src/main.c:1592:6:changeMotorDirection_	16	static
../Core/Src/main.c:1621:6:changeMotorDirection	16	static
../Core/Src/main.c:1670:1:__io_putchar	16	static
../Core/Src/main.c:1679:6:HAL_UART_RxCpltCallback	24	static
../Core/Src/main.c:1733:6:HAL_SPI_RxCpltCallback	16	static
../Core/Src/main.c:1806:6:HAL_TIM_PeriodElapsedCallback	16	static
../Core/Src/main.c:1843:6:createResponsePacket	24	static
../Core/Src/main.c:1884:6:createDataPacket	16	static
../Core/Src/main.c:1903:10:calculateEncPosition	24	static
../Core/Src/main.c:1937:10:processSSIData	24	static
../Core/Src/main.c:1945:6:FlashInit	4	static
../Core/Src/main.c:1952:6:WriteToFlash	40	static
../Core/Src/main.c:1981:6:ReadFlash	32	static
../Core/Src/main.c:1999:6:clearBuffer	24	static
../Core/Src/main.c:2005:6:clearSpecifiedElemOfBuffer	24	static
../Core/Src/main.c:2011:9:getADCAmplifierVal	16	static
../Core/Src/main.c:2035:6:usDelay	16	static
../Core/Src/main.c:2041:6:moveToPosition	16	static
../Core/Src/main.c:2064:6:checkCRCPhotodetectorData	16	static
../Core/Src/main.c:2086:6:createErrorResponse	8	static
../Core/Src/main.c:2098:6:handleTestAngleOffset	8	static
../Core/Src/main.c:2114:6:handleMovingToStartOffset	8	static
../Core/Src/main.c:2132:6:handleTestTurn	8	static
../Core/Src/main.c:2147:6:handleHorizontalMeasurement	8	static
../Core/Src/main.c:2266:6:handleHorizontalMeasurementVertPlatf	8	static
../Core/Src/main.c:2385:6:handleVerticalMeasurement	16	static
../Core/Src/main.c:2545:6:reverseHorizontalMeasurement	8	static
../Core/Src/main.c:2630:6:HAL_UART_ErrorCallback	24	static
../Core/Src/main.c:2646:6:Error_Handler	4	static,ignoring_inline_asm
