../Core/Src/main.c:164:5:main	8	static
../Core/Src/main.c:257:6:SystemClock_Config	88	static
../Core/Src/main.c:310:13:MX_SPI3_Init	8	static
../Core/Src/main.c:350:13:MX_SPI4_Init	8	static
../Core/Src/main.c:390:13:MX_TIM2_Init	40	static
../Core/Src/main.c:435:13:MX_TIM3_Init	40	static
../Core/Src/main.c:480:13:MX_TIM6_Init	24	static
../Core/Src/main.c:518:13:MX_TIM7_Init	24	static
../Core/Src/main.c:556:13:MX_TIM10_Init	8	static
../Core/Src/main.c:587:13:MX_USART1_UART_Init	8	static
../Core/Src/main.c:622:13:MX_USART3_UART_Init	8	static
../Core/Src/main.c:655:13:MX_DMA_Init	16	static
../Core/Src/main.c:695:13:MX_GPIO_Init	48	static
../Core/Src/main.c:744:6:parser	16	static
../Core/Src/main.c:988:6:stepDriver	24	static
../Core/Src/main.c:1024:6:changeMotorDirection_	16	static
../Core/Src/main.c:1053:6:changeMotorDirection	16	static
../Core/Src/main.c:1099:1:__io_putchar	16	static
../Core/Src/main.c:1108:6:HAL_UART_RxCpltCallback	24	static
../Core/Src/main.c:1162:6:HAL_SPI_RxCpltCallback	16	static
../Core/Src/main.c:1192:6:HAL_TIM_PeriodElapsedCallback	16	static
../Core/Src/main.c:1219:6:createResponsePacket	24	static
../Core/Src/main.c:1262:10:calculateEncPosition	16	static
../Core/Src/main.c:1278:10:processSSIData	24	static
../Core/Src/main.c:1286:6:FlashInit	4	static
../Core/Src/main.c:1293:6:WriteToFlash	40	static
../Core/Src/main.c:1322:6:ReadFlash	32	static
../Core/Src/main.c:1340:6:clearBuffer	24	static
../Core/Src/main.c:1346:9:getADCAmplifierVal	16	static
../Core/Src/main.c:1370:6:usDelay	16	static
../Core/Src/main.c:1376:6:completeReceivePhotodetector	16	static
../Core/Src/main.c:1391:6:createErrorResponse	8	static
../Core/Src/main.c:1403:6:HAL_UART_ErrorCallback	24	static
../Core/Src/main.c:1419:6:Error_Handler	4	static,ignoring_inline_asm
