../Core/Src/main.c:181:5:main	16	static
../Core/Src/main.c:380:6:SystemClock_Config	88	static
../Core/Src/main.c:433:13:MX_SPI3_Init	8	static
../Core/Src/main.c:473:13:MX_SPI4_Init	8	static
../Core/Src/main.c:513:13:MX_TIM2_Init	40	static
../Core/Src/main.c:558:13:MX_TIM3_Init	40	static
../Core/Src/main.c:603:13:MX_TIM6_Init	24	static
../Core/Src/main.c:641:13:MX_TIM7_Init	24	static
../Core/Src/main.c:679:13:MX_TIM10_Init	8	static
../Core/Src/main.c:710:13:MX_USART1_UART_Init	8	static
../Core/Src/main.c:745:13:MX_USART3_UART_Init	8	static
../Core/Src/main.c:778:13:MX_DMA_Init	16	static
../Core/Src/main.c:818:13:MX_GPIO_Init	48	static
../Core/Src/main.c:867:6:parser	24	static
../Core/Src/main.c:1273:6:stepDriver	24	static
../Core/Src/main.c:1309:6:changeMotorDirection_	16	static
../Core/Src/main.c:1338:6:changeMotorDirection	16	static
../Core/Src/main.c:1387:1:__io_putchar	16	static
../Core/Src/main.c:1396:6:HAL_UART_RxCpltCallback	24	static
../Core/Src/main.c:1450:6:HAL_SPI_RxCpltCallback	16	static
../Core/Src/main.c:1523:6:HAL_TIM_PeriodElapsedCallback	16	static
../Core/Src/main.c:1560:6:createResponsePacket	24	static
../Core/Src/main.c:1604:6:createDataPacket	16	static
../Core/Src/main.c:1623:10:calculateEncPosition	16	static
../Core/Src/main.c:1639:10:processSSIData	24	static
../Core/Src/main.c:1647:6:FlashInit	4	static
../Core/Src/main.c:1654:6:WriteToFlash	40	static
../Core/Src/main.c:1683:6:ReadFlash	32	static
../Core/Src/main.c:1701:6:clearBuffer	24	static
../Core/Src/main.c:1707:9:getADCAmplifierVal	16	static
../Core/Src/main.c:1731:6:usDelay	16	static
../Core/Src/main.c:1737:6:moveToPosition	16	static
../Core/Src/main.c:1759:6:completeReceivePhotodetector	16	static
../Core/Src/main.c:1774:6:createErrorResponse	8	static
../Core/Src/main.c:1786:6:HAL_UART_ErrorCallback	24	static
../Core/Src/main.c:1802:6:Error_Handler	4	static,ignoring_inline_asm
