../Core/Src/main.c:254:5:main	16	static
../Core/Src/main.c:648:6:SystemClock_Config	88	static
../Core/Src/main.c:702:13:MX_IWDG_Init	8	static
../Core/Src/main.c:731:13:MX_SPI3_Init	8	static
../Core/Src/main.c:771:13:MX_SPI4_Init	8	static
../Core/Src/main.c:811:13:MX_TIM2_Init	40	static
../Core/Src/main.c:856:13:MX_TIM3_Init	40	static
../Core/Src/main.c:901:13:MX_TIM4_Init	40	static
../Core/Src/main.c:946:13:MX_TIM5_Init	40	static
../Core/Src/main.c:991:13:MX_TIM6_Init	24	static
../Core/Src/main.c:1029:13:MX_TIM7_Init	24	static
../Core/Src/main.c:1067:13:MX_TIM10_Init	8	static
../Core/Src/main.c:1098:13:MX_TIM11_Init	8	static
../Core/Src/main.c:1129:13:MX_TIM12_Init	24	static
../Core/Src/main.c:1167:13:MX_TIM13_Init	8	static
../Core/Src/main.c:1198:13:MX_TIM14_Init	8	static
../Core/Src/main.c:1229:13:MX_USART1_UART_Init	8	static
../Core/Src/main.c:1264:13:MX_USART3_UART_Init	8	static
../Core/Src/main.c:1297:13:MX_DMA_Init	16	static
../Core/Src/main.c:1331:13:MX_GPIO_Init	48	static
../Core/Src/main.c:1380:6:parser	32	static
../Core/Src/main.c:2317:6:stepDriver	24	static
../Core/Src/main.c:2353:6:changeMotorDirection	16	static
../Core/Src/main.c:2402:1:__io_putchar	16	static
../Core/Src/main.c:2411:6:HAL_UART_RxCpltCallback	24	static
../Core/Src/main.c:2458:6:HAL_SPI_RxCpltCallback	16	static
../Core/Src/main.c:2483:6:createResponsePacket	24	static
../Core/Src/main.c:2537:6:createDataPacket	16	static
../Core/Src/main.c:2556:10:calculateEncPosition	24	static
../Core/Src/main.c:2590:10:calculateOffsetEncPosition	24	static
../Core/Src/main.c:2611:10:processSSIData	24	static
../Core/Src/main.c:2619:9:getADCAmplifierVal	16	static
../Core/Src/main.c:2643:9:getADCAmplifierValInverted	16	static
../Core/Src/main.c:2667:6:moveToPosition	16	static
../Core/Src/main.c:2689:6:checkCRCPhotodetectorData	4	static
../Core/Src/main.c:2710:6:createErrorResponse	8	static
../Core/Src/main.c:2722:6:handleTestAngleOffset	8	static
../Core/Src/main.c:2737:6:handleMovingToStartOffset	8	static
../Core/Src/main.c:2756:6:handleTestTurn	8	static
../Core/Src/main.c:2773:6:handleHorizontalMeasurement	8	static
../Core/Src/main.c:2931:6:handleHorizontalMeasurementVertPlatf	8	static
../Core/Src/main.c:3083:6:handleVerticalMeasurement	16	static
../Core/Src/main.c:3241:6:reverseHorizontalMeasurement	8	static
../Core/Src/main.c:3326:10:calculateRequiredDataNum	32	static
../Core/Src/main.c:3336:10:getTimeOffset	4	static
../Core/Src/main.c:3350:6:convertAdcValues	24	static
../Core/Src/main.c:3358:6:setPlatformParam	16	static
../Core/Src/main.c:3394:6:DeviceInit	16	static
../Core/Src/main.c:3464:6:DeviceReset	8	static
../Core/Src/main.c:3552:6:checkCRC_PCData	24	static
../Core/Src/main.c:3570:6:HAL_UART_ErrorCallback	24	static
../Core/Src/main.c:3600:6:Error_Handler	4	static,ignoring_inline_asm
