../Core/Src/main.c:205:5:main	16	static
../Core/Src/main.c:381:6:SystemClock_Config	88	static
../Core/Src/main.c:434:13:MX_SPI3_Init	8	static
../Core/Src/main.c:474:13:MX_SPI4_Init	8	static
../Core/Src/main.c:514:13:MX_TIM2_Init	40	static
../Core/Src/main.c:559:13:MX_TIM3_Init	40	static
../Core/Src/main.c:604:13:MX_TIM6_Init	24	static
../Core/Src/main.c:642:13:MX_TIM7_Init	24	static
../Core/Src/main.c:680:13:MX_TIM10_Init	8	static
../Core/Src/main.c:711:13:MX_USART1_UART_Init	8	static
../Core/Src/main.c:746:13:MX_USART3_UART_Init	8	static
../Core/Src/main.c:779:13:MX_DMA_Init	16	static
../Core/Src/main.c:819:13:MX_GPIO_Init	48	static
../Core/Src/main.c:868:6:parser	24	static
../Core/Src/main.c:1480:6:stepDriver	24	static
../Core/Src/main.c:1516:6:changeMotorDirection_	16	static
../Core/Src/main.c:1545:6:changeMotorDirection	16	static
../Core/Src/main.c:1594:1:__io_putchar	16	static
../Core/Src/main.c:1603:6:HAL_UART_RxCpltCallback	24	static
../Core/Src/main.c:1657:6:HAL_SPI_RxCpltCallback	16	static
../Core/Src/main.c:1730:6:HAL_TIM_PeriodElapsedCallback	16	static
../Core/Src/main.c:1767:6:createResponsePacket	24	static
../Core/Src/main.c:1808:6:createDataPacket	16	static
../Core/Src/main.c:1827:10:calculateEncPosition	24	static
../Core/Src/main.c:1861:10:processSSIData	24	static
../Core/Src/main.c:1869:6:FlashInit	4	static
../Core/Src/main.c:1876:6:WriteToFlash	40	static
../Core/Src/main.c:1905:6:ReadFlash	32	static
../Core/Src/main.c:1923:6:clearBuffer	24	static
../Core/Src/main.c:1929:6:clearSpecifiedElemOfBuffer	24	static
../Core/Src/main.c:1935:9:getADCAmplifierVal	16	static
../Core/Src/main.c:1959:6:usDelay	16	static
../Core/Src/main.c:1965:6:moveToPosition	16	static
../Core/Src/main.c:1988:6:checkCRCPhotodetectorData	16	static
../Core/Src/main.c:2010:6:createErrorResponse	8	static
../Core/Src/main.c:2022:6:handleTestAngleOffset	8	static
../Core/Src/main.c:2038:6:handleMovingToStartOffset	8	static
../Core/Src/main.c:2056:6:handleTestTurn	8	static
../Core/Src/main.c:2071:6:handleHorizontalMeasurement	8	static
../Core/Src/main.c:2156:6:handleVerticalMeasurement	16	static
../Core/Src/main.c:2310:6:reverseHorizontalMeasurement	8	static
../Core/Src/main.c:2395:6:HAL_UART_ErrorCallback	24	static
../Core/Src/main.c:2411:6:Error_Handler	4	static,ignoring_inline_asm
