../Core/Src/main.c:165:5:main	8	static
../Core/Src/main.c:256:6:SystemClock_Config	88	static
../Core/Src/main.c:309:13:MX_SPI3_Init	8	static
../Core/Src/main.c:349:13:MX_SPI4_Init	8	static
../Core/Src/main.c:389:13:MX_TIM2_Init	40	static
../Core/Src/main.c:434:13:MX_TIM3_Init	40	static
../Core/Src/main.c:479:13:MX_TIM6_Init	24	static
../Core/Src/main.c:517:13:MX_TIM7_Init	24	static
../Core/Src/main.c:555:13:MX_TIM10_Init	8	static
../Core/Src/main.c:586:13:MX_USART1_UART_Init	8	static
../Core/Src/main.c:621:13:MX_USART3_UART_Init	8	static
../Core/Src/main.c:654:13:MX_DMA_Init	16	static
../Core/Src/main.c:694:13:MX_GPIO_Init	48	static
../Core/Src/main.c:743:6:parser	16	static
../Core/Src/main.c:1036:6:stepDriver	24	static
../Core/Src/main.c:1072:6:changeMotorDirection_	16	static
../Core/Src/main.c:1101:6:changeMotorDirection	16	static
../Core/Src/main.c:1150:1:__io_putchar	16	static
../Core/Src/main.c:1159:6:HAL_UART_RxCpltCallback	24	static
../Core/Src/main.c:1213:6:HAL_SPI_RxCpltCallback	16	static
../Core/Src/main.c:1243:6:HAL_TIM_PeriodElapsedCallback	16	static
../Core/Src/main.c:1280:6:createResponsePacket	24	static
../Core/Src/main.c:1323:10:calculateEncPosition	16	static
../Core/Src/main.c:1339:10:processSSIData	24	static
../Core/Src/main.c:1347:6:FlashInit	4	static
../Core/Src/main.c:1354:6:WriteToFlash	40	static
../Core/Src/main.c:1383:6:ReadFlash	32	static
../Core/Src/main.c:1401:6:clearBuffer	24	static
../Core/Src/main.c:1407:9:getADCAmplifierVal	16	static
../Core/Src/main.c:1431:6:usDelay	16	static
../Core/Src/main.c:1437:6:completeReceivePhotodetector	16	static
../Core/Src/main.c:1452:6:createErrorResponse	8	static
../Core/Src/main.c:1464:6:HAL_UART_ErrorCallback	24	static
../Core/Src/main.c:1480:6:Error_Handler	4	static,ignoring_inline_asm
