../Core/Src/main.c:259:5:main	32	static
../Core/Src/main.c:662:6:SystemClock_Config	88	static
../Core/Src/main.c:716:13:MX_IWDG_Init	8	static
../Core/Src/main.c:745:13:MX_SPI3_Init	8	static
../Core/Src/main.c:785:13:MX_SPI4_Init	8	static
../Core/Src/main.c:825:13:MX_TIM2_Init	40	static
../Core/Src/main.c:870:13:MX_TIM3_Init	40	static
../Core/Src/main.c:915:13:MX_TIM4_Init	40	static
../Core/Src/main.c:960:13:MX_TIM5_Init	40	static
../Core/Src/main.c:1005:13:MX_TIM6_Init	24	static
../Core/Src/main.c:1043:13:MX_TIM7_Init	24	static
../Core/Src/main.c:1081:13:MX_TIM10_Init	8	static
../Core/Src/main.c:1112:13:MX_TIM11_Init	8	static
../Core/Src/main.c:1143:13:MX_TIM12_Init	24	static
../Core/Src/main.c:1181:13:MX_TIM13_Init	8	static
../Core/Src/main.c:1212:13:MX_TIM14_Init	8	static
../Core/Src/main.c:1243:13:MX_USART1_UART_Init	8	static
../Core/Src/main.c:1278:13:MX_USART3_UART_Init	8	static
../Core/Src/main.c:1312:13:MX_DMA_Init	16	static
../Core/Src/main.c:1346:13:MX_GPIO_Init	48	static
../Core/Src/main.c:1395:6:parser	32	static
../Core/Src/main.c:2278:6:stepDriver	24	static
../Core/Src/main.c:2314:6:changeMotorDirection	16	static
../Core/Src/main.c:2363:1:__io_putchar	16	static
../Core/Src/main.c:2372:6:HAL_UART_RxCpltCallback	32	static
../Core/Src/main.c:2440:6:HAL_SPI_RxCpltCallback	16	static
../Core/Src/main.c:2465:6:createResponsePacket	24	static
../Core/Src/main.c:2519:6:createDataPacket	16	static
../Core/Src/main.c:2539:10:calculateEncPosition	24	static
../Core/Src/main.c:2573:10:calculateOffsetEncPosition	24	static
../Core/Src/main.c:2594:10:processSSIData	24	static
../Core/Src/main.c:2602:9:getADCAmplifierVal	16	static
../Core/Src/main.c:2626:9:getADCAmplifierValInverted	16	static
../Core/Src/main.c:2650:6:moveToPosition	16	static
../Core/Src/main.c:2672:6:checkCRCPhotodetectorData	4	static
../Core/Src/main.c:2693:6:createErrorResponse	8	static
../Core/Src/main.c:2705:6:handleTestAngleOffset	8	static
../Core/Src/main.c:2720:6:handleMovingToStartOffset	8	static
../Core/Src/main.c:2739:6:handleTestTurn	8	static
../Core/Src/main.c:2756:6:handleHorizontalMeasurement	24	static
../Core/Src/main.c:2915:6:handleHorizontalMeasurementVertPlatf	24	static
../Core/Src/main.c:3068:6:handleVerticalMeasurement	16	static
../Core/Src/main.c:3226:6:reverseHorizontalMeasurement	8	static
../Core/Src/main.c:3311:10:calculateRequiredDataNum	32	static
../Core/Src/main.c:3321:10:getTimeOffset	4	static
../Core/Src/main.c:3335:6:convertAdcValues	24	static
../Core/Src/main.c:3343:6:setPlatformParam	16	static
../Core/Src/main.c:3379:6:DeviceInit	16	static
../Core/Src/main.c:3451:6:DeviceReset	8	static
../Core/Src/main.c:3530:6:checkCRC_PCData	24	static
../Core/Src/main.c:3548:6:HAL_UART_ErrorCallback	24	static
../Core/Src/main.c:3585:6:Error_Handler	4	static,ignoring_inline_asm
