../Core/Src/main.c:164:5:main	8	static
../Core/Src/main.c:247:6:SystemClock_Config	88	static
../Core/Src/main.c:300:13:MX_SPI3_Init	8	static
../Core/Src/main.c:340:13:MX_SPI4_Init	8	static
../Core/Src/main.c:380:13:MX_TIM2_Init	40	static
../Core/Src/main.c:425:13:MX_TIM3_Init	40	static
../Core/Src/main.c:470:13:MX_TIM6_Init	24	static
../Core/Src/main.c:508:13:MX_TIM7_Init	24	static
../Core/Src/main.c:546:13:MX_TIM10_Init	8	static
../Core/Src/main.c:577:13:MX_USART1_UART_Init	8	static
../Core/Src/main.c:612:13:MX_USART3_UART_Init	8	static
../Core/Src/main.c:645:13:MX_DMA_Init	16	static
../Core/Src/main.c:685:13:MX_GPIO_Init	48	static
../Core/Src/main.c:734:6:parser	16	static
../Core/Src/main.c:976:6:stepDriver	24	static
../Core/Src/main.c:1012:6:changeMotorDirection_	16	static
../Core/Src/main.c:1041:6:changeMotorDirection	16	static
../Core/Src/main.c:1087:1:__io_putchar	16	static
../Core/Src/main.c:1096:6:HAL_UART_RxCpltCallback	24	static
../Core/Src/main.c:1150:6:HAL_SPI_RxCpltCallback	16	static
../Core/Src/main.c:1180:6:HAL_TIM_PeriodElapsedCallback	16	static
../Core/Src/main.c:1207:6:createResponsePacket	24	static
../Core/Src/main.c:1250:10:calculateEncPosition	16	static
../Core/Src/main.c:1266:10:processSSIData	24	static
../Core/Src/main.c:1274:6:FlashInit	4	static
../Core/Src/main.c:1281:6:WriteToFlash	40	static
../Core/Src/main.c:1310:6:ReadFlash	32	static
../Core/Src/main.c:1328:6:clearBuffer	24	static
../Core/Src/main.c:1334:9:getADCAmplifierVal	16	static
../Core/Src/main.c:1358:6:usDelay	16	static
../Core/Src/main.c:1364:6:completeReceivePhotodetector	16	static
../Core/Src/main.c:1379:6:createErrorResponse	8	static
../Core/Src/main.c:1397:6:Error_Handler	4	static,ignoring_inline_asm
