../Core/Src/main.c:219:5:main	16	static
../Core/Src/main.c:432:6:SystemClock_Config	88	static
../Core/Src/main.c:485:13:MX_SPI3_Init	8	static
../Core/Src/main.c:525:13:MX_SPI4_Init	8	static
../Core/Src/main.c:565:13:MX_TIM2_Init	40	static
../Core/Src/main.c:610:13:MX_TIM3_Init	40	static
../Core/Src/main.c:655:13:MX_TIM5_Init	40	static
../Core/Src/main.c:700:13:MX_TIM6_Init	24	static
../Core/Src/main.c:738:13:MX_TIM7_Init	24	static
../Core/Src/main.c:776:13:MX_TIM10_Init	8	static
../Core/Src/main.c:807:13:MX_TIM14_Init	8	static
../Core/Src/main.c:838:13:MX_USART1_UART_Init	8	static
../Core/Src/main.c:873:13:MX_USART3_UART_Init	8	static
../Core/Src/main.c:906:13:MX_DMA_Init	16	static
../Core/Src/main.c:946:13:MX_GPIO_Init	48	static
../Core/Src/main.c:995:6:parser	24	static
../Core/Src/main.c:1720:6:stepDriver	24	static
../Core/Src/main.c:1756:6:changeMotorDirection_	16	static
../Core/Src/main.c:1785:6:changeMotorDirection	16	static
../Core/Src/main.c:1834:1:__io_putchar	16	static
../Core/Src/main.c:1843:6:HAL_UART_RxCpltCallback	24	static
../Core/Src/main.c:1892:6:HAL_SPI_RxCpltCallback	16	static
../Core/Src/main.c:1969:6:HAL_TIM_PeriodElapsedCallback	16	static
../Core/Src/main.c:2060:6:createResponsePacket	24	static
../Core/Src/main.c:2101:6:createDataPacket	16	static
../Core/Src/main.c:2120:10:calculateEncPosition	24	static
../Core/Src/main.c:2154:10:processSSIData	24	static
../Core/Src/main.c:2162:6:FlashInit	4	static
../Core/Src/main.c:2169:6:WriteToFlash	40	static
../Core/Src/main.c:2198:6:ReadFlash	32	static
../Core/Src/main.c:2216:6:clearBuffer	24	static
../Core/Src/main.c:2222:6:clearSpecifiedElemOfBuffer	24	static
../Core/Src/main.c:2228:9:getADCAmplifierVal	16	static
../Core/Src/main.c:2252:6:usDelay	16	static
../Core/Src/main.c:2258:6:moveToPosition	16	static
../Core/Src/main.c:2281:6:checkCRCPhotodetectorData	16	static
../Core/Src/main.c:2306:6:createErrorResponse	8	static
../Core/Src/main.c:2318:6:handleTestAngleOffset	8	static
../Core/Src/main.c:2334:6:handleMovingToStartOffset	8	static
../Core/Src/main.c:2352:6:handleTestTurn	8	static
../Core/Src/main.c:2367:6:handleHorizontalMeasurement	8	static
../Core/Src/main.c:2486:6:handleHorizontalMeasurementVertPlatf	8	static
../Core/Src/main.c:2606:6:handleVerticalMeasurement	16	static
../Core/Src/main.c:2766:6:reverseHorizontalMeasurement	8	static
../Core/Src/main.c:2851:6:HAL_UART_ErrorCallback	24	static
../Core/Src/main.c:2867:6:Error_Handler	4	static,ignoring_inline_asm
