../Core/Src/main.c:158:5:main	8	static
../Core/Src/main.c:231:6:SystemClock_Config	88	static
../Core/Src/main.c:284:13:MX_SPI3_Init	8	static
../Core/Src/main.c:324:13:MX_SPI4_Init	8	static
../Core/Src/main.c:364:13:MX_TIM2_Init	40	static
../Core/Src/main.c:409:13:MX_TIM3_Init	40	static
../Core/Src/main.c:454:13:MX_TIM6_Init	24	static
../Core/Src/main.c:492:13:MX_TIM7_Init	24	static
../Core/Src/main.c:530:13:MX_TIM10_Init	8	static
../Core/Src/main.c:561:13:MX_USART1_UART_Init	8	static
../Core/Src/main.c:596:13:MX_USART3_UART_Init	8	static
../Core/Src/main.c:629:13:MX_DMA_Init	16	static
../Core/Src/main.c:669:13:MX_GPIO_Init	48	static
../Core/Src/main.c:718:6:parser	16	static
../Core/Src/main.c:908:6:stepDriver	24	static
../Core/Src/main.c:942:6:changeMotorDirection	16	static
../Core/Src/main.c:976:1:__io_putchar	16	static
../Core/Src/main.c:985:6:HAL_UART_RxCpltCallback	16	static
../Core/Src/main.c:1006:6:HAL_SPI_RxCpltCallback	16	static
../Core/Src/main.c:1036:6:HAL_TIM_PeriodElapsedCallback	16	static
../Core/Src/main.c:1063:6:createResponsePacket	24	static
../Core/Src/main.c:1115:10:calculateEncPosition	16	static
../Core/Src/main.c:1129:10:processSSIData	24	static
../Core/Src/main.c:1137:6:FlashInit	4	static
../Core/Src/main.c:1144:6:WriteToFlash_	32	static
../Core/Src/main.c:1181:6:WriteToFlash	48	static
../Core/Src/main.c:1217:6:ReadFlash_	24	static
../Core/Src/main.c:1236:6:ReadFlash	40	static
../Core/Src/main.c:1261:6:clearBuffer	24	static
../Core/Src/main.c:1267:9:getADCAmplifierVal	16	static
../Core/Src/main.c:1291:6:usDelay	16	static
../Core/Src/main.c:1303:6:Error_Handler	4	static,ignoring_inline_asm
