../Core/Src/main.c:255:5:main	16	static
../Core/Src/main.c:657:6:SystemClock_Config	88	static
../Core/Src/main.c:710:13:MX_SPI3_Init	8	static
../Core/Src/main.c:750:13:MX_SPI4_Init	8	static
../Core/Src/main.c:790:13:MX_TIM2_Init	40	static
../Core/Src/main.c:835:13:MX_TIM3_Init	40	static
../Core/Src/main.c:880:13:MX_TIM4_Init	40	static
../Core/Src/main.c:925:13:MX_TIM5_Init	40	static
../Core/Src/main.c:970:13:MX_TIM6_Init	24	static
../Core/Src/main.c:1008:13:MX_TIM7_Init	24	static
../Core/Src/main.c:1046:13:MX_TIM9_Init	24	static
../Core/Src/main.c:1084:13:MX_TIM10_Init	8	static
../Core/Src/main.c:1115:13:MX_TIM11_Init	8	static
../Core/Src/main.c:1146:13:MX_TIM12_Init	24	static
../Core/Src/main.c:1184:13:MX_TIM13_Init	8	static
../Core/Src/main.c:1215:13:MX_TIM14_Init	8	static
../Core/Src/main.c:1246:13:MX_USART1_UART_Init	8	static
../Core/Src/main.c:1281:13:MX_USART3_UART_Init	8	static
../Core/Src/main.c:1314:13:MX_DMA_Init	16	static
../Core/Src/main.c:1348:13:MX_GPIO_Init	48	static
../Core/Src/main.c:1397:6:parser	24	static
../Core/Src/main.c:2398:6:stepDriver	24	static
../Core/Src/main.c:2434:6:changeMotorDirection	16	static
../Core/Src/main.c:2483:1:__io_putchar	16	static
../Core/Src/main.c:2492:6:HAL_UART_RxCpltCallback	24	static
../Core/Src/main.c:2539:6:HAL_SPI_RxCpltCallback	16	static
../Core/Src/main.c:2562:6:createResponsePacket	24	static
../Core/Src/main.c:2610:10:rand_32	16	static
../Core/Src/main.c:2614:6:createDataPacket	24	static
../Core/Src/main.c:2637:10:calculateEncPosition	24	static
../Core/Src/main.c:2671:10:processSSIData	24	static
../Core/Src/main.c:2679:9:getADCAmplifierVal	16	static
../Core/Src/main.c:2703:9:getADCAmplifierValInverted	16	static
../Core/Src/main.c:2727:6:moveToPosition	16	static
../Core/Src/main.c:2749:6:checkCRCPhotodetectorData	4	static
../Core/Src/main.c:2770:6:createErrorResponse	8	static
../Core/Src/main.c:2782:6:handleTestAngleOffset	8	static
../Core/Src/main.c:2802:6:handleMovingToStartOffset	8	static
../Core/Src/main.c:2821:6:handleTestTurn	8	static
../Core/Src/main.c:2836:6:handleHorizontalMeasurement	8	static
../Core/Src/main.c:2994:6:handleHorizontalMeasurementVertPlatf	8	static
../Core/Src/main.c:3146:6:handleVerticalMeasurement	16	static
../Core/Src/main.c:3306:6:reverseHorizontalMeasurement	8	static
../Core/Src/main.c:3391:10:calculateRequiredDataNum	32	static
../Core/Src/main.c:3401:10:getTimeOffset	4	static
../Core/Src/main.c:3415:6:convertAdcValues	24	static
../Core/Src/main.c:3423:6:setPlatformParam	16	static
../Core/Src/main.c:3456:6:DeviceInit	8	static
../Core/Src/main.c:3500:6:DeviceReset	8	static
../Core/Src/main.c:3588:6:checkCRC_PCData	24	static
../Core/Src/main.c:3603:6:HAL_UART_ErrorCallback	24	static
../Core/Src/main.c:3633:6:Error_Handler	4	static,ignoring_inline_asm
