../Core/Src/main.c:245:5:main	16	static
../Core/Src/main.c:639:6:SystemClock_Config	88	static
../Core/Src/main.c:692:13:MX_SPI3_Init	8	static
../Core/Src/main.c:732:13:MX_SPI4_Init	8	static
../Core/Src/main.c:772:13:MX_TIM2_Init	40	static
../Core/Src/main.c:817:13:MX_TIM3_Init	40	static
../Core/Src/main.c:862:13:MX_TIM4_Init	40	static
../Core/Src/main.c:907:13:MX_TIM5_Init	40	static
../Core/Src/main.c:952:13:MX_TIM6_Init	24	static
../Core/Src/main.c:990:13:MX_TIM7_Init	24	static
../Core/Src/main.c:1028:13:MX_TIM10_Init	8	static
../Core/Src/main.c:1059:13:MX_TIM11_Init	8	static
../Core/Src/main.c:1090:13:MX_TIM12_Init	24	static
../Core/Src/main.c:1128:13:MX_TIM13_Init	8	static
../Core/Src/main.c:1159:13:MX_TIM14_Init	8	static
../Core/Src/main.c:1190:13:MX_USART1_UART_Init	8	static
../Core/Src/main.c:1225:13:MX_USART3_UART_Init	8	static
../Core/Src/main.c:1258:13:MX_DMA_Init	16	static
../Core/Src/main.c:1292:13:MX_GPIO_Init	48	static
../Core/Src/main.c:1341:6:parser	24	static
../Core/Src/main.c:2344:6:stepDriver	24	static
../Core/Src/main.c:2380:6:changeMotorDirection	16	static
../Core/Src/main.c:2429:1:__io_putchar	16	static
../Core/Src/main.c:2438:6:HAL_UART_RxCpltCallback	24	static
../Core/Src/main.c:2485:6:HAL_SPI_RxCpltCallback	16	static
../Core/Src/main.c:2508:6:createResponsePacket	24	static
../Core/Src/main.c:2550:6:createDataPacket	16	static
../Core/Src/main.c:2569:10:calculateEncPosition	24	static
../Core/Src/main.c:2603:10:processSSIData	24	static
../Core/Src/main.c:2611:9:getADCAmplifierVal	16	static
../Core/Src/main.c:2635:9:getADCAmplifierValInverted	16	static
../Core/Src/main.c:2659:6:moveToPosition	16	static
../Core/Src/main.c:2681:6:checkCRCPhotodetectorData	4	static
../Core/Src/main.c:2702:6:createErrorResponse	8	static
../Core/Src/main.c:2714:6:handleTestAngleOffset	8	static
../Core/Src/main.c:2734:6:handleMovingToStartOffset	8	static
../Core/Src/main.c:2753:6:handleTestTurn	8	static
../Core/Src/main.c:2768:6:handleHorizontalMeasurement	8	static
../Core/Src/main.c:2926:6:handleHorizontalMeasurementVertPlatf	8	static
../Core/Src/main.c:3078:6:handleVerticalMeasurement	16	static
../Core/Src/main.c:3238:6:reverseHorizontalMeasurement	8	static
../Core/Src/main.c:3323:10:calculateRequiredDataNum	32	static
../Core/Src/main.c:3333:10:getTimeOffset	4	static
../Core/Src/main.c:3347:6:convertAdcValues	24	static
../Core/Src/main.c:3355:6:setPlatformParam	16	static
../Core/Src/main.c:3388:6:DeviceInit	8	static
../Core/Src/main.c:3431:6:DeviceReset	8	static
../Core/Src/main.c:3519:6:HAL_UART_ErrorCallback	24	static
../Core/Src/main.c:3549:6:Error_Handler	4	static,ignoring_inline_asm
