../Core/Src/stm32f7xx_it.c:85:6:NMI_Handler	4	static
../Core/Src/stm32f7xx_it.c:100:6:HardFault_Handler	4	static
../Core/Src/stm32f7xx_it.c:115:6:MemManage_Handler	4	static
../Core/Src/stm32f7xx_it.c:130:6:BusFault_Handler	4	static
../Core/Src/stm32f7xx_it.c:145:6:UsageFault_Handler	4	static
../Core/Src/stm32f7xx_it.c:160:6:SVC_Handler	4	static
../Core/Src/stm32f7xx_it.c:173:6:DebugMon_Handler	4	static
../Core/Src/stm32f7xx_it.c:186:6:PendSV_Handler	4	static
../Core/Src/stm32f7xx_it.c:199:6:SysTick_Handler	8	static
../Core/Src/stm32f7xx_it.c:220:6:DMA1_Stream0_IRQHandler	8	static
../Core/Src/stm32f7xx_it.c:234:6:DMA1_Stream1_IRQHandler	8	static
../Core/Src/stm32f7xx_it.c:248:6:DMA1_Stream5_IRQHandler	8	static
../Core/Src/stm32f7xx_it.c:262:6:TIM1_UP_TIM10_IRQHandler	8	static
../Core/Src/stm32f7xx_it.c:276:6:TIM2_IRQHandler	8	static
../Core/Src/stm32f7xx_it.c:290:6:TIM3_IRQHandler	8	static
../Core/Src/stm32f7xx_it.c:304:6:USART1_IRQHandler	8	static
../Core/Src/stm32f7xx_it.c:318:6:USART3_IRQHandler	8	static
../Core/Src/stm32f7xx_it.c:332:6:TIM8_UP_TIM13_IRQHandler	8	static
../Core/Src/stm32f7xx_it.c:346:6:TIM8_TRG_COM_TIM14_IRQHandler	8	static
../Core/Src/stm32f7xx_it.c:360:6:TIM5_IRQHandler	8	static
../Core/Src/stm32f7xx_it.c:377:6:TIM7_IRQHandler	8	static
../Core/Src/stm32f7xx_it.c:391:6:DMA2_Stream0_IRQHandler	8	static
../Core/Src/stm32f7xx_it.c:405:6:DMA2_Stream1_IRQHandler	8	static
../Core/Src/stm32f7xx_it.c:419:6:DMA2_Stream2_IRQHandler	8	static
