../Core/Src/stm32f7xx_it.c:99:6:NMI_Handler	4	static
../Core/Src/stm32f7xx_it.c:114:6:HardFault_Handler	4	static
../Core/Src/stm32f7xx_it.c:129:6:MemManage_Handler	4	static
../Core/Src/stm32f7xx_it.c:144:6:BusFault_Handler	4	static
../Core/Src/stm32f7xx_it.c:159:6:UsageFault_Handler	4	static
../Core/Src/stm32f7xx_it.c:174:6:SVC_Handler	4	static
../Core/Src/stm32f7xx_it.c:187:6:DebugMon_Handler	4	static
../Core/Src/stm32f7xx_it.c:200:6:PendSV_Handler	4	static
../Core/Src/stm32f7xx_it.c:213:6:SysTick_Handler	8	static
../Core/Src/stm32f7xx_it.c:234:6:DMA1_Stream0_IRQHandler	8	static
../Core/Src/stm32f7xx_it.c:248:6:DMA1_Stream1_IRQHandler	8	static
../Core/Src/stm32f7xx_it.c:262:6:DMA1_Stream5_IRQHandler	8	static
../Core/Src/stm32f7xx_it.c:276:6:TIM1_UP_TIM10_IRQHandler	8	static
../Core/Src/stm32f7xx_it.c:290:6:TIM1_TRG_COM_TIM11_IRQHandler	8	static
../Core/Src/stm32f7xx_it.c:304:6:TIM2_IRQHandler	8	static
../Core/Src/stm32f7xx_it.c:321:6:TIM3_IRQHandler	8	static
../Core/Src/stm32f7xx_it.c:338:6:TIM4_IRQHandler	8	static
../Core/Src/stm32f7xx_it.c:352:6:USART1_IRQHandler	8	static
../Core/Src/stm32f7xx_it.c:366:6:USART3_IRQHandler	8	static
../Core/Src/stm32f7xx_it.c:380:6:TIM8_UP_TIM13_IRQHandler	8	static
../Core/Src/stm32f7xx_it.c:398:6:TIM8_TRG_COM_TIM14_IRQHandler	8	static
../Core/Src/stm32f7xx_it.c:412:6:TIM5_IRQHandler	8	static
../Core/Src/stm32f7xx_it.c:437:6:TIM7_IRQHandler	8	static
../Core/Src/stm32f7xx_it.c:458:6:DMA2_Stream0_IRQHandler	8	static
../Core/Src/stm32f7xx_it.c:472:6:DMA2_Stream1_IRQHandler	8	static
../Core/Src/stm32f7xx_it.c:486:6:DMA2_Stream2_IRQHandler	8	static
